
Discarded input sections

 .group         0x0000000000000000        0x8 c:\temp\tmpff9v_i\27.o
 .text._ZN3m3d6proc_c13returnUnknownEv
                0x0000000000000000        0x8 c:\temp\tmpff9v_i\27.o
 .group         0x0000000000000000        0x8 c:\temp\tmpff9v_i\30.o
 .group         0x0000000000000000        0x8 c:\temp\tmpff9v_i\30.o
 .group         0x0000000000000000        0x8 c:\temp\tmpff9v_i\30.o
 .text._ZN17dStatePointless_cD1Ev
                0x0000000000000000       0x3c c:\temp\tmpff9v_i\30.o
 .text._ZN17dStatePointless_c10returnsOneEv
                0x0000000000000000        0x8 c:\temp\tmpff9v_i\30.o
 .data.rel.ro._ZTV17dStatePointless_c
                0x0000000000000000       0x10 c:\temp\tmpff9v_i\30.o
 .group         0x0000000000000000        0x8 c:\temp\tmpff9v_i\31.o
 .group         0x0000000000000000        0x8 c:\temp\tmpff9v_i\31.o
 .group         0x0000000000000000        0x8 c:\temp\tmpff9v_i\31.o
 .text._ZN17dStatePointless_cD1Ev
                0x0000000000000000       0x3c c:\temp\tmpff9v_i\31.o
 .text._ZN17dStatePointless_c10returnsOneEv
                0x0000000000000000        0x8 c:\temp\tmpff9v_i\31.o
 .data.rel.ro._ZTV17dStatePointless_c
                0x0000000000000000       0x10 c:\temp\tmpff9v_i\31.o
 .group         0x0000000000000000        0x8 c:\temp\tmpff9v_i\85.o
 .group         0x0000000000000000        0x8 c:\temp\tmpff9v_i\85.o
 .group         0x0000000000000000        0x8 c:\temp\tmpff9v_i\85.o
 .group         0x0000000000000000        0x8 c:\temp\tmpff9v_i\85.o
 .text._ZN4nw4r3snd15StrmSoundHandleD1Ev
                0x0000000000000000       0x4c c:\temp\tmpff9v_i\85.o
 .text._ZN17dStatePointless_cD1Ev
                0x0000000000000000       0x3c c:\temp\tmpff9v_i\85.o
 .text._ZN17dStatePointless_c10returnsOneEv
                0x0000000000000000        0x8 c:\temp\tmpff9v_i\85.o
 .data.rel.ro._ZTV17dStatePointless_c
                0x0000000000000000       0x10 c:\temp\tmpff9v_i\85.o
 .group         0x0000000000000000        0x8 c:\temp\tmpff9v_i\87.o
 .text._ZN3m3d6proc_c13returnUnknownEv
                0x0000000000000000        0x8 c:\temp\tmpff9v_i\87.o
 .group         0x0000000000000000        0x8 c:\temp\tmpff9v_i\108.o
 .group         0x0000000000000000        0x8 c:\temp\tmpff9v_i\108.o
 .group         0x0000000000000000        0x8 c:\temp\tmpff9v_i\108.o
 .text._ZN17dStatePointless_cD1Ev
                0x0000000000000000       0x3c c:\temp\tmpff9v_i\108.o
 .text._ZN17dStatePointless_c10returnsOneEv
                0x0000000000000000        0x8 c:\temp\tmpff9v_i\108.o
 .data.rel.ro._ZTV17dStatePointless_c
                0x0000000000000000       0x10 c:\temp\tmpff9v_i\108.o

Memory Configuration

Name             Origin             Length             Attributes
*default*        0x0000000000000000 0xffffffffffffffff

Linker script and memory map

                0x0000000080429fd8                _ZN7StageC48instanceE = 0x80429fd8
                0x0000000080429fd8                instance__7StageC4 = 0x80429fd8
                0x000000008016a9b0                mHeapAllocator_c_done = 0x8016a9b0
                0x0000000080991f30                dEventOpeningTitle_c_StateID_PressButtonExitAnimeEndWait = 0x80991f30
                0x00000000809cae50                sub_809CAE10 = 0x809cae50
                0x000000008091289c                loc_8091288C = 0x8091289c
                0x00000000802e55a4                pow = 0x802e55a4
                0x000000008154ba7b                PortalHook_1_byte = 0x8154ba7b
                0x000000008154b904                PortalHook_2_offset_2 = 0x8154b904
                0x0000000080760fe8                PortalHook_3_external_1 = 0x80760fe8
                0x000000008154b804                PortalHook_3_external_2 = 0x8154b804
                0x0000000080162b04                PortalHook_1_ret = 0x80162b04
                0x0000000080064354                PortalHook_2_ret = 0x80064354
                0x00000000800e39e8                PortalHook_3_ret = 0x800e39e8
                0x0000000080095954                PortalHook_4_ret = 0x80095954
                0x0000000080095984                PortalHook_5_ret_1 = 0x80095984
                0x0000000080095bd4                PortalHook_5_ret_2 = 0x80095bd4
                0x0000000080920360                LoadBreffKoopa = 0x80920360
                0x0000000080920354                LoadBreffKoopaJr = 0x80920354
                0x0000000080920200                returnFromBreffLoadPatch = 0x80920200
                0x000000008003a240                _Z12sub_8003A240PvS_ = 0x8003a240
                0x000000008003a240                sub_8003A240__FPvPv = 0x8003a240
                0x00000000803539e4                daEnShell_c_StateID_Sleep = 0x803539e4
                0x0000000080353a64                daEnShell_c_StateID_Slide = 0x80353a64
                0x0000000080353a64                _ZN11daEnShell_c13StateID_SlideE = 0x80353a64
                0x0000000080038670                _ZN11daEnShell_c12afterExecuteEi = 0x80038670
                0x0000000080038670                afterExecute__11daEnShell_cFi = 0x80038670
                0x0000000080038080                _ZN11daEnShell_cD1Ev = 0x80038080
                0x0000000080038080                __dt__11daEnShell_cFv = 0x80038080
                0x000000008003a010                _ZN11daEnShell_c11isOutOfViewEv = 0x8003a010
                0x000000008003a010                isOutOfView__11daEnShell_cFv = 0x8003a010
                0x000000008003a0c0                _ZN11daEnShell_c4killEv = 0x8003a0c0
                0x000000008003a0c0                kill__11daEnShell_cFv = 0x8003a0c0
                0x000000008003a010                _ZN11daEnShell_c5_vf74Ev = 0x8003a010
                0x000000008003a010                _vf74__11daEnShell_cFv = 0x8003a010
                0x000000008003ab80                _ZN11daEnShell_c12itemPickedUpEv = 0x8003ab80
                0x000000008003ab80                itemPickedUp__11daEnShell_cFv = 0x8003ab80
                0x0000000080039610                _ZN11daEnShell_c5_vf7CEv = 0x80039610
                0x0000000080039610                _vf7C__11daEnShell_cFv = 0x80039610
                0x000000008003a570                _ZN11daEnShell_c5eatInEv = 0x8003a570
                0x000000008003a570                eatIn__11daEnShell_cFv = 0x8003a570
                0x000000008003a5d0                _ZN11daEnShell_c7spitOutEPv = 0x8003a5d0
                0x000000008003a5d0                spitOut__11daEnShell_cFPv = 0x8003a5d0
                0x0000000080038800                _ZN11daEnShell_c19stageActorCollisionEP13ActivePhysicsS1_ = 0x80038800
                0x0000000080038800                stageActorCollision__11daEnShell_cFP13ActivePhysicsP13ActivePhysics = 0x80038800
                0x0000000080038830                _ZN11daEnShell_c15spriteCollisionEP13ActivePhysicsS1_ = 0x80038830
                0x0000000080038830                spriteCollision__11daEnShell_cFP13ActivePhysicsP13ActivePhysics = 0x80038830
                0x00000000800389e0                _ZN11daEnShell_c15playerCollisionEP13ActivePhysicsS1_ = 0x800389e0
                0x00000000800389e0                playerCollision__11daEnShell_cFP13ActivePhysicsP13ActivePhysics = 0x800389e0
                0x0000000080039010                _ZN11daEnShell_c14yoshiCollisionEP13ActivePhysicsS1_ = 0x80039010
                0x0000000080039010                yoshiCollision__11daEnShell_cFP13ActivePhysicsP13ActivePhysics = 0x80039010
                0x0000000080039b40                _ZN11daEnShell_c22collidedWithCatD_DrillEP13ActivePhysicsS1_ = 0x80039b40
                0x0000000080039b40                collidedWithCatD_Drill__11daEnShell_cFP13ActivePhysicsP13ActivePhysics = 0x80039b40
                0x0000000080039bf0                _ZN11daEnShell_c28collidedWithCat7_GroundPoundEP13ActivePhysicsS1_ = 0x80039bf0
                0x0000000080039bf0                collidedWithCat7_GroundPound__11daEnShell_cFP13ActivePhysicsP13ActivePhysics = 0x80039bf0
                0x0000000080039d70                _ZN11daEnShell_c33collidedWithCat7_GroundPoundYoshiEP13ActivePhysicsS1_ = 0x80039d70
                0x0000000080039d70                collidedWithCat7_GroundPoundYoshi__11daEnShell_cFP13ActivePhysicsP13ActivePhysics = 0x80039d70
                0x00000000800393a0                _ZN11daEnShell_c30collidedWithCat9_RollingObjectEP13ActivePhysicsS1_ = 0x800393a0
                0x00000000800393a0                collidedWithCat9_RollingObject__11daEnShell_cFP13ActivePhysicsP13ActivePhysics = 0x800393a0
                0x000000008003a7b0                _ZN11daEnShell_c39collidedWithCat2_Iceball_or_15_YoshiIceEP13ActivePhysicsS1_ = 0x8003a7b0
                0x000000008003a7b0                collidedWithCat2_Iceball_or_15_YoshiIce__11daEnShell_cFP13ActivePhysicsP13ActivePhysics = 0x8003a7b0
                0x000000008003be00                _ZN11daEnShell_c13dieFall_BeginEv = 0x8003be00
                0x000000008003be00                dieFall_Begin__11daEnShell_cFv = 0x8003be00
                0x000000008003be80                _ZN11daEnShell_c15dieFall_ExecuteEv = 0x8003be80
                0x000000008003be80                dieFall_Execute__11daEnShell_cFv = 0x8003be80
                0x000000008003be70                _ZN11daEnShell_c11dieFall_EndEv = 0x8003be70
                0x000000008003be70                dieFall_End__11daEnShell_cFv = 0x8003be70
                0x0000000080039680                _ZN11daEnShell_c6_vf220EPv = 0x80039680
                0x0000000080039680                _vf220__11daEnShell_cFPv = 0x80039680
                0x000000008003bff0                _ZN11daEnShell_c6_vf224Ev = 0x8003bff0
                0x000000008003bff0                _vf224__11daEnShell_cFv = 0x8003bff0
                0x000000008003a8c0                _ZN11daEnShell_c6_vf238Ev = 0x8003a8c0
                0x000000008003a8c0                _vf238__11daEnShell_cFv = 0x8003a8c0
                0x00000000800392c0                _ZN11daEnShell_c6_vf248Ei = 0x800392c0
                0x00000000800392c0                _vf248__11daEnShell_cFi = 0x800392c0
                0x00000000800392f0                _ZN11daEnShell_c24bouncePlayerWhenJumpedOnEPv = 0x800392f0
                0x00000000800392f0                bouncePlayerWhenJumpedOn__11daEnShell_cFPv = 0x800392f0
                0x0000000080039590                _ZN11daEnShell_c15addScoreWhenHitEPv = 0x80039590
                0x0000000080039590                addScoreWhenHit__11daEnShell_cFPv = 0x80039590
                0x000000008003bf80                _ZN11daEnShell_c6_vf25CEPv = 0x8003bf80
                0x000000008003bf80                _vf25C__11daEnShell_cFPv = 0x8003bf80
                0x000000008003b020                _ZN11daEnShell_c16beginState_CarryEv = 0x8003b020
                0x000000008003b020                beginState_Carry__11daEnShell_cFv = 0x8003b020
                0x000000008003b200                _ZN11daEnShell_c18executeState_CarryEv = 0x8003b200
                0x000000008003b200                executeState_Carry__11daEnShell_cFv = 0x8003b200
                0x000000008003b140                _ZN11daEnShell_c14endState_CarryEv = 0x8003b140
                0x000000008003b140                endState_Carry__11daEnShell_cFv = 0x8003b140
                0x000000008003ae40                _ZN11daEnShell_c16beginState_SleepEv = 0x8003ae40
                0x000000008003ae40                beginState_Sleep__11daEnShell_cFv = 0x8003ae40
                0x000000008003aee0                _ZN11daEnShell_c18executeState_SleepEv = 0x8003aee0
                0x000000008003aee0                executeState_Sleep__11daEnShell_cFv = 0x8003aee0
                0x000000008003aeb0                _ZN11daEnShell_c14endState_SleepEv = 0x8003aeb0
                0x000000008003aeb0                endState_Sleep__11daEnShell_cFv = 0x8003aeb0
                0x000000008003b3e0                _ZN11daEnShell_c16beginState_SlideEv = 0x8003b3e0
                0x000000008003b3e0                beginState_Slide__11daEnShell_cFv = 0x8003b3e0
                0x000000008003b830                _ZN11daEnShell_c18executeState_SlideEv = 0x8003b830
                0x000000008003b830                executeState_Slide__11daEnShell_cFv = 0x8003b830
                0x000000008003b6f0                _ZN11daEnShell_c14endState_SlideEv = 0x8003b6f0
                0x000000008003b6f0                endState_Slide__11daEnShell_cFv = 0x8003b6f0
                0x000000008003bb40                _ZN11daEnShell_c17beginState_WakeupEv = 0x8003bb40
                0x000000008003bb40                beginState_Wakeup__11daEnShell_cFv = 0x8003bb40
                0x000000008003bbb0                _ZN11daEnShell_c19executeState_WakeupEv = 0x8003bbb0
                0x000000008003bbb0                executeState_Wakeup__11daEnShell_cFv = 0x8003bbb0
                0x000000008003bba0                _ZN11daEnShell_c15endState_WakeupEv = 0x8003bba0
                0x000000008003bba0                endState_Wakeup__11daEnShell_cFv = 0x8003bba0
                0x000000008003bd30                _ZN11daEnShell_c24beginState_WakeupReverseEv = 0x8003bd30
                0x000000008003bd30                beginState_WakeupReverse__11daEnShell_cFv = 0x8003bd30
                0x000000008003bd60                _ZN11daEnShell_c26executeState_WakeupReverseEv = 0x8003bd60
                0x000000008003bd60                executeState_WakeupReverse__11daEnShell_cFv = 0x8003bd60
                0x000000008003bd50                _ZN11daEnShell_c22endState_WakeupReverseEv = 0x8003bd50
                0x000000008003bd50                endState_WakeupReverse__11daEnShell_cFv = 0x8003bd50
                0x000000008003bc30                _ZN11daEnShell_c21beginState_WakeupTurnEv = 0x8003bc30
                0x000000008003bc30                beginState_WakeupTurn__11daEnShell_cFv = 0x8003bc30
                0x000000008003bc80                _ZN11daEnShell_c23executeState_WakeupTurnEv = 0x8003bc80
                0x000000008003bc80                executeState_WakeupTurn__11daEnShell_cFv = 0x8003bc80
                0x000000008003bc70                _ZN11daEnShell_c19endState_WakeupTurnEv = 0x8003bc70
                0x000000008003bc70                endState_WakeupTurn__11daEnShell_cFv = 0x8003bc70
                0x0000000080039690                _ZN11daEnShell_c6_vf2C8Ev = 0x80039690
                0x0000000080039690                _vf2C8__11daEnShell_cFv = 0x80039690
                0x000000008003aa60                _ZN11daEnShell_c6_vf2CCEv = 0x8003aa60
                0x000000008003aa60                _vf2CC__11daEnShell_cFv = 0x8003aa60
                0x00000000800389d0                _ZN11daEnShell_c24relatedToSpriteCollisionEv = 0x800389d0
                0x00000000800389d0                relatedToSpriteCollision__11daEnShell_cFv = 0x800389d0
                0x0000000080039000                _ZN11daEnShell_c6_vf2D4Ev = 0x80039000
                0x0000000080039000                _vf2D4__11daEnShell_cFv = 0x80039000
                0x00000000800392b0                _ZN11daEnShell_c12isNotSlidingEv = 0x800392b0
                0x00000000800392b0                isNotSliding__11daEnShell_cFv = 0x800392b0
                0x0000000080038ff0                _ZN11daEnShell_c31relatedToYoshiOrPlayerCollisionEv = 0x80038ff0
                0x0000000080038ff0                relatedToYoshiOrPlayerCollision__11daEnShell_cFv = 0x80038ff0
                0x000000008003bd20                _ZN11daEnShell_c6_vf2E0Ev = 0x8003bd20
                0x000000008003bd20                _vf2E0__11daEnShell_cFv = 0x8003bd20
                0x000000008003bd10                _ZN11daEnShell_c12turnSlightlyEv = 0x8003bd10
                0x000000008003bd10                turnSlightly__11daEnShell_cFv = 0x8003bd10
                0x000000008003a410                _ZN11daEnShell_c6_vf2E8Ev = 0x8003a410
                0x000000008003a410                _vf2E8__11daEnShell_cFv = 0x8003a410
                0x0000000080039790                _ZN11daEnShell_c18spawnKickHitEffectEv = 0x80039790
                0x0000000080039790                spawnKickHitEffect__11daEnShell_cFv = 0x80039790
                0x000000008003be60                _ZN11daEnShell_c6_vf2F0Ev = 0x8003be60
                0x000000008003be60                _vf2F0__11daEnShell_cFv = 0x8003be60
                0x0000000080038660                _ZN11daEnShell_c6_vf2F4Ev = 0x80038660
                0x0000000080038660                _vf2F4__11daEnShell_cFv = 0x80038660
                0x000000008003bb30                _ZN11daEnShell_c15spawnTailEffectEv = 0x8003bb30
                0x000000008003bb30                spawnTailEffect__11daEnShell_cFv = 0x8003bb30
                0x000000008003a210                _ZN11daEnShell_c6_vf2FCEv = 0x8003a210
                0x000000008003a210                _vf2FC__11daEnShell_cFv = 0x8003a210
                0x000000008003a3a0                _ZN11daEnShell_c11rotateShellEv = 0x8003a3a0
                0x000000008003a3a0                rotateShell__11daEnShell_cFv = 0x8003a3a0
                0x0000000080038be8                loc_80038BE8 = 0x80038be8
                0x0000000080376e88                Yoshi_EatNoneState = 0x80376e88
                0x000000008014ed00                daYoshi_c_sub_8014EE40 = 0x8014ed00
                0x000000008014e660                _ZN9daYoshi_c23endState_HipAttack_origEv = 0x8014e660
                0x000000008014e660                endState_HipAttack_orig__9daYoshi_cFv = 0x8014e660
                0x0000000080046bb0                _ZN9daYoshi_c14onExecute_origEv = 0x80046bb0
                0x0000000080046bb0                onExecute_orig__9daYoshi_cFv = 0x80046bb0
                0x000000008014f840                _ZN9daYoshi_c9doSwallowEv = 0x8014f840
                0x000000008014f840                doSwallow__9daYoshi_cFv = 0x8014f840
                0x000000008014f86c                doThisStupidAnimationYouAsshole = 0x8014f86c
                0x000000008042a328                _ZN14dGameDisplay_c8instanceE = 0x8042a328
                0x000000008042a328                instance__14dGameDisplay_c = 0x8042a328
                0x0000000080157a30                _ZN14dGameDisplay_c13onCreate_origEv = 0x80157a30
                0x0000000080157a30                onCreate_orig__14dGameDisplay_cFv = 0x80157a30
                0x0000000080157f90                _ZN14dGameDisplay_c14onExecute_origEv = 0x80157f90
                0x0000000080157f90                onExecute_orig__14dGameDisplay_cFv = 0x80157f90
                0x0000000080049544                hipAttackStage4 = 0x80049544
                0x0000000080054b4c                ContinueFromFlyingYoshi = 0x80054b4c
                0x00000000809129c0                _Z18daYoshiFire_c_vf8CP13dStageActor_cS0_ = 0x809129c0
                0x00000000809129c0                daYoshiFire_c_vf8C__FP13dStageActor_cP13dStageActor_c = 0x809129c0
                0x000000008005e500                _ZN14dPlayerInput_c11getHeldDownE = 0x8005e500
                0x000000008005e500                getHeldDown__14dPlayerInput_c = 0x8005e500
                0x000000008005e4f0                _ZN14dPlayerInput_c9getHeldUpE = 0x8005e4f0
                0x000000008005e4f0                getHeldUp__14dPlayerInput_c = 0x8005e4f0
                0x000000008005e4f0                _ZN14dPlayerInput_c9getHeldUpEv = 0x8005e4f0
                0x000000008005e300                _ZN14dPlayerInput_c17detectGroundPoundE = 0x8005e300
                0x000000008005e300                detectGroundPound__14dPlayerInput_c = 0x8005e300
                0x000000008005e300                _ZN14dPlayerInput_c17detectGroundPoundEv = 0x8005e300
                0x000000008005e580                _ZN14dPlayerInput_c10getHeldTwoE = 0x8005e580
                0x000000008005e580                getHeldTwo__14dPlayerInput_c = 0x8005e580
                0x000000008005e580                _ZN14dPlayerInput_c10getHeldTwoEv = 0x8005e580
                0x000000008023b360                _ZNK4nw4r3g3d6ResMdl20GetResNodeNumEntriesEv = 0x8023b360
                0x000000008023b360                GetResNodeNumEntries__Q34nw4r3g3d6ResMdlCFv = 0x8023b360
                0x00000000801d5540                MEMAllocFromAllocator = 0x801d5540
                0x000000008034e690                _ZTVN4nw4r3g3d9AnmObjChrE = 0x8034e690
                0x000000008034e690                __vt__Q34nw4r3g3d9AnmObjChr = 0x8034e690
                0x000000008034e588                _ZTVN4nw4r3g3d12AnmObjChrResE = 0x8034e588
                0x000000008034e588                __vt__Q34nw4r3g3d12AnmObjChrRes = 0x8034e588
                0x0000000080241690                _ZNK4nw4r3g3d9ResAnmChr12GetAnmResultEPNS0_12ChrAnmResultEmf = 0x80241690
                0x0000000080241690                GetAnmResult__Q34nw4r3g3d9ResAnmChrCFPQ34nw4r3g3d12ChrAnmResultUlf = 0x80241690
                0x00000000800d5dd0                StartAnimOrig = 0x800d5dd0
                0x000000008014b920                YoshiStateOrig = 0x8014b920
                0x0000000080234a80                _ZN4nw4r2db17Exception_Printf_EPKcz = 0x80234a80
                0x0000000080234a80                Exception_Printf___Q24nw4r2dbFPCce = 0x80234a80
                0x0000000080839b14                ContinueFromFuckLineLiftActivation = 0x80839b14
                0x0000000080998d30                GabonRock_DropOutState = 0x80998d30
                0x0000000080998cf0                GabonRock_CrushState = 0x80998cf0
                0x000000008001ded0                forceHCGROPushBack = 0x8001ded0
                0x000000008001dec8                continueFromHCGRO = 0x8001dec8
                0x000000008042792e                DanceValues_AnimSpeed = 0x8042792e
                0x0000000080429d69                DanceValues_DummyBlockAndGrass = 0x80429d69
                0x0000000080429d6a                DanceValues_Bahps = 0x80429d6a
                0x0000000080429d6b                DanceValues_CreditsControl = 0x80429d6b
                0x000000008042a21f                CreditsModeActive = 0x8042a21f
                0x00000000800d90c0                GetRail = 0x800d90c0
                0x000000008042a008                _ZN7Stage808instanceE = 0x8042a008
                0x000000008042a008                instance__7Stage80 = 0x8042a008
                0x0000000080060254                continueAddToCoinCount = 0x80060254
                0x00000000800b3544                continueAddToScore = 0x800b3544
                0x00000000800b5180                StaffCreditsAddCoin = 0x800b5180
                0x00000000802bc3c4                ContinueFromEFBMagic2 = 0x802bc3c4
                0x0000000080ab6de0                TogeTekkyuIceballCollision = 0x80ab6de0
                0x000000008042a4a8                _8042A788 = 0x8042a4a8
                0x000000008019c250                sub_8019C390 = 0x8019c250
                0x0000000080b8c390                _ZN24daEnBossKoopaDemoPeach_c12StateID_WaitE = 0x80b8c390
                0x0000000080b8c390                StateID_Wait__24daEnBossKoopaDemoPeach_c = 0x80b8c390
                0x0000000080b8c3d0                _ZN24daEnBossKoopaDemoPeach_c12StateID_CallE = 0x80b8c3d0
                0x0000000080b8c3d0                StateID_Call__24daEnBossKoopaDemoPeach_c = 0x80b8c3d0
                0x0000000080b8c410                _ZN24daEnBossKoopaDemoPeach_c12StateID_TurnE = 0x80b8c410
                0x0000000080b8c410                StateID_Turn__24daEnBossKoopaDemoPeach_c = 0x80b8c410
                0x0000000080b8c450                _ZN24daEnBossKoopaDemoPeach_c12StateID_OpenE = 0x80b8c450
                0x0000000080b8c450                StateID_Open__24daEnBossKoopaDemoPeach_c = 0x80b8c450
                0x0000000080b8c490                _ZN24daEnBossKoopaDemoPeach_c14StateID_RescueE = 0x80b8c490
                0x0000000080b8c490                StateID_Rescue__24daEnBossKoopaDemoPeach_c = 0x80b8c490
                0x0000000080b8c4d0                _ZN24daEnBossKoopaDemoPeach_c13StateID_ThankE = 0x80b8c4d0
                0x0000000080b8c4d0                StateID_Thank__24daEnBossKoopaDemoPeach_c = 0x80b8c4d0
                0x0000000080301504                _ZTV12daBossDemo_c = 0x80301504
                0x0000000080301504                __vt__12daBossDemo_c = 0x80301504
                0x000000008001ccb0                _ZN12daBossDemo_c9onExecuteEv = 0x8001ccb0
                0x000000008001ccb0                onExecute__12daBossDemo_cFv = 0x8001ccb0
                0x000000008001ccf0                _ZN12daBossDemo_c6onDrawEv = 0x8001ccf0
                0x000000008001ccf0                onDraw__12daBossDemo_cFv = 0x8001ccf0
                0x000000008001cd00                _ZN12daBossDemo_c13willBeDeletedEv = 0x8001cd00
                0x000000008001cd00                willBeDeleted__12daBossDemo_cFv = 0x8001cd00
                0x000000008001cd10                _ZN12daBossDemo_c8onDeleteEv = 0x8001cd10
                0x000000008001cd10                onDelete__12daBossDemo_cFv = 0x8001cd10
                0x000000008001d190                _ZN12daBossDemo_c21endState_BattleEdDemoEv = 0x8001d190
                0x000000008001d190                endState_BattleEdDemo__12daBossDemo_cFv = 0x8001d190
                0x000000008001d1a0                _ZN12daBossDemo_c25executeState_BattleEdDemoEv = 0x8001d1a0
                0x000000008001d1a0                executeState_BattleEdDemo__12daBossDemo_cFv = 0x8001d1a0
                0x000000008001d180                _ZN12daBossDemo_c23beginState_BattleEdDemoEv = 0x8001d180
                0x000000008001d180                beginState_BattleEdDemo__12daBossDemo_cFv = 0x8001d180
                0x000000008001d100                _ZN12daBossDemo_c17endState_BattleInEv = 0x8001d100
                0x000000008001d100                endState_BattleIn__12daBossDemo_cFv = 0x8001d100
                0x000000008001d110                _ZN12daBossDemo_c21executeState_BattleInEv = 0x8001d110
                0x000000008001d110                executeState_BattleIn__12daBossDemo_cFv = 0x8001d110
                0x000000008001d090                _ZN12daBossDemo_c19beginState_BattleInEv = 0x8001d090
                0x000000008001d090                beginState_BattleIn__12daBossDemo_cFv = 0x8001d090
                0x000000008001d070                _ZN12daBossDemo_c21endState_BattleStDemoEv = 0x8001d070
                0x000000008001d070                endState_BattleStDemo__12daBossDemo_cFv = 0x8001d070
                0x000000008001d080                _ZN12daBossDemo_c25executeState_BattleStDemoEv = 0x8001d080
                0x000000008001d080                executeState_BattleStDemo__12daBossDemo_cFv = 0x8001d080
                0x000000008001d060                _ZN12daBossDemo_c23beginState_BattleStDemoEv = 0x8001d060
                0x000000008001d060                beginState_BattleStDemo__12daBossDemo_cFv = 0x8001d060
                0x000000008001cf60                _ZN12daBossDemo_c14endState_ReadyEv = 0x8001cf60
                0x000000008001cf60                endState_Ready__12daBossDemo_cFv = 0x8001cf60
                0x000000008001cf70                _ZN12daBossDemo_c18executeState_ReadyEv = 0x8001cf70
                0x000000008001cf70                executeState_Ready__12daBossDemo_cFv = 0x8001cf70
                0x000000008001cf50                _ZN12daBossDemo_c16beginState_ReadyEv = 0x8001cf50
                0x000000008001cf50                beginState_Ready__12daBossDemo_cFv = 0x8001cf50
                0x000000008001ce00                _ZN12daBossDemo_c9beatLevelEv = 0x8001ce00
                0x000000008001ce00                beatLevel__12daBossDemo_cFv = 0x8001ce00
                0x000000008001ce40                _ZN12daBossDemo_c9exitLevelEv = 0x8001ce40
                0x000000008001ce40                exitLevel__12daBossDemo_cFv = 0x8001ce40
                0x0000000080429d88                _ZN19BalloonRelatedClass8instanceE = 0x80429d88
                0x0000000080429d88                instance__19BalloonRelatedClass = 0x80429d88
                0x00000000802f1350                PlayerAnimStates = 0x802f1350
                0x000000008011a6f0                ContinueFromFixFireballSensorSetup = 0x8011a6f0
                0x00000000800b37e0                _Z21GetPosForLayoutEffectP4VEC3b = 0x800b37e0
                0x00000000800b37e0                GetPosForLayoutEffect__FP4VEC3b = 0x800b37e0
                0x0000000080a123ec                ContinueFromJustOneBomb = 0x80a123ec
                0x000000008015f4f0                _Z14SmoothRotationPsss = 0x8015f4f0
                0x000000008015f4f0                SmoothRotation__FPsss = 0x8015f4f0
                0x000000008081f430                KazanRock_OriginalCollisionCallback = 0x8081f430
                0x000000008081f1a0                KazanRock_Explode = 0x8081f1a0
                0x000000008005fb90                _Z16GetPlayerOrYoshii = 0x8005fb90
                0x000000008005fb90                GetPlayerOrYoshi__Fi = 0x8005fb90
                0x000000008005fb90                _ZN10daPlBase_c8findByIDEi = 0x8005fb90
                0x000000008005fb90                findByID__10daPlBase_cFi = 0x8005fb90
                0x000000008005f900                _ZN7dAcPy_c8findByIDEi = 0x8005f900
                0x000000008005f900                findByID__7dAcPy_cFi = 0x8005f900
                0x0000000080051f30                _ZN10daPlBase_c25justFaceSpecificDirectionEi = 0x80051f30
                0x0000000080051f30                justFaceSpecificDirection__10daPlBase_cFi = 0x80051f30
                0x0000000080052080                _ZN10daPlBase_c15moveInDirectionEPfS0_ = 0x80052080
                0x0000000080052080                moveInDirection__10daPlBase_cFPfPf = 0x80052080
                0x0000000080139950                _ZN7dAcPy_c8getYoshiEv = 0x80139950
                0x0000000080139950                getYoshi__7dAcPy_cFv = 0x80139950
                0x0000000080052170                _ZN10daPlBase_c22setAnimePlayWithAnimIDEi = 0x80052170
                0x0000000080052170                setAnimePlayWithAnimID__10daPlBase_cFi = 0x80052170
                0x0000000080052290                _ZN10daPlBase_c24setAnimePlayStandardTypeEi = 0x80052290
                0x0000000080052290                setAnimePlayStandardType__10daPlBase_cFi = 0x80052290
                0x000000008005e3b0                _ZN14dPlayerInput_c7setFlagENS_5FlagsE = 0x8005e3b0
                0x000000008005e3b0                setFlag__14dPlayerInput_cFQ214dPlayerInput_c5Flags = 0x8005e3b0
                0x000000008005e910                _ZN14dPlayerInput_c25setPermanentForcedButtonsEj = 0x8005e910
                0x000000008005e910                setPermanentForcedButtons__14dPlayerInput_cFUi = 0x8005e910
                0x000000008005e960                _ZN14dPlayerInput_c25setTransientForcedButtonsEj = 0x8005e960
                0x000000008005e960                setTransientForcedButtons__14dPlayerInput_cFUi = 0x8005e960
                0x000000008005e930                _ZN14dPlayerInput_c27unsetPermanentForcedButtonsEj = 0x8005e930
                0x000000008005e930                unsetPermanentForcedButtons__14dPlayerInput_cFUi = 0x8005e930
                0x0000000080056c70                _ZN10daPlBase_c7setFlagEi = 0x80056c70
                0x0000000080056c70                setFlag__10daPlBase_cFi = 0x80056c70
                0x0000000080056cb0                _ZN10daPlBase_c9clearFlagEi = 0x80056cb0
                0x0000000080056cb0                clearFlag__10daPlBase_cFi = 0x80056cb0
                0x0000000080056cf0                _ZN10daPlBase_c8testFlagEi = 0x80056cf0
                0x0000000080056cf0                testFlag__10daPlBase_cFi = 0x80056cf0
                0x0000000080052030                _ZN10daPlBase_c27isReadyForDemoControlActionEv = 0x80052030
                0x0000000080052030                isReadyForDemoControlAction__10daPlBase_cFv = 0x80052030
                0x000000008042a100                _ZN15dWaterManager_c8instanceE = 0x8042a100
                0x000000008042a100                instance__15dWaterManager_c = 0x8042a100
                0x00000000800eb930                _ZN15dWaterManager_c13queryPositionEP4VEC2S1_PfPsi = 0x800eb930
                0x00000000800eb930                queryPosition__15dWaterManager_cFP4VEC2P4VEC2PfPsi = 0x800eb930
                0x00000000800a0c70                OriginalPowBlockActivated = 0x800a0c70
                0x0000000080002eee                isReplayEnabled = 0x80002eee
                0x00000000800b44d0                UpdateSelectCursor = 0x800b44d0
                0x000000008010c780                HideSelectCursor = 0x8010c780
                0x000000008042a2c8                SelectCursorPointer = 0x8042a2c8
                0x00000000807afba0                _ZN12dStockItem_c25getIconPictureIDforPlayerEi = 0x807afba0
                0x00000000807afba0                getIconPictureIDforPlayer__12dStockItem_cFi = 0x807afba0
                0x00000000800b32e0                _Z15CrapUpPositionsP4VEC3PKS_ = 0x800b32e0
                0x00000000800b32e0                CrapUpPositions__FP4VEC3PC4VEC3 = 0x800b32e0
                0x00000000800fc914                ContinueFromCalcPowerupResult = 0x800fc914
                0x00000000800fc8dc                ContinueFromFixCalcPowerupResultForMushroom = 0x800fc8dc
                0x00000000807af9b8                ContinueFromSILayoutExtraStuffs = 0x807af9b8
                0x00000000807b0b4c                ContinueFromResetHammerAnimOnOpen = 0x807b0b4c
                0x00000000807af850                ContinueFromHideItemsByDefault = 0x807af850
                0x00000000807b0854                MakeSFISound = 0x807b0854
                0x00000000807b08b0                ContinueFromSIAddSound = 0x807b08b0
                0x00000000807b0d14                ChosenStartChoice = 0x807b0d14
                0x00000000807b2270                ContinueFromSISLayoutExtraStuffs = 0x807b2270
                0x00000000807b2538                ContinueFromUpdateSIS = 0x807b2538
                0x000000008042a310                EnemyBounceValue = 0x8042a310
                0x0000000080162d00                _ZN7fBase_c6searchEj = 0x80162d00
                0x0000000080162d00                search__7fBase_cFUi = 0x80162d00
                0x0000000080162d50                _ZN7fBase_c6searchE6ActorsPS_ = 0x80162d50
                0x0000000080162d50                search__7fBase_cF6ActorsP7fBase_c = 0x80162d50
                0x0000000080162db0                _ZN7fBase_c16searchByBaseTypeEiPS_ = 0x80162db0
                0x0000000080162db0                searchByBaseType__7fBase_cFiP7fBase_c = 0x80162db0
                0x00000000800bb2e0                AddStockPowerup = 0x800bb2e0
                0x00000000808aafe0                continueFromStrongBox2 = 0x808aafe0
                0x00000000808aa4e8                continueFromStrongBox = 0x808aa4e8
                0x000000008042a4a8                _8042A788 = 0x8042a4a8
                0x000000008019c250                _Z11playFanfarePvi = 0x8019c250
                0x000000008019c250                playFanfare__FPvi = 0x8019c250
                0x000000008019c9f0                _Z19somethingAboutSoundPv = 0x8019c9f0
                0x000000008019c9f0                somethingAboutSound__FPv = 0x8019c9f0
                0x0000000080262e90                AxVoice_SetADPCM = 0x80262e90
                0x0000000080281950                Voice_SetADPCMLoop = 0x80281950
                0x000000008027a200                _ZN4nw4r3snd11SoundHandle11DetachSoundEv = 0x8027a200
                0x000000008027a200                DetachSound__Q34nw4r3snd11SoundHandleFv = 0x8027a200
                0x0000000080266440                _ZN4nw4r3snd6detail10BasicSound5PauseEbi = 0x80266440
                0x0000000080266440                Pause__Q44nw4r3snd6detail10BasicSoundFbi = 0x80266440
                0x0000000080266250                _ZN4nw4r3snd6detail10BasicSound4StopEi = 0x80266250
                0x0000000080266250                Stop__Q44nw4r3snd6detail10BasicSoundFi = 0x80266250
                0x00000000802674b0                _ZN4nw4r3snd6detail10BasicSound8SetPitchEf = 0x802674b0
                0x00000000802674b0                SetPitch__Q44nw4r3snd6detail10BasicSoundFf = 0x802674b0
                0x0000000080267420                _ZN4nw4r3snd6detail10BasicSound9SetVolumeEfi = 0x80267420
                0x0000000080267420                SetVolume__Q44nw4r3snd6detail10BasicSoundFfi = 0x80267420
                0x000000008027f890                StrmSound_SetTrackVolume = 0x8027f890
                0x000000008042a1b0                DontShowPreGame = 0x8042a1b0
                0x0000000080373d60                RESTART_CRSIN_LevelStartStruct = 0x80373d60
                0x00000000800ca574                DrawTheFuckingHat = 0x800ca574
                0x00000000800ca5a8                DontDrawTheFuckingHat = 0x800ca5a8
                0x000000008004e050                continueFromMpPauseFix1 = 0x8004e050
                0x0000000080141460                continueFromMpPauseFix2 = 0x80141460
                0x0000000080141164                continueFromMpPauseFix3 = 0x80141164
                0x00000000800fc9c0                CheckIfSinglePlayer = 0x800fc9c0
                0x00000000800e587c                TextWriterCrapContinue = 0x800e587c
                0x0000000080926b20                _Z23StockWMInit_LoadEffectsPv = 0x80926b20
                0x0000000080926b20                StockWMInit_LoadEffects__FPv = 0x80926b20
                0x0000000080093520                _Z19CleanUpEffectThingsv = 0x80093520
                0x0000000080093520                CleanUpEffectThings__Fv = 0x80093520
                0x00000000800934d0                _Z11FreeEffectsi = 0x800934d0
                0x00000000800934d0                FreeEffects__Fi = 0x800934d0
                0x0000000080093170                _Z9FreeBreffi = 0x80093170
                0x0000000080093170                FreeBreff__Fi = 0x80093170
                0x00000000800931b0                _Z9FreeBrefti = 0x800931b0
                0x00000000800931b0                FreeBreft__Fi = 0x800931b0
                0x0000000080092e30                _ZN18BGGMEffectRendererD1Ev = 0x80092e30
                0x0000000080092e30                __dt__18BGGMEffectRendererFv = 0x80092e30
                0x0000000080311608                _ZTV18BGGMEffectRenderer = 0x80311608
                0x0000000080311608                __vt__18BGGMEffectRenderer = 0x80311608
                0x00000000802dc9a0                __construct_array = 0x802dc9a0
                0x00000000800cdc60                _Z6GetBMGv = 0x800cdc60
                0x00000000800cdc60                GetBMG__Fv = 0x800cdc60
                0x00000000802d7860                _ZNK3EGG6MsgRes22findStringForMessageIDEii = 0x802d7860
                0x00000000802d7860                findStringForMessageID__Q23EGG6MsgResCFii = 0x802d7860
                0x00000000800c9a60                _Z17WriteBMGToTextBoxPN4nw4r3lyt7TextBoxEPN7dScript5Res_cEiiiz = 0x800c9a60
                0x00000000800c9a60                WriteBMGToTextBox__FPQ34nw4r3lyt7TextBoxPQ27dScript5Res_ciiie = 0x800c9a60
                0x00000000800c9e80                _Z26WriteParsedStringToTextBoxPN4nw4r3lyt7TextBoxEPKwiPA1_13__va_list_tagPN7dScript5Res_cE = 0x800c9e80
                0x00000000800c9b00                _Z23CheckForUSD1ShadowEntryPN4nw4r3lyt7TextBoxE = 0x800c9b00
                0x00000000800c9b00                CheckForUSD1ShadowEntry__FPQ34nw4r3lyt7TextBox = 0x800c9b00
                0x00000000802ac460                _ZNK4nw4r3lyt4Pane17GetExtUserDataNumEv = 0x802ac460
                0x00000000802ac460                GetExtUserDataNum__Q34nw4r3lyt4PaneCFv = 0x802ac460
                0x00000000801643b0                m2d__Anm_c__Load = 0x801643b0
                0x0000000080163e60                m2d__AnmResHandler_c__Load = 0x80163e60
                0x00000000801446e0                RealAcPyDtor = 0x801446e0
                0x00000000808c5510                RealWm2dPlayerDtor = 0x808c5510
                0x000000008014b580                RealYoshiDtor = 0x8014b580
                0x00000000800b3be0                InsertIntIntoTextBox1 = 0x800b3be0
                0x00000000800b3b60                _Z20WriteNumberToTextBoxPiPKiPN4nw4r3lyt7TextBoxEb = 0x800b3b60
                0x00000000800b3b60                WriteNumberToTextBox__FPiPCiPQ34nw4r3lyt7TextBoxb = 0x800b3b60
                0x00000000800b3be0                _Z20WriteNumberToTextBoxPiPN4nw4r3lyt7TextBoxEb = 0x800b3be0
                0x00000000800b3be0                WriteNumberToTextBox__FPiPQ34nw4r3lyt7TextBoxb = 0x800b3be0
                0x0000000080810490                _ZN20daJrClownForPlayer_cC1Ev = 0x80810490
                0x0000000080810490                __ct__20daJrClownForPlayer_cFv = 0x80810490
                0x0000000080810550                _ZN20daJrClownForPlayer_cD1Ev = 0x80810550
                0x0000000080810550                __dt__20daJrClownForPlayer_cFv = 0x80810550
                0x00000000800a3600                PClownCarExecute = 0x800a3600
                0x00000000800951d0                PClownCarAfterCreate = 0x800951d0
                0x0000000080810ba0                PClownCarDraw = 0x80810ba0
                0x0000000080811e80                PClownCarMove = 0x80811e80
                0x0000000080812114                ContinueFromClownCarDetectAdjacent = 0x80812114
                0x000000008042e2d0                sAllocatorFunc__FrmHeap = 0x8042e2d0
                0x000000008005ffb0                GetActivePlayerCount = 0x8005ffb0
                0x000000008005ffb0                GetCountofActivePlayers = 0x8005ffb0
                0x000000008005fef0                GetActiveLivingPlayerCount = 0x8005fef0
                0x0000000080082240                _ZN19ClassWithCameraInfo22getEffectiveScreenLeftEv = 0x80082240
                0x0000000080082240                getEffectiveScreenLeft__19ClassWithCameraInfoFv = 0x80082240
                0x0000000080429e00                _ZN19ClassWithCameraInfo8instanceE = 0x80429e00
                0x0000000080429e00                instance__19ClassWithCameraInfo = 0x80429e00
                0x000000008005b5d0                BowserExitDemoState = 0x8005b5d0
                0x00000000807cce20                MagicEnd = 0x807cce20
                0x0000000080804690                KeyLoopSet = 0x80804690
                0x00000000809b2900                BigHanaPlayer = 0x809b2900
                0x00000000809b2b10                BigHanaYoshi = 0x809b2b10
                0x00000000809b2dc0                BigHanaWeirdGP = 0x809b2dc0
                0x00000000809b2d30                BigHanaGroundPound = 0x809b2d30
                0x00000000809b3a90                BigHanaFireball = 0x809b3a90
                0x00000000809b3a60                BigHanaIceball = 0x809b3a60
                0x00000000801460f0                dAcPy_vf3F4 = 0x801460f0
                0x00000000801461d0                dAcPy_vf3F8 = 0x801461d0
                0x00000000801468d0                dAcPy_vf3FC = 0x801468d0
                0x0000000080047390                dAcPy_vf294 = 0x80047390
                0x00000000809ddbc0                Cloud_death_execute = 0x809ddbc0
                0x00000000809dfd80                Cloud_execute = 0x809dfd80
                0x000000008042a368                GlobalTickCount = 0x8042a368
                0x000000008005f900                GetSpecificPlayerActor = 0x8005f900
                0x0000000080162d00                Actor_SearchByID = 0x80162d00
                0x0000000080429cfa                TimeStopFlag = 0x80429cfa
                0x00000000800e39c8                TimerBranch = 0x800e39c8
                0x000000008042b864                MarioDescentRate = 0x8042b864
                0x00000000802f561c                MarioJumpArc = 0x802f561c
                0x000000008042b848                MarioJumpMax = 0x8042b848
                0x00000000802f5664                MiniMarioJumpArc = 0x802f5664
                0x000000008042b874                MarioSize = 0x8042b874
                0x0000000080064540                AlwaysDrawFlag = 0x80064540
                0x0000000080064544                AlwaysDrawBranch = 0x80064544
                0x00000000800b2ee0                GenerateRandomNumber = 0x800b2ee0
                0x00000000800ce8c0                OneofManySoundPlayers = 0x800ce8c0
                0x0000000080b12ac8                BombSleepState = 0x80b12ac8
                0x00000000800a0b08                NoFreezie = 0x800a0b08
                0x000000008042a070                GameTimer = 0x8042a070
                0x0000000080d25c38                GameTimerB = 0x80d25c38
                0x00000000800e1e60                _Z13DoSceneChangetjj = 0x800e1e60
                0x00000000800e1e60                DoSceneChange__FUsUiUi = 0x800e1e60
                0x0000000080237ba0                _ZN4nw4r4math6FrSqrtEf = 0x80237ba0
                0x0000000080237ba0                FrSqrt__Q24nw4r4mathFf = 0x80237ba0
                0x0000000080237bd0                _ZN4nw4r4math7SinFIdxEf = 0x80237bd0
                0x0000000080237bd0                SinFIdx__Q24nw4r4mathFf = 0x80237bd0
                0x0000000080237c40                _ZN4nw4r4math7CosFIdxEf = 0x80237c40
                0x0000000080237c40                CosFIdx__Q24nw4r4mathFf = 0x80237c40
                0x0000000080237ca0                _ZN4nw4r4math10SinCosFIdxEPfS1_f = 0x80237ca0
                0x0000000080237ca0                SinCosFIdx__Q24nw4r4mathFPfPff = 0x80237ca0
                0x000000008042a44c                _ZN5mHeap11archiveHeapE = 0x8042a44c
                0x000000008042a44c                archiveHeap__5mHeap = 0x8042a44c
                0x000000008042a450                _ZN5mHeap11commandHeapE = 0x8042a450
                0x000000008042a450                commandHeap__5mHeap = 0x8042a450
                0x000000008042a454                _ZN5mHeap10dylinkHeapE = 0x8042a454
                0x000000008042a454                dylinkHeap__5mHeap = 0x8042a454
                0x000000008042a458                _ZN5mHeap10assertHeapE = 0x8042a458
                0x000000008042a458                assertHeap__5mHeap = 0x8042a458
                0x0000000080377c48                _ZN5mHeap9gameHeapsE = 0x80377c48
                0x0000000080377c48                gameHeaps__5mHeap = 0x80377c48
                0x00000000800db180                _ZN18StandOnTopCollider4initEP13dStageActor_cfffffshP4VEC2 = 0x800db180
                0x00000000800db180                init__18StandOnTopColliderFP13dStageActor_cfffffsUcP4VEC2 = 0x800db180
                0x00000000800db130                _ZN18StandOnTopColliderC1Ev = 0x800db130
                0x00000000800db130                __ct__18StandOnTopColliderFv = 0x800db130
                0x0000000080044400                _ZN18StandOnTopColliderD1Ev = 0x80044400
                0x0000000080044400                __dt__18StandOnTopColliderFv = 0x80044400
                0x00000000800db2f0                _ZN18StandOnTopCollider6updateEv = 0x800db2f0
                0x00000000800dae00                _ZN13BasicColliderD1Ev = 0x800dae00
                0x00000000800dae00                __dt__13BasicColliderFv = 0x800dae00
                0x000000008042a01c                _ZN13BasicCollider14globalListHeadE = 0x8042a01c
                0x000000008042a01c                globalListHead__13BasicCollider = 0x8042a01c
                0x00000000800dae80                _ZN13BasicCollider9addToListEv = 0x800dae80
                0x00000000800dae80                addToList__13BasicColliderFv = 0x800dae80
                0x00000000800db450                _ZN21RideableActorColliderC1Ev = 0x800db450
                0x00000000800db450                __ct__21RideableActorColliderFv = 0x800db450
                0x00000000800db4a0                _ZN21RideableActorCollider4initEP13dStageActor_cP4VEC2S3_ = 0x800db4a0
                0x00000000800db4a0                init__21RideableActorColliderFP13dStageActor_cP4VEC2P4VEC2 = 0x800db4a0
                0x00000000800db530                _ZN21RideableActorCollider4initEP13dStageActor_cffff = 0x800db530
                0x00000000800db530                init__21RideableActorColliderFP13dStageActor_cffff = 0x800db530
                0x00000000800db590                _ZN21RideableActorCollider11setPositionEP4VEC2S1_ = 0x800db590
                0x00000000800db590                setPosition__21RideableActorColliderFP4VEC2P4VEC2 = 0x800db590
                0x00000000800db5f0                _ZN21RideableActorCollider11setPositionEffff = 0x800db5f0
                0x00000000800db5f0                setPosition__21RideableActorColliderFffff = 0x800db5f0
                0x00000000800bc6b0                _ZN21SomethingAboutShrooms14drawWithMatrixEfP4mMtx = 0x800bc6b0
                0x00000000800bc6b0                drawWithMatrix__21SomethingAboutShroomsFfP4mMtx = 0x800bc6b0
                0x000000008087f8e0                _ZN13daObjKinoko_c17original_onCreateEv = 0x8087f8e0
                0x000000008087f8e0                original_onCreate__13daObjKinoko_cFv = 0x8087f8e0
                0x0000000080429e98                _ZN13dCourseFull_c8instanceE = 0x80429e98
                0x0000000080429e98                instance__13dCourseFull_c = 0x80429e98
                0x000000008008e890                _ZN9dCourse_c11getRectByIDEhP5mRect = 0x8008e890
                0x000000008008e890                getRectByID__9dCourse_cFUcP5mRect = 0x8008e890
                0x000000008008e3d0                _ZN9dCourse_c15getNextGotoByIDEh = 0x8008e3d0
                0x000000008008e3d0                getNextGotoByID__9dCourse_cFUc = 0x8008e3d0
                0x0000000080057820                modifyPlayerPropertiesWithRollingObject = 0x80057820
                0x0000000080a582e0                EN_LandbarrelPlayerCollision = 0x80a582e0
                0x0000000080429d48                _ZN16dStageActorMgr_c8instanceE = 0x80429d48
                0x0000000080429d48                instance__16dStageActorMgr_c = 0x80429d48
                0x00000000807db430                StartBGMMusic = 0x807db430
                0x00000000807db440                StopBGMMusic = 0x807db440
                0x0000000080429f10                _ZN11dStage32C_c8instanceE = 0x80429f10
                0x0000000080429f10                instance__11dStage32C_c = 0x80429f10
                0x0000000080429c94                _ZN7WLClass8instanceE = 0x80429c94
                0x0000000080429c94                instance__7WLClass = 0x80429c94
                0x000000008005ca50                _ZN7WLClass18disableDemoControlEb = 0x8005ca50
                0x000000008005ca50                disableDemoControl__7WLClassFb = 0x8005ca50
                0x000000008005c930                _ZN7WLClass21demoControlAllPlayersEv = 0x8005c930
                0x000000008005c930                demoControlAllPlayers__7WLClassFv = 0x8005c930
                0x00000000800d8c60                ShakeScreen = 0x800d8c60
                0x000000008042a008                StageScreen = 0x8042a008
                0x0000000080137510                stunPlayer = 0x80137510
                0x0000000080137650                unstunPlayer = 0x80137650
                0x0000000080064680                _ZN13dStageActor_c11createChildE6ActorsPS_jP4VEC3P6S16Vech = 0x80064680
                0x0000000080064680                createChild__13dStageActor_cF6ActorsP13dStageActor_cUiP4VEC3P6S16VecUc = 0x80064680
                0x000000008001cdb0                GameMgrBossEndFunc = 0x8001cdb0
                0x00000000807c7f60                MakeMarioEnterDemoMode = 0x807c7f60
                0x000000008005ca50                MakeMarioExitDemoMode = 0x8005ca50
                0x000000008005ca50                ForceMarioExitDemoMode = 0x8005ca50
                0x0000000080052170                ResetPlayerState = 0x80052170
                0x000000008001cdb0                UpdateGameMgr = 0x8001cdb0
                0x0000000080056cb0                UnsetShit = 0x80056cb0
                0x0000000080999c44                _ZN12daKameckDemo15StateID_DemoSt2E = 0x80999c44
                0x0000000080999c44                StateID_DemoSt2__12daKameckDemo = 0x80999c44
                0x0000000080999c84                _ZN12daKameckDemo14StateID_DemoStE = 0x80999c84
                0x0000000080999c84                StateID_DemoSt__12daKameckDemo = 0x80999c84
                0x0000000080999cc4                _ZN12daKameckDemo16StateID_DemoWaitE = 0x80999cc4
                0x0000000080999cc4                StateID_DemoWait__12daKameckDemo = 0x80999cc4
                0x0000000080b8bfec                _ZN13daBossKoopa_c12StateID_FallE = 0x80b8bfec
                0x0000000080b8bfec                StateID_Fall__13daBossKoopa_c = 0x80b8bfec
                0x000000008099cfcc                _ZN9daNeedles16StateID_DemoWaitE = 0x8099cfcc
                0x000000008099cfcc                StateID_DemoWait__9daNeedles = 0x8099cfcc
                0x000000008099d010                _ZN9daNeedles17StateID_DemoAwakeE = 0x8099d010
                0x000000008099d010                StateID_DemoAwake__9daNeedles = 0x8099d010
                0x000000008099d050                _ZN9daNeedles12StateID_IdleE = 0x8099d050
                0x000000008099d050                StateID_Idle__9daNeedles = 0x8099d050
                0x000000008099d090                _ZN9daNeedles11StateID_DieE = 0x8099d090
                0x000000008099d090                StateID_Die__9daNeedles = 0x8099d090
                0x000000008035421c                _ZN7dPlayer12StateID_NoneE = 0x8035421c
                0x000000008035421c                StateID_None__7dPlayer = 0x8035421c
                0x000000008035425c                _ZN7dPlayer12StateID_WalkE = 0x8035425c
                0x000000008035425c                StateID_Walk__7dPlayer = 0x8035425c
                0x000000008035429c                _ZN7dPlayer12StateID_JumpE = 0x8035429c
                0x000000008035429c                StateID_Jump__7dPlayer = 0x8035429c
                0x000000008035469c                _ZN7dPlayer16StateID_DemoNoneE = 0x8035469c
                0x000000008035469c                StateID_DemoNone__7dPlayer = 0x8035469c
                0x000000008035471c                _ZN7dPlayer16StateID_DemoWaitE = 0x8035471c
                0x000000008035471c                StateID_DemoWait__7dPlayer = 0x8035471c
                0x0000000080354adc                _ZN7dPlayer16StateID_DemoGoalE = 0x80354adc
                0x0000000080354adc                StateID_DemoGoal__7dPlayer = 0x80354adc
                0x0000000080354b1c                _ZN7dPlayer19StateID_DemoControlE = 0x80354b1c
                0x0000000080354b1c                StateID_DemoControl__7dPlayer = 0x80354b1c
                0x00000000808a94d0                PlayWrenchSound = 0x808a94d0
                0x000000008042a100                WaterManager = 0x8042a100
                0x00000000800eb930                CheckforLiquid = 0x800eb930
                0x0000000080b7e880                BowserFireballCollision = 0x80b7e880
                0x0000000080b3f240                BowserDamageAnmClr = 0x80b3f240
                0x0000000080b1f910                BowserDamageStepTwo = 0x80b1f910
                0x0000000080b1f930                BowserDamageNormal = 0x80b1f930
                0x0000000080098d80                BowserDamageKill = 0x80098d80
                0x0000000080b3f570                BowserDamageEnd = 0x80b3f570
                0x000000008008c3e0                ActivePhysics_InitWithStruct = 0x8008c3e0
                0x000000008008c330                ActivePhysics_AddToList = 0x8008c330
                0x000000008008c200                _ZN13ActivePhysicsC1Ev = 0x8008c200
                0x000000008008c200                __ct__13ActivePhysicsFv = 0x8008c200
                0x000000008008c260                _ZN13ActivePhysicsD1Ev = 0x8008c260
                0x000000008008c260                __dt__13ActivePhysicsFv = 0x8008c260
                0x000000008006cd90                HandleXSpeed = 0x8006cd90
                0x000000008006cde0                HandleYSpeed = 0x8006cde0
                0x000000008006cd40                UpdateObjectPosBasedOnSpeedValues_real = 0x8006cd40
                0x0000000080096240                dSprite_c__getXDirectionOfFurthestPlayerRelativeToVEC3 = 0x80096240
                0x0000000080064740                CalculateDistanceFromActorsNextPosToFurthestPlayer = 0x80064740
                0x00000000800955f0                doSpriteMovement = 0x800955f0
                0x0000000080429ee8                _ZN17dEffectBreakMgr_c8instanceE = 0x80429ee8
                0x0000000080429ee8                instance__17dEffectBreakMgr_c = 0x80429ee8
                0x00000000800925f0                _ZN17dEffectBreakMgr_c9spawnTileEP4VEC3jc = 0x800925f0
                0x00000000800925f0                spawnTile__17dEffectBreakMgr_cFP4VEC3Uic = 0x800925f0
                0x0000000080070cb0                CollidedWithTile = 0x80070cb0
                0x0000000080096e60                SomeStrangeModification = 0x80096e60
                0x000000008006ced0                Actor_GetVec3WithValuesAdded = 0x8006ced0
                0x000000008006a4b0                ConvertStagePositionIntoScreenPosition__Maybe = 0x8006a4b0
                0x0000000080197f00                AnotherSoundRelatedFunction = 0x80197f00
                0x0000000080198fc0                YetAnotherSoundPlayer = 0x80198fc0
                0x0000000080196600                CheckIfPlayingSound = 0x80196600
                0x0000000080105240                RelatedToPlayingSoundsAlongsideAnims = 0x80105240
                0x000000008042a488                SoundRelatedClass = 0x8042a488
                0x0000000080195380                MapSoundPlayer = 0x80195380
                0x0000000080195090                PlaySoundWithFunctionB4 = 0x80195090
                0x000000008006a4b0                _Z36ConvertStagePositionToScreenPositionP4VEC2P4VEC3 = 0x8006a4b0
                0x000000008006a4b0                ConvertStagePositionToScreenPosition__FP4VEC2P4VEC3 = 0x8006a4b0
                0x0000000080198c30                _ZN17SoundPlayingClass19PlaySoundAtPositionEiP4VEC2j = 0x80198c30
                0x0000000080198c30                PlaySoundAtPosition__17SoundPlayingClassFiP4VEC2Ui = 0x80198c30
                0x0000000080429d60                _ZN17SoundPlayingClass9instance2E = 0x80429d60
                0x0000000080429d60                instance2__17SoundPlayingClass = 0x80429d60
                0x0000000080102260                _Z9ExitStageiiii = 0x80102260
                0x0000000080102260                ExitStage__Fiiii = 0x80102260
                0x0000000080102264                ExitStageRealRest = 0x80102264
                0x000000008042900c                LastPowerupStoreType = 0x8042900c
                0x000000008016f150                _ZN4mMtx4zeroEv = 0x8016f150
                0x000000008016f150                zero__4mMtxFv = 0x8016f150
                0x000000008016ebf0                _ZN4mMtx9rotationXEPs = 0x8016ebf0
                0x000000008016ebf0                rotationX__4mMtxFPs = 0x8016ebf0
                0x000000008016ecb0                _ZN4mMtx14applyRotationXEPs = 0x8016ecb0
                0x000000008016ecb0                applyRotationX__4mMtxFPs = 0x8016ecb0
                0x000000008016ed10                _ZN4mMtx9rotationYEPs = 0x8016ed10
                0x000000008016ed10                rotationY__4mMtxFPs = 0x8016ed10
                0x000000008016edd0                _ZN4mMtx14applyRotationYEPs = 0x8016edd0
                0x000000008016edd0                applyRotationY__4mMtxFPs = 0x8016edd0
                0x000000008016ee30                _ZN4mMtx9rotationZEPs = 0x8016ee30
                0x000000008016ee30                rotationZ__4mMtxFPs = 0x8016ee30
                0x000000008016eef0                _ZN4mMtx14applyRotationZEPs = 0x8016eef0
                0x000000008016eef0                applyRotationZ__4mMtxFPs = 0x8016eef0
                0x000000008016ef50                _ZN4mMtx16applyRotationYXZEPsS0_S0_ = 0x8016ef50
                0x000000008016ef50                applyRotationYXZ__4mMtxFPsPsPs = 0x8016ef50
                0x000000008016efd0                _ZN4mMtx16applyRotationZYXEPsS0_S0_ = 0x8016efd0
                0x000000008016efd0                applyRotationZYX__4mMtxFPsPsPs = 0x8016efd0
                0x00000000802dcca8                _savefpr_14 = 0x802dcca8
                0x00000000802dccac                _savefpr_15 = 0x802dccac
                0x00000000802dccb0                _savefpr_16 = 0x802dccb0
                0x00000000802dccb4                _savefpr_17 = 0x802dccb4
                0x00000000802dccb8                _savefpr_18 = 0x802dccb8
                0x00000000802dccbc                _savefpr_19 = 0x802dccbc
                0x00000000802dccc0                _savefpr_20 = 0x802dccc0
                0x00000000802dccc4                _savefpr_21 = 0x802dccc4
                0x00000000802dccc8                _savefpr_22 = 0x802dccc8
                0x00000000802dcccc                _savefpr_23 = 0x802dcccc
                0x00000000802dccd0                _savefpr_24 = 0x802dccd0
                0x00000000802dccd4                _savefpr_25 = 0x802dccd4
                0x00000000802dccd8                _savefpr_26 = 0x802dccd8
                0x00000000802dccdc                _savefpr_27 = 0x802dccdc
                0x00000000802dcce0                _savefpr_28 = 0x802dcce0
                0x00000000802dcce4                _savefpr_29 = 0x802dcce4
                0x00000000802dcce8                _savefpr_30 = 0x802dcce8
                0x00000000802dccec                _savefpr_31 = 0x802dccec
                0x00000000802dccf4                _restfpr_14 = 0x802dccf4
                0x00000000802dccf8                _restfpr_15 = 0x802dccf8
                0x00000000802dccfc                _restfpr_16 = 0x802dccfc
                0x00000000802dcd00                _restfpr_17 = 0x802dcd00
                0x00000000802dcd04                _restfpr_18 = 0x802dcd04
                0x00000000802dcd08                _restfpr_19 = 0x802dcd08
                0x00000000802dcd0c                _restfpr_20 = 0x802dcd0c
                0x00000000802dcd10                _restfpr_21 = 0x802dcd10
                0x00000000802dcd14                _restfpr_22 = 0x802dcd14
                0x00000000802dcd18                _restfpr_23 = 0x802dcd18
                0x00000000802dcd1c                _restfpr_24 = 0x802dcd1c
                0x00000000802dcd20                _restfpr_25 = 0x802dcd20
                0x00000000802dcd24                _restfpr_26 = 0x802dcd24
                0x00000000802dcd28                _restfpr_27 = 0x802dcd28
                0x00000000802dcd2c                _restfpr_28 = 0x802dcd2c
                0x00000000802dcd30                _restfpr_29 = 0x802dcd30
                0x00000000802dcd34                _restfpr_30 = 0x802dcd34
                0x00000000802dcd38                _restfpr_31 = 0x802dcd38
                0x00000000802dcd40                _savegpr_14 = 0x802dcd40
                0x00000000802dcd44                _savegpr_15 = 0x802dcd44
                0x00000000802dcd48                _savegpr_16 = 0x802dcd48
                0x00000000802dcd4c                _savegpr_17 = 0x802dcd4c
                0x00000000802dcd50                _savegpr_18 = 0x802dcd50
                0x00000000802dcd54                _savegpr_19 = 0x802dcd54
                0x00000000802dcd58                _savegpr_20 = 0x802dcd58
                0x00000000802dcd5c                _savegpr_21 = 0x802dcd5c
                0x00000000802dcd60                _savegpr_22 = 0x802dcd60
                0x00000000802dcd64                _savegpr_23 = 0x802dcd64
                0x00000000802dcd68                _savegpr_24 = 0x802dcd68
                0x00000000802dcd6c                _savegpr_25 = 0x802dcd6c
                0x00000000802dcd70                _savegpr_26 = 0x802dcd70
                0x00000000802dcd74                _savegpr_27 = 0x802dcd74
                0x00000000802dcd78                _savegpr_28 = 0x802dcd78
                0x00000000802dcd7c                _savegpr_29 = 0x802dcd7c
                0x00000000802dcd80                _savegpr_30 = 0x802dcd80
                0x00000000802dcd84                _savegpr_31 = 0x802dcd84
                0x00000000802dcd8c                _restgpr_14 = 0x802dcd8c
                0x00000000802dcd90                _restgpr_15 = 0x802dcd90
                0x00000000802dcd94                _restgpr_16 = 0x802dcd94
                0x00000000802dcd98                _restgpr_17 = 0x802dcd98
                0x00000000802dcd9c                _restgpr_18 = 0x802dcd9c
                0x00000000802dcda0                _restgpr_19 = 0x802dcda0
                0x00000000802dcda4                _restgpr_20 = 0x802dcda4
                0x00000000802dcda8                _restgpr_21 = 0x802dcda8
                0x00000000802dcdac                _restgpr_22 = 0x802dcdac
                0x00000000802dcdb0                _restgpr_23 = 0x802dcdb0
                0x00000000802dcdb4                _restgpr_24 = 0x802dcdb4
                0x00000000802dcdb8                _restgpr_25 = 0x802dcdb8
                0x00000000802dcdbc                _restgpr_26 = 0x802dcdbc
                0x00000000802dcdc0                _restgpr_27 = 0x802dcdc0
                0x00000000802dcdc4                _restgpr_28 = 0x802dcdc4
                0x00000000802dcdc8                _restgpr_29 = 0x802dcdc8
                0x00000000802dcdcc                _restgpr_30 = 0x802dcdcc
                0x00000000802dcdd0                _restgpr_31 = 0x802dcdd0
                0x00000000802dd1ec                __shl2i = 0x802dd1ec
                0x00000000802b9210                _Znwm = 0x802b9210
                0x00000000802b9210                __nw__FUl = 0x802b9210
                0x00000000802b9280                _ZdlPv = 0x802b9280
                0x00000000802b9280                __dl__FPv = 0x802b9280
                0x00000000802b9290                _ZdaPv = 0x802b9290
                0x00000000802b9290                __dla__FPv = 0x802b9290
                0x00000000802dc7e0                __construct_new_array = 0x802dc7e0
                0x00000000802dcb10                __destroy_new_array = 0x802dcb10
                0x00000000802dca98                __destroy_arr = 0x802dca98
                0x0000000080024c20                sub_80024C20 = 0x80024c20
                0x00000000802dc780                __register_global_object = 0x802dc780
                0x00000000802dcbfc                __ptmf_scall = 0x802dcbfc
                0x000000008015f600                _ZN13FunctionChain5setupEPPFbPvEt = 0x8015f600
                0x000000008015f600                setup__13FunctionChainFPPFPv_bUs = 0x8015f600
                0x000000008006cf40                _ZN14collisionMgr_cC1E = 0x8006cf40
                0x000000008006cf40                __ct__14collisionMgr_c = 0x8006cf40
                0x000000008006cf40                _ZN14collisionMgr_cD1E = 0x8006cf40
                0x000000008006cf40                __dt__14collisionMgr_c = 0x8006cf40
                0x000000008006cfe0                _ZN14collisionMgr_c6clear1Ev = 0x8006cfe0
                0x000000008006cfe0                clear1__14collisionMgr_cFv = 0x8006cfe0
                0x000000008006d000                _ZN14collisionMgr_c6clear2Ev = 0x8006d000
                0x000000008006d000                clear2__14collisionMgr_cFv = 0x8006d000
                0x000000008006d090                _ZN14collisionMgr_c4initEP13dStageActor_cPK12sensorBase_sS4_S4_ = 0x8006d090
                0x000000008006d090                init__14collisionMgr_cFP13dStageActor_cPC12sensorBase_sPC12sensorBase_sPC12sensorBase_s = 0x8006d090
                0x000000008006d440                _ZN14collisionMgr_c6Clear3Ev = 0x8006d440
                0x000000008006d440                Clear3__14collisionMgr_cFv = 0x8006d440
                0x000000008006db30                _ZN14collisionMgr_c23calculateBelowCollisionEv = 0x8006db30
                0x000000008006db30                calculateBelowCollision__14collisionMgr_cFv = 0x8006db30
                0x0000000080070cb0                _ZNK14collisionMgr_c13isOnTopOfTileEv = 0x80070cb0
                0x0000000080070cb0                isOnTopOfTile__14collisionMgr_cCFv = 0x80070cb0
                0x000000008006ef40                _ZN14collisionMgr_c23calculateAboveCollisionEj = 0x8006ef40
                0x000000008006ef40                calculateAboveCollision__14collisionMgr_cFUi = 0x8006ef40
                0x0000000080072bc0                _ZN14collisionMgr_c38calculateBelowCollisionWithSmokeEffectEv = 0x80072bc0
                0x0000000080072bc0                calculateBelowCollisionWithSmokeEffect__14collisionMgr_cFv = 0x80072bc0
                0x000000008006fa40                _ZN14collisionMgr_c26calculateAdjacentCollisionEPf = 0x8006fa40
                0x000000008006fa40                calculateAdjacentCollision__14collisionMgr_cFPf = 0x8006fa40
                0x0000000080070760                _ZN14collisionMgr_c10s_80070760Ev = 0x80070760
                0x0000000080070760                s_80070760__14collisionMgr_cFv = 0x80070760
                0x00000000800707e0                _ZN14collisionMgr_c10s_800707E0Ev = 0x800707e0
                0x00000000800707e0                s_800707E0__14collisionMgr_cFv = 0x800707e0
                0x0000000080070ba0                _ZN14collisionMgr_c19getTileBehaviour1AtEffh = 0x80070ba0
                0x0000000080070ba0                getTileBehaviour1At__14collisionMgr_cFffUc = 0x80070ba0
                0x0000000080070bf0                _ZN14collisionMgr_c19getTileBehaviour2AtEffh = 0x80070bf0
                0x0000000080070bf0                getTileBehaviour2At__14collisionMgr_cFffUc = 0x80070bf0
                0x0000000080070720                _ZN14collisionMgr_c15getBelowSubTypeE = 0x80070720
                0x0000000080070720                getBelowSubType__14collisionMgr_c = 0x80070720
                0x0000000080070720                _ZN14collisionMgr_c15getBelowSubTypeEv = 0x80070720
                0x00000000800b8440                __ct_11freezeMgr_c = 0x800b8440
                0x00000000800b84e0                _ZN11freezeMgr_cD1Ev = 0x800b84e0
                0x00000000800b84e0                __dt__11freezeMgr_cFv = 0x800b84e0
                0x00000000800b8550                _ZN11freezeMgr_c16doSomethingCool1E = 0x800b8550
                0x00000000800b8550                doSomethingCool1__11freezeMgr_c = 0x800b8550
                0x00000000800b8620                _ZN11freezeMgr_c16doSomethingCool2E = 0x800b8620
                0x00000000800b8620                doSomethingCool2__11freezeMgr_c = 0x800b8620
                0x00000000800b86f0                _ZN11freezeMgr_c12setSomethingEjjj = 0x800b86f0
                0x00000000800b86f0                setSomething__11freezeMgr_cFUiUiUi = 0x800b86f0
                0x00000000800b8700                _ZN11freezeMgr_c16Create_ICEACTORsEPvi = 0x800b8700
                0x00000000800b8700                Create_ICEACTORs__11freezeMgr_cFPvi = 0x800b8700
                0x00000000800b8850                _ZN11freezeMgr_c16Delete_ICEACTORsE = 0x800b8850
                0x00000000800b8850                Delete_ICEACTORs__11freezeMgr_c = 0x800b8850
                0x00000000800b88d0                _ZN11freezeMgr_c15SetIceTimer_pt1E = 0x800b88d0
                0x00000000800b88d0                SetIceTimer_pt1__11freezeMgr_c = 0x800b88d0
                0x00000000800b8930                _ZN11freezeMgr_c15SetIceTimer_pt2E = 0x800b8930
                0x00000000800b8930                SetIceTimer_pt2__11freezeMgr_c = 0x800b8930
                0x00000000800b89b0                _ZN11freezeMgr_c23CheckIceTimer_lte_ValueE = 0x800b89b0
                0x00000000800b89b0                CheckIceTimer_lte_Value__11freezeMgr_c = 0x800b89b0
                0x00000000800b8a20                _ZN11freezeMgr_c16doSomethingCool3E = 0x800b8a20
                0x00000000800b8a20                doSomethingCool3__11freezeMgr_c = 0x800b8a20
                0x00000000800b8ab0                _ZN11freezeMgr_c16doSomethingCool4E = 0x800b8ab0
                0x00000000800b8ab0                doSomethingCool4__11freezeMgr_c = 0x800b8ab0
                0x00000000800b8b30                _ZN11freezeMgr_c16doSomethingCool5E = 0x800b8b30
                0x00000000800b8b30                doSomethingCool5__11freezeMgr_c = 0x800b8b30
                0x00000000800b8bb0                _ZN11freezeMgr_c16doSomethingCool6E = 0x800b8bb0
                0x00000000800b8bb0                doSomethingCool6__11freezeMgr_c = 0x800b8bb0
                0x00000000800b8c30                _ZN11freezeMgr_c12DoMeltNormalE = 0x800b8c30
                0x00000000800b8c30                DoMeltNormal__11freezeMgr_c = 0x800b8c30
                0x00000000800b8cf0                _ZN11freezeMgr_c16doSomethingCool7E = 0x800b8cf0
                0x00000000800b8cf0                doSomethingCool7__11freezeMgr_c = 0x800b8cf0
                0x00000000800b8ee0                _ZN11freezeMgr_c19CheckCountdownTimerE = 0x800b8ee0
                0x00000000800b8ee0                CheckCountdownTimer__11freezeMgr_c = 0x800b8ee0
                0x0000000080329410                _ZTV7fBase_c = 0x80329410
                0x0000000080329410                __vt__7fBase_c = 0x80329410
                0x0000000080161d80                _ZN7fBase_c8onCreateEv = 0x80161d80
                0x0000000080161d80                onCreate__7fBase_cFv = 0x80161d80
                0x0000000080161e30                _ZN7fBase_c8onDeleteEv = 0x80161e30
                0x0000000080161e30                onDelete__7fBase_cFv = 0x80161e30
                0x00000000801620d0                _ZN7fBase_c9onExecuteEv = 0x801620d0
                0x00000000801620d0                onExecute__7fBase_cFv = 0x801620d0
                0x00000000801622d0                _ZN7fBase_c13willBeDeletedEv = 0x801622d0
                0x00000000801622d0                willBeDeleted__7fBase_cFv = 0x801622d0
                0x00000000801625f0                _ZN7fBase_c12moreHeapShitEjPv = 0x801625f0
                0x00000000801625f0                moreHeapShit__7fBase_cFUiPv = 0x801625f0
                0x00000000801627f0                _ZN7fBase_c10createHeapEjPv = 0x801627f0
                0x00000000801627f0                createHeap__7fBase_cFUiPv = 0x801627f0
                0x00000000801628b0                _ZN7fBase_c11heapCreatedEv = 0x801628b0
                0x00000000801628b0                heapCreated__7fBase_cFv = 0x801628b0
                0x0000000080162510                _ZN7fBase_c6DeleteEv = 0x80162510
                0x0000000080162510                Delete__7fBase_cFv = 0x80162510
                0x00000000801629b0                _ZN7fBase_c28findNextUninitialisedProcessEv = 0x801629b0
                0x00000000801629b0                findNextUninitialisedProcess__7fBase_cFv = 0x801629b0
                0x0000000080162a20                _ZN7fBase_c25hasUninitialisedProcessesEv = 0x80162a20
                0x0000000080162a20                hasUninitialisedProcesses__7fBase_cFv = 0x80162a20
                0x00000000801621d0                _ZN7fBase_c6onDrawEv = 0x801621d0
                0x00000000801621d0                onDraw__7fBase_cFv = 0x801621d0
                0x0000000080162510                _Z15fBase_c__DeletePv = 0x80162510
                0x0000000080162510                fBase_c__Delete__FPv = 0x80162510
                0x0000000080317860                _ZTV15StageActorLight = 0x80317860
                0x0000000080317860                __vt__15StageActorLight = 0x80317860
                0x00000000800cca80                _ZN15StageActorLight4initEPvi = 0x800cca80
                0x00000000800cca80                init__15StageActorLightFPvi = 0x800cca80
                0x00000000800ccb40                _ZN15StageActorLight6updateE = 0x800ccb40
                0x00000000800ccb40                update__15StageActorLight = 0x800ccb40
                0x00000000800ccbf0                _ZN15StageActorLight4drawE = 0x800ccbf0
                0x00000000800ccbf0                draw__15StageActorLight = 0x800ccbf0
                0x00000000800ccbf0                _ZN15StageActorLight6updateEv = 0x800ccbf0
                0x00000000800ccbf0                _ZN15StageActorLight4drawEv = 0x800ccbf0
                0x00000000800414a0                _ZN15StageActorLightD1E = 0x800414a0
                0x00000000800414a0                __dt__15StageActorLight = 0x800414a0
                0x000000008006c660                _ZN7dBase_c20GetExplanationStringEv = 0x8006c660
                0x000000008006c660                GetExplanationString__7dBase_cFv = 0x8006c660
                0x0000000080301ea8                _ZTV15daEnBlockMain_c = 0x80301ea8
                0x0000000080301ea8                __vt__15daEnBlockMain_c = 0x80301ea8
                0x0000000080023340                _ZN15daEnBlockMain_cD1Ev = 0x80023340
                0x0000000080023340                __dt__15daEnBlockMain_cFv = 0x80023340
                0x0000000080022e80                _ZN15daEnBlockMain_c22calledWhenUpMoveBeginsEv = 0x80022e80
                0x0000000080022e80                calledWhenUpMoveBegins__15daEnBlockMain_cFv = 0x80022e80
                0x0000000080022f60                _ZN15daEnBlockMain_c24calledWhenDownMoveBeginsEv = 0x80022f60
                0x0000000080022f60                calledWhenDownMoveBegins__15daEnBlockMain_cFv = 0x80022f60
                0x0000000080022f30                _ZN15daEnBlockMain_c24calledWhenUpMoveExecutesEv = 0x80022f30
                0x0000000080022f30                calledWhenUpMoveExecutes__15daEnBlockMain_cFv = 0x80022f30
                0x00000000800231a0                _ZN15daEnBlockMain_c28calledWhenUpMoveDiffExecutesEv = 0x800231a0
                0x00000000800231a0                calledWhenUpMoveDiffExecutes__15daEnBlockMain_cFv = 0x800231a0
                0x0000000080023010                _ZN15daEnBlockMain_c26calledWhenDownMoveExecutesEv = 0x80023010
                0x0000000080023010                calledWhenDownMoveExecutes__15daEnBlockMain_cFv = 0x80023010
                0x0000000080023080                _ZN15daEnBlockMain_c29calledWhenDownMoveEndExecutesEv = 0x80023080
                0x0000000080023080                calledWhenDownMoveEndExecutes__15daEnBlockMain_cFv = 0x80023080
                0x00000000800232c0                _ZN15daEnBlockMain_c30calledWhenDownMoveDiffExecutesEv = 0x800232c0
                0x00000000800232c0                calledWhenDownMoveDiffExecutes__15daEnBlockMain_cFv = 0x800232c0
[...]

.group          0x0000000000000000        0x8
 .group         0x0000000000000000        0x8 c:\temp\tmpff9v_i\30.o

.group          0x0000000000000000        0x8
 .group         0x0000000000000000        0x8 c:\temp\tmpff9v_i\30.o

.group          0x0000000000000000        0x8
 .group         0x0000000000000000        0x8 c:\temp\tmpff9v_i\31.o

.group          0x0000000000000000        0x8
 .group         0x0000000000000000        0x8 c:\temp\tmpff9v_i\31.o

.group          0x0000000000000000        0x8
 .group         0x0000000000000000        0x8 c:\temp\tmpff9v_i\31.o

.group          0x0000000000000000        0x8
 .group         0x0000000000000000        0x8 c:\temp\tmpff9v_i\31.o

.group          0x0000000000000000        0x8
 .group         0x0000000000000000        0x8 c:\temp\tmpff9v_i\31.o

.group          0x0000000000000000        0x8
 .group         0x0000000000000000        0x8 c:\temp\tmpff9v_i\31.o

.group          0x0000000000000000        0x8
 .group         0x0000000000000000        0x8 c:\temp\tmpff9v_i\31.o

.group          0x0000000000000000        0x8
 .group         0x0000000000000000        0x8 c:\temp\tmpff9v_i\31.o

.group          0x0000000000000000        0x8
 .group         0x0000000000000000        0x8 c:\temp\tmpff9v_i\31.o

.group          0x0000000000000000        0x8
 .group         0x0000000000000000        0x8 c:\temp\tmpff9v_i\31.o

.group          0x0000000000000000        0x8
 .group         0x0000000000000000        0x8 c:\temp\tmpff9v_i\31.o

.group          0x0000000000000000        0x8
 .group         0x0000000000000000        0x8 c:\temp\tmpff9v_i\31.o

.group          0x0000000000000000        0x8
 .group         0x0000000000000000        0x8 c:\temp\tmpff9v_i\31.o

.group          0x0000000000000000        0x8
 .group         0x0000000000000000        0x8 c:\temp\tmpff9v_i\31.o

.group          0x0000000000000000        0x8
 .group         0x0000000000000000        0x8 c:\temp\tmpff9v_i\31.o

.group          0x0000000000000000        0x8
 .group         0x0000000000000000        0x8 c:\temp\tmpff9v_i\31.o

.group          0x0000000000000000        0x8
 .group         0x0000000000000000        0x8 c:\temp\tmpff9v_i\31.o

.group          0x0000000000000000        0x8
 .group         0x0000000000000000        0x8 c:\temp\tmpff9v_i\31.o

.group          0x0000000000000000        0x8
 .group         0x0000000000000000        0x8 c:\temp\tmpff9v_i\31.o

.group          0x0000000000000000        0x8
 .group         0x0000000000000000        0x8 c:\temp\tmpff9v_i\31.o

.group          0x0000000000000000        0x8
 .group         0x0000000000000000        0x8 c:\temp\tmpff9v_i\31.o

.group          0x0000000000000000        0x8
 .group         0x0000000000000000        0x8 c:\temp\tmpff9v_i\31.o

.group          0x0000000000000000        0x8
 .group         0x0000000000000000        0x8 c:\temp\tmpff9v_i\31.o

.group          0x0000000000000000        0x8
 .group         0x0000000000000000        0x8 c:\temp\tmpff9v_i\31.o

.group          0x0000000000000000        0x8
 .group         0x0000000000000000        0x8 c:\temp\tmpff9v_i\31.o

.group          0x0000000000000000        0x8
 .group         0x0000000000000000        0x8 c:\temp\tmpff9v_i\32.o

.group          0x0000000000000000        0x8
 .group         0x0000000000000000        0x8 c:\temp\tmpff9v_i\32.o

.group          0x0000000000000000        0x8
 .group         0x0000000000000000        0x8 c:\temp\tmpff9v_i\41.o

.group          0x0000000000000000        0x8
 .group         0x0000000000000000        0x8 c:\temp\tmpff9v_i\41.o

.group          0x0000000000000000        0x8
 .group         0x0000000000000000        0x8 c:\temp\tmpff9v_i\41.o

.group          0x0000000000000000        0x8
 .group         0x0000000000000000        0x8 c:\temp\tmpff9v_i\42.o

.group          0x0000000000000000        0x8
 .group         0x0000000000000000        0x8 c:\temp\tmpff9v_i\42.o

.group          0x0000000000000000        0x8
 .group         0x0000000000000000        0x8 c:\temp\tmpff9v_i\42.o

.group          0x0000000000000000        0x8
 .group         0x0000000000000000        0x8 c:\temp\tmpff9v_i\45.o

.group          0x0000000000000000        0x8
 .group         0x0000000000000000        0x8 c:\temp\tmpff9v_i\54.o

.group          0x0000000000000000        0x8
 .group         0x0000000000000000        0x8 c:\temp\tmpff9v_i\55.o

.group          0x0000000000000000        0x8
 .group         0x0000000000000000        0x8 c:\temp\tmpff9v_i\55.o

.group          0x0000000000000000        0x8
 .group         0x0000000000000000        0x8 c:\temp\tmpff9v_i\55.o

.group          0x0000000000000000        0x8
 .group         0x0000000000000000        0x8 c:\temp\tmpff9v_i\58.o

.group          0x0000000000000000        0x8
 .group         0x0000000000000000        0x8 c:\temp\tmpff9v_i\61.o

.group          0x0000000000000000        0x8
 .group         0x0000000000000000        0x8 c:\temp\tmpff9v_i\61.o

.group          0x0000000000000000        0x8
 .group         0x0000000000000000        0x8 c:\temp\tmpff9v_i\61.o

.group          0x0000000000000000        0x8
 .group         0x0000000000000000        0x8 c:\temp\tmpff9v_i\62.o

.group          0x0000000000000000        0x8
 .group         0x0000000000000000        0x8 c:\temp\tmpff9v_i\62.o

.group          0x0000000000000000        0x8
 .group         0x0000000000000000        0x8 c:\temp\tmpff9v_i\62.o

.group          0x0000000000000000        0x8
 .group         0x0000000000000000        0x8 c:\temp\tmpff9v_i\63.o

.group          0x0000000000000000        0x8
 .group         0x0000000000000000        0x8 c:\temp\tmpff9v_i\63.o

.group          0x0000000000000000        0x8
 .group         0x0000000000000000        0x8 c:\temp\tmpff9v_i\63.o

.group          0x0000000000000000        0x8
 .group         0x0000000000000000        0x8 c:\temp\tmpff9v_i\64.o

.group          0x0000000000000000        0x8
 .group         0x0000000000000000        0x8 c:\temp\tmpff9v_i\64.o

.group          0x0000000000000000        0x8
 .group         0x0000000000000000        0x8 c:\temp\tmpff9v_i\64.o

.group          0x0000000000000000        0x8
 .group         0x0000000000000000        0x8 c:\temp\tmpff9v_i\65.o

.group          0x0000000000000000        0x8
 .group         0x0000000000000000        0x8 c:\temp\tmpff9v_i\65.o

.group          0x0000000000000000        0x8
 .group         0x0000000000000000        0x8 c:\temp\tmpff9v_i\65.o

.group          0x0000000000000000        0x8
 .group         0x0000000000000000        0x8 c:\temp\tmpff9v_i\66.o

.group          0x0000000000000000        0x8
 .group         0x0000000000000000        0x8 c:\temp\tmpff9v_i\66.o

.group          0x0000000000000000        0x8
 .group         0x0000000000000000        0x8 c:\temp\tmpff9v_i\66.o

.group          0x0000000000000000        0x8
 .group         0x0000000000000000        0x8 c:\temp\tmpff9v_i\67.o

.group          0x0000000000000000        0x8
 .group         0x0000000000000000        0x8 c:\temp\tmpff9v_i\67.o

.group          0x0000000000000000        0x8
 .group         0x0000000000000000        0x8 c:\temp\tmpff9v_i\67.o

.group          0x0000000000000000        0x8
 .group         0x0000000000000000        0x8 c:\temp\tmpff9v_i\68.o

.group          0x0000000000000000        0x8
 .group         0x0000000000000000        0x8 c:\temp\tmpff9v_i\68.o

.group          0x0000000000000000        0x8
 .group         0x0000000000000000        0x8 c:\temp\tmpff9v_i\68.o

.group          0x0000000000000000        0x8
 .group         0x0000000000000000        0x8 c:\temp\tmpff9v_i\69.o

.group          0x0000000000000000        0x8
 .group         0x0000000000000000        0x8 c:\temp\tmpff9v_i\69.o

.group          0x0000000000000000        0x8
 .group         0x0000000000000000        0x8 c:\temp\tmpff9v_i\69.o

.group          0x0000000000000000        0x8
 .group         0x0000000000000000        0x8 c:\temp\tmpff9v_i\70.o

.group          0x0000000000000000        0x8
 .group         0x0000000000000000        0x8 c:\temp\tmpff9v_i\70.o

.group          0x0000000000000000        0x8
 .group         0x0000000000000000        0x8 c:\temp\tmpff9v_i\70.o

.group          0x0000000000000000        0x8
 .group         0x0000000000000000        0x8 c:\temp\tmpff9v_i\71.o

.group          0x0000000000000000        0x8
 .group         0x0000000000000000        0x8 c:\temp\tmpff9v_i\73.o

.group          0x0000000000000000        0x8
 .group         0x0000000000000000        0x8 c:\temp\tmpff9v_i\73.o

.group          0x0000000000000000        0x8
 .group         0x0000000000000000        0x8 c:\temp\tmpff9v_i\73.o

.group          0x0000000000000000        0x8
 .group         0x0000000000000000        0x8 c:\temp\tmpff9v_i\73.o

.group          0x0000000000000000        0x8
 .group         0x0000000000000000        0x8 c:\temp\tmpff9v_i\74.o

.group          0x0000000000000000        0x8
 .group         0x0000000000000000        0x8 c:\temp\tmpff9v_i\74.o

.group          0x0000000000000000        0x8
 .group         0x0000000000000000        0x8 c:\temp\tmpff9v_i\74.o

.group          0x0000000000000000        0x8
 .group         0x0000000000000000        0x8 c:\temp\tmpff9v_i\75.o

.group          0x0000000000000000        0x8
 .group         0x0000000000000000        0x8 c:\temp\tmpff9v_i\77.o

.group          0x0000000000000000        0x8
 .group         0x0000000000000000        0x8 c:\temp\tmpff9v_i\77.o

.group          0x0000000000000000        0x8
 .group         0x0000000000000000        0x8 c:\temp\tmpff9v_i\78.o

.group          0x0000000000000000        0x8
 .group         0x0000000000000000        0x8 c:\temp\tmpff9v_i\78.o

.group          0x0000000000000000        0x8
 .group         0x0000000000000000        0x8 c:\temp\tmpff9v_i\78.o

.group          0x0000000000000000        0x8
 .group         0x0000000000000000        0x8 c:\temp\tmpff9v_i\79.o

.group          0x0000000000000000        0x8
 .group         0x0000000000000000        0x8 c:\temp\tmpff9v_i\79.o

.group          0x0000000000000000        0x8
 .group         0x0000000000000000        0x8 c:\temp\tmpff9v_i\79.o

.group          0x0000000000000000        0x8
 .group         0x0000000000000000        0x8 c:\temp\tmpff9v_i\80.o

.group          0x0000000000000000        0x8
 .group         0x0000000000000000        0x8 c:\temp\tmpff9v_i\81.o

.group          0x0000000000000000        0x8
 .group         0x0000000000000000        0x8 c:\temp\tmpff9v_i\81.o

.group          0x0000000000000000        0x8
 .group         0x0000000000000000        0x8 c:\temp\tmpff9v_i\81.o

.group          0x0000000000000000        0x8
 .group         0x0000000000000000        0x8 c:\temp\tmpff9v_i\82.o

.group          0x0000000000000000        0x8
 .group         0x0000000000000000        0x8 c:\temp\tmpff9v_i\82.o

.group          0x0000000000000000        0x8
 .group         0x0000000000000000        0x8 c:\temp\tmpff9v_i\82.o

.group          0x0000000000000000        0x8
 .group         0x0000000000000000        0x8 c:\temp\tmpff9v_i\83.o

.group          0x0000000000000000        0x8
 .group         0x0000000000000000        0x8 c:\temp\tmpff9v_i\84.o

.group          0x0000000000000000        0x8
 .group         0x0000000000000000        0x8 c:\temp\tmpff9v_i\85.o

.group          0x0000000000000000        0x8
 .group         0x0000000000000000        0x8 c:\temp\tmpff9v_i\85.o

.group          0x0000000000000000        0x8
 .group         0x0000000000000000        0x8 c:\temp\tmpff9v_i\85.o

.group          0x0000000000000000        0x8
 .group         0x0000000000000000        0x8 c:\temp\tmpff9v_i\85.o

.group          0x0000000000000000        0x8
 .group         0x0000000000000000        0x8 c:\temp\tmpff9v_i\85.o

.group          0x0000000000000000        0x8
 .group         0x0000000000000000        0x8 c:\temp\tmpff9v_i\85.o

.group          0x0000000000000000        0x8
 .group         0x0000000000000000        0x8 c:\temp\tmpff9v_i\85.o

.group          0x0000000000000000        0x8
 .group         0x0000000000000000        0x8 c:\temp\tmpff9v_i\85.o

.group          0x0000000000000000        0x8
 .group         0x0000000000000000        0x8 c:\temp\tmpff9v_i\85.o

.group          0x0000000000000000        0x8
 .group         0x0000000000000000        0x8 c:\temp\tmpff9v_i\85.o

.group          0x0000000000000000        0x8
 .group         0x0000000000000000        0x8 c:\temp\tmpff9v_i\85.o

.group          0x0000000000000000        0x8
 .group         0x0000000000000000        0x8 c:\temp\tmpff9v_i\85.o

.group          0x0000000000000000        0x8
 .group         0x0000000000000000        0x8 c:\temp\tmpff9v_i\85.o

.group          0x0000000000000000        0x8
 .group         0x0000000000000000        0x8 c:\temp\tmpff9v_i\85.o

.group          0x0000000000000000        0x8
 .group         0x0000000000000000        0x8 c:\temp\tmpff9v_i\85.o

.group          0x0000000000000000        0x8
 .group         0x0000000000000000        0x8 c:\temp\tmpff9v_i\85.o

.group          0x0000000000000000        0x8
 .group         0x0000000000000000        0x8 c:\temp\tmpff9v_i\85.o

.group          0x0000000000000000        0x8
 .group         0x0000000000000000        0x8 c:\temp\tmpff9v_i\85.o

.group          0x0000000000000000        0x8
 .group         0x0000000000000000        0x8 c:\temp\tmpff9v_i\85.o

.group          0x0000000000000000        0x8
 .group         0x0000000000000000        0x8 c:\temp\tmpff9v_i\85.o

.group          0x0000000000000000        0x8
 .group         0x0000000000000000        0x8 c:\temp\tmpff9v_i\85.o

.group          0x0000000000000000        0x8
 .group         0x0000000000000000        0x8 c:\temp\tmpff9v_i\85.o

.group          0x0000000000000000        0x8
 .group         0x0000000000000000        0x8 c:\temp\tmpff9v_i\85.o

.group          0x0000000000000000        0x8
 .group         0x0000000000000000        0x8 c:\temp\tmpff9v_i\85.o

.group          0x0000000000000000        0x8
 .group         0x0000000000000000        0x8 c:\temp\tmpff9v_i\85.o

.group          0x0000000000000000        0x8
 .group         0x0000000000000000        0x8 c:\temp\tmpff9v_i\85.o

.group          0x0000000000000000        0x8
 .group         0x0000000000000000        0x8 c:\temp\tmpff9v_i\85.o

.group          0x0000000000000000        0x8
 .group         0x0000000000000000        0x8 c:\temp\tmpff9v_i\85.o

.group          0x0000000000000000        0x8
 .group         0x0000000000000000        0x8 c:\temp\tmpff9v_i\85.o

.group          0x0000000000000000        0x8
 .group         0x0000000000000000        0x8 c:\temp\tmpff9v_i\85.o

.group          0x0000000000000000        0x8
 .group         0x0000000000000000        0x8 c:\temp\tmpff9v_i\85.o

.group          0x0000000000000000        0x8
 .group         0x0000000000000000        0x8 c:\temp\tmpff9v_i\85.o

.group          0x0000000000000000        0x8
 .group         0x0000000000000000        0x8 c:\temp\tmpff9v_i\85.o

.group          0x0000000000000000        0x8
 .group         0x0000000000000000        0x8 c:\temp\tmpff9v_i\86.o

.group          0x0000000000000000        0x8
 .group         0x0000000000000000        0x8 c:\temp\tmpff9v_i\86.o

.group          0x0000000000000000        0x8
 .group         0x0000000000000000        0x8 c:\temp\tmpff9v_i\86.o

.group          0x0000000000000000        0x8
 .group         0x0000000000000000        0x8 c:\temp\tmpff9v_i\87.o

.group          0x0000000000000000        0x8
 .group         0x0000000000000000        0x8 c:\temp\tmpff9v_i\87.o

.group          0x0000000000000000        0x8
 .group         0x0000000000000000        0x8 c:\temp\tmpff9v_i\90.o

.group          0x0000000000000000        0x8
 .group         0x0000000000000000        0x8 c:\temp\tmpff9v_i\97.o

.group          0x0000000000000000        0x8
 .group         0x0000000000000000        0x8 c:\temp\tmpff9v_i\98.o

.group          0x0000000000000000        0x8
 .group         0x0000000000000000        0x8 c:\temp\tmpff9v_i\103.o

.group          0x0000000000000000        0x8
 .group         0x0000000000000000        0x8 c:\temp\tmpff9v_i\108.o

.group          0x0000000000000000        0x8
 .group         0x0000000000000000        0x8 c:\temp\tmpff9v_i\108.o

.group          0x0000000000000000        0x8
 .group         0x0000000000000000        0x8 c:\temp\tmpff9v_i\108.o

.group          0x0000000000000000        0x8
 .group         0x0000000000000000        0x8 c:\temp\tmpff9v_i\108.o

.group          0x0000000000000000        0x8
 .group         0x0000000000000000        0x8 c:\temp\tmpff9v_i\108.o

.group          0x0000000000000000        0x8
 .group         0x0000000000000000        0x8 c:\temp\tmpff9v_i\108.o

.group          0x0000000000000000        0x8
 .group         0x0000000000000000        0x8 c:\temp\tmpff9v_i\108.o

.group          0x0000000000000000        0x8
 .group         0x0000000000000000        0x8 c:\temp\tmpff9v_i\108.o

.group          0x0000000000000000        0x8
 .group         0x0000000000000000        0x8 c:\temp\tmpff9v_i\108.o

.group          0x0000000000000000        0x8
 .group         0x0000000000000000        0x8 c:\temp\tmpff9v_i\108.o

.group          0x0000000000000000        0x8
 .group         0x0000000000000000        0x8 c:\temp\tmpff9v_i\108.o

.group          0x0000000000000000        0x8
 .group         0x0000000000000000        0x8 c:\temp\tmpff9v_i\108.o

.group          0x0000000000000000        0x8
 .group         0x0000000000000000        0x8 c:\temp\tmpff9v_i\108.o

.group          0x0000000000000000        0x8
 .group         0x0000000000000000        0x8 c:\temp\tmpff9v_i\108.o

.group          0x0000000000000000        0x8
 .group         0x0000000000000000        0x8 c:\temp\tmpff9v_i\108.o

.group          0x0000000000000000        0x8
 .group         0x0000000000000000        0x8 c:\temp\tmpff9v_i\108.o

.group          0x0000000000000000        0x8
 .group         0x0000000000000000        0x8 c:\temp\tmpff9v_i\108.o

.group          0x0000000000000000        0x8
 .group         0x0000000000000000        0x8 c:\temp\tmpff9v_i\108.o

.group          0x0000000000000000        0x8
 .group         0x0000000000000000        0x8 c:\temp\tmpff9v_i\108.o

.group          0x0000000000000000        0x8
 .group         0x0000000000000000        0x8 c:\temp\tmpff9v_i\108.o

.group          0x0000000000000000        0x8
 .group         0x0000000000000000        0x8 c:\temp\tmpff9v_i\108.o

.group          0x0000000000000000        0x8
 .group         0x0000000000000000        0x8 c:\temp\tmpff9v_i\108.o

.group          0x0000000000000000        0x8
 .group         0x0000000000000000        0x8 c:\temp\tmpff9v_i\108.o

.group          0x0000000000000000        0x8
 .group         0x0000000000000000        0x8 c:\temp\tmpff9v_i\108.o

.group          0x0000000000000000        0x8
 .group         0x0000000000000000        0x8 c:\temp\tmpff9v_i\108.o

.group          0x0000000000000000        0x8
 .group         0x0000000000000000        0x8 c:\temp\tmpff9v_i\108.o

.group          0x0000000000000000        0x8
 .group         0x0000000000000000        0x8 c:\temp\tmpff9v_i\108.o

.group          0x0000000000000000        0x8
 .group         0x0000000000000000        0x8 c:\temp\tmpff9v_i\108.o

.group          0x0000000000000000        0x8
 .group         0x0000000000000000        0x8 c:\temp\tmpff9v_i\108.o

.group          0x0000000000000000        0x8
 .group         0x0000000000000000        0x8 c:\temp\tmpff9v_i\108.o

.group          0x0000000000000000        0x8
 .group         0x0000000000000000        0x8 c:\temp\tmpff9v_i\108.o

.group          0x0000000000000000        0x8
 .group         0x0000000000000000        0x8 c:\temp\tmpff9v_i\108.o

.group          0x0000000000000000        0x8
 .group         0x0000000000000000        0x8 c:\temp\tmpff9v_i\108.o
