
Discarded input sections

 .group         0x0000000000000000        0x8 c:\temp\tmpff9v_i\27.o
 .text._ZN3m3d6proc_c13returnUnknownEv
                0x0000000000000000        0x8 c:\temp\tmpff9v_i\27.o
 .group         0x0000000000000000        0x8 c:\temp\tmpff9v_i\30.o
 .group         0x0000000000000000        0x8 c:\temp\tmpff9v_i\30.o
 .group         0x0000000000000000        0x8 c:\temp\tmpff9v_i\30.o
 .text._ZN17dStatePointless_cD1Ev
                0x0000000000000000       0x3c c:\temp\tmpff9v_i\30.o
 .text._ZN17dStatePointless_c10returnsOneEv
                0x0000000000000000        0x8 c:\temp\tmpff9v_i\30.o
 .data.rel.ro._ZTV17dStatePointless_c
                0x0000000000000000       0x10 c:\temp\tmpff9v_i\30.o
 .group         0x0000000000000000        0x8 c:\temp\tmpff9v_i\31.o
 .group         0x0000000000000000        0x8 c:\temp\tmpff9v_i\31.o
 .group         0x0000000000000000        0x8 c:\temp\tmpff9v_i\31.o
 .text._ZN17dStatePointless_cD1Ev
                0x0000000000000000       0x3c c:\temp\tmpff9v_i\31.o
 .text._ZN17dStatePointless_c10returnsOneEv
                0x0000000000000000        0x8 c:\temp\tmpff9v_i\31.o
 .data.rel.ro._ZTV17dStatePointless_c
                0x0000000000000000       0x10 c:\temp\tmpff9v_i\31.o
 .group         0x0000000000000000        0x8 c:\temp\tmpff9v_i\85.o
 .group         0x0000000000000000        0x8 c:\temp\tmpff9v_i\85.o
 .group         0x0000000000000000        0x8 c:\temp\tmpff9v_i\85.o
 .group         0x0000000000000000        0x8 c:\temp\tmpff9v_i\85.o
 .text._ZN4nw4r3snd15StrmSoundHandleD1Ev
                0x0000000000000000       0x4c c:\temp\tmpff9v_i\85.o
 .text._ZN17dStatePointless_cD1Ev
                0x0000000000000000       0x3c c:\temp\tmpff9v_i\85.o
 .text._ZN17dStatePointless_c10returnsOneEv
                0x0000000000000000        0x8 c:\temp\tmpff9v_i\85.o
 .data.rel.ro._ZTV17dStatePointless_c
                0x0000000000000000       0x10 c:\temp\tmpff9v_i\85.o
 .group         0x0000000000000000        0x8 c:\temp\tmpff9v_i\87.o
 .text._ZN3m3d6proc_c13returnUnknownEv
                0x0000000000000000        0x8 c:\temp\tmpff9v_i\87.o
 .group         0x0000000000000000        0x8 c:\temp\tmpff9v_i\108.o
 .group         0x0000000000000000        0x8 c:\temp\tmpff9v_i\108.o
 .group         0x0000000000000000        0x8 c:\temp\tmpff9v_i\108.o
 .text._ZN17dStatePointless_cD1Ev
                0x0000000000000000       0x3c c:\temp\tmpff9v_i\108.o
 .text._ZN17dStatePointless_c10returnsOneEv
                0x0000000000000000        0x8 c:\temp\tmpff9v_i\108.o
 .data.rel.ro._ZTV17dStatePointless_c
                0x0000000000000000       0x10 c:\temp\tmpff9v_i\108.o

Memory Configuration

Name             Origin             Length             Attributes
*default*        0x0000000000000000 0xffffffffffffffff

Linker script and memory map

                0x000000008042a2b8                _ZN7StageC48instanceE = 0x8042a2b8
                0x000000008042a2b8                instance__7StageC4 = 0x8042a2b8
                0x000000008016aaf0                mHeapAllocator_c_done = 0x8016aaf0
                0x0000000080991ef0                dEventOpeningTitle_c_StateID_PressButtonExitAnimeEndWait = 0x80991ef0
                0x00000000809cae10                sub_809CAE10 = 0x809cae10
                0x000000008091288c                loc_8091288C = 0x8091288c
                0x00000000802e5894                pow = 0x802e5894
                0x000000008154ba7b                PortalHook_1_byte = 0x8154ba7b
                0x000000008154b904                PortalHook_2_offset_2 = 0x8154b904
                0x00000000807612c8                PortalHook_3_external_1 = 0x807612c8
                0x000000008154b804                PortalHook_3_external_2 = 0x8154b804
                0x0000000080162c44                PortalHook_1_ret = 0x80162c44
                0x0000000080064354                PortalHook_2_ret = 0x80064354
                0x00000000800e3ad8                PortalHook_3_ret = 0x800e3ad8
                0x0000000080095954                PortalHook_4_ret = 0x80095954
                0x0000000080095984                PortalHook_5_ret_1 = 0x80095984
                0x0000000080095bd4                PortalHook_5_ret_2 = 0x80095bd4
                0x0000000080920350                LoadBreffKoopa = 0x80920350
                0x0000000080920344                LoadBreffKoopaJr = 0x80920344
                0x00000000809201f0                returnFromBreffLoadPatch = 0x809201f0
                0x000000008003a240                _Z12sub_8003A240PvS_ = 0x8003a240
                0x000000008003a240                sub_8003A240__FPvPv = 0x8003a240
                0x0000000080353ce4                daEnShell_c_StateID_Sleep = 0x80353ce4
                0x0000000080353d64                daEnShell_c_StateID_Slide = 0x80353d64
                0x0000000080353d64                _ZN11daEnShell_c13StateID_SlideE = 0x80353d64
                0x0000000080038670                _ZN11daEnShell_c12afterExecuteEi = 0x80038670
                0x0000000080038670                afterExecute__11daEnShell_cFi = 0x80038670
                0x0000000080038080                _ZN11daEnShell_cD1Ev = 0x80038080
                0x0000000080038080                __dt__11daEnShell_cFv = 0x80038080
                0x000000008003a010                _ZN11daEnShell_c11isOutOfViewEv = 0x8003a010
                0x000000008003a010                isOutOfView__11daEnShell_cFv = 0x8003a010
                0x000000008003a0c0                _ZN11daEnShell_c4killEv = 0x8003a0c0
                0x000000008003a0c0                kill__11daEnShell_cFv = 0x8003a0c0
                0x000000008003a010                _ZN11daEnShell_c5_vf74Ev = 0x8003a010
                0x000000008003a010                _vf74__11daEnShell_cFv = 0x8003a010
                0x000000008003ab80                _ZN11daEnShell_c12itemPickedUpEv = 0x8003ab80
                0x000000008003ab80                itemPickedUp__11daEnShell_cFv = 0x8003ab80
                0x0000000080039610                _ZN11daEnShell_c5_vf7CEv = 0x80039610
                0x0000000080039610                _vf7C__11daEnShell_cFv = 0x80039610
                0x000000008003a570                _ZN11daEnShell_c5eatInEv = 0x8003a570
                0x000000008003a570                eatIn__11daEnShell_cFv = 0x8003a570
                0x000000008003a5d0                _ZN11daEnShell_c7spitOutEPv = 0x8003a5d0
                0x000000008003a5d0                spitOut__11daEnShell_cFPv = 0x8003a5d0
                0x0000000080038800                _ZN11daEnShell_c19stageActorCollisionEP13ActivePhysicsS1_ = 0x80038800
                0x0000000080038800                stageActorCollision__11daEnShell_cFP13ActivePhysicsP13ActivePhysics = 0x80038800
                0x0000000080038830                _ZN11daEnShell_c15spriteCollisionEP13ActivePhysicsS1_ = 0x80038830
                0x0000000080038830                spriteCollision__11daEnShell_cFP13ActivePhysicsP13ActivePhysics = 0x80038830
                0x00000000800389e0                _ZN11daEnShell_c15playerCollisionEP13ActivePhysicsS1_ = 0x800389e0
                0x00000000800389e0                playerCollision__11daEnShell_cFP13ActivePhysicsP13ActivePhysics = 0x800389e0
                0x0000000080039010                _ZN11daEnShell_c14yoshiCollisionEP13ActivePhysicsS1_ = 0x80039010
                0x0000000080039010                yoshiCollision__11daEnShell_cFP13ActivePhysicsP13ActivePhysics = 0x80039010
                0x0000000080039b40                _ZN11daEnShell_c22collidedWithCatD_DrillEP13ActivePhysicsS1_ = 0x80039b40
                0x0000000080039b40                collidedWithCatD_Drill__11daEnShell_cFP13ActivePhysicsP13ActivePhysics = 0x80039b40
                0x0000000080039bf0                _ZN11daEnShell_c28collidedWithCat7_GroundPoundEP13ActivePhysicsS1_ = 0x80039bf0
                0x0000000080039bf0                collidedWithCat7_GroundPound__11daEnShell_cFP13ActivePhysicsP13ActivePhysics = 0x80039bf0
                0x0000000080039d70                _ZN11daEnShell_c33collidedWithCat7_GroundPoundYoshiEP13ActivePhysicsS1_ = 0x80039d70
                0x0000000080039d70                collidedWithCat7_GroundPoundYoshi__11daEnShell_cFP13ActivePhysicsP13ActivePhysics = 0x80039d70
                0x00000000800393a0                _ZN11daEnShell_c30collidedWithCat9_RollingObjectEP13ActivePhysicsS1_ = 0x800393a0
                0x00000000800393a0                collidedWithCat9_RollingObject__11daEnShell_cFP13ActivePhysicsP13ActivePhysics = 0x800393a0
                0x000000008003a7b0                _ZN11daEnShell_c39collidedWithCat2_Iceball_or_15_YoshiIceEP13ActivePhysicsS1_ = 0x8003a7b0
                0x000000008003a7b0                collidedWithCat2_Iceball_or_15_YoshiIce__11daEnShell_cFP13ActivePhysicsP13ActivePhysics = 0x8003a7b0
                0x000000008003be00                _ZN11daEnShell_c13dieFall_BeginEv = 0x8003be00
                0x000000008003be00                dieFall_Begin__11daEnShell_cFv = 0x8003be00
                0x000000008003be80                _ZN11daEnShell_c15dieFall_ExecuteEv = 0x8003be80
                0x000000008003be80                dieFall_Execute__11daEnShell_cFv = 0x8003be80
                0x000000008003be70                _ZN11daEnShell_c11dieFall_EndEv = 0x8003be70
                0x000000008003be70                dieFall_End__11daEnShell_cFv = 0x8003be70
                0x0000000080039680                _ZN11daEnShell_c6_vf220EPv = 0x80039680
                0x0000000080039680                _vf220__11daEnShell_cFPv = 0x80039680
                0x000000008003bff0                _ZN11daEnShell_c6_vf224Ev = 0x8003bff0
                0x000000008003bff0                _vf224__11daEnShell_cFv = 0x8003bff0
                0x000000008003a8c0                _ZN11daEnShell_c6_vf238Ev = 0x8003a8c0
                0x000000008003a8c0                _vf238__11daEnShell_cFv = 0x8003a8c0
                0x00000000800392c0                _ZN11daEnShell_c6_vf248Ei = 0x800392c0
                0x00000000800392c0                _vf248__11daEnShell_cFi = 0x800392c0
                0x00000000800392f0                _ZN11daEnShell_c24bouncePlayerWhenJumpedOnEPv = 0x800392f0
                0x00000000800392f0                bouncePlayerWhenJumpedOn__11daEnShell_cFPv = 0x800392f0
                0x0000000080039590                _ZN11daEnShell_c15addScoreWhenHitEPv = 0x80039590
                0x0000000080039590                addScoreWhenHit__11daEnShell_cFPv = 0x80039590
                0x000000008003bf80                _ZN11daEnShell_c6_vf25CEPv = 0x8003bf80
                0x000000008003bf80                _vf25C__11daEnShell_cFPv = 0x8003bf80
                0x000000008003b020                _ZN11daEnShell_c16beginState_CarryEv = 0x8003b020
                0x000000008003b020                beginState_Carry__11daEnShell_cFv = 0x8003b020
                0x000000008003b200                _ZN11daEnShell_c18executeState_CarryEv = 0x8003b200
                0x000000008003b200                executeState_Carry__11daEnShell_cFv = 0x8003b200
                0x000000008003b140                _ZN11daEnShell_c14endState_CarryEv = 0x8003b140
                0x000000008003b140                endState_Carry__11daEnShell_cFv = 0x8003b140
                0x000000008003ae40                _ZN11daEnShell_c16beginState_SleepEv = 0x8003ae40
                0x000000008003ae40                beginState_Sleep__11daEnShell_cFv = 0x8003ae40
                0x000000008003aee0                _ZN11daEnShell_c18executeState_SleepEv = 0x8003aee0
                0x000000008003aee0                executeState_Sleep__11daEnShell_cFv = 0x8003aee0
                0x000000008003aeb0                _ZN11daEnShell_c14endState_SleepEv = 0x8003aeb0
                0x000000008003aeb0                endState_Sleep__11daEnShell_cFv = 0x8003aeb0
                0x000000008003b3e0                _ZN11daEnShell_c16beginState_SlideEv = 0x8003b3e0
                0x000000008003b3e0                beginState_Slide__11daEnShell_cFv = 0x8003b3e0
                0x000000008003b830                _ZN11daEnShell_c18executeState_SlideEv = 0x8003b830
                0x000000008003b830                executeState_Slide__11daEnShell_cFv = 0x8003b830
                0x000000008003b6f0                _ZN11daEnShell_c14endState_SlideEv = 0x8003b6f0
                0x000000008003b6f0                endState_Slide__11daEnShell_cFv = 0x8003b6f0
                0x000000008003bb40                _ZN11daEnShell_c17beginState_WakeupEv = 0x8003bb40
                0x000000008003bb40                beginState_Wakeup__11daEnShell_cFv = 0x8003bb40
                0x000000008003bbb0                _ZN11daEnShell_c19executeState_WakeupEv = 0x8003bbb0
                0x000000008003bbb0                executeState_Wakeup__11daEnShell_cFv = 0x8003bbb0
                0x000000008003bba0                _ZN11daEnShell_c15endState_WakeupEv = 0x8003bba0
                0x000000008003bba0                endState_Wakeup__11daEnShell_cFv = 0x8003bba0
                0x000000008003bd30                _ZN11daEnShell_c24beginState_WakeupReverseEv = 0x8003bd30
                0x000000008003bd30                beginState_WakeupReverse__11daEnShell_cFv = 0x8003bd30
                0x000000008003bd60                _ZN11daEnShell_c26executeState_WakeupReverseEv = 0x8003bd60
                0x000000008003bd60                executeState_WakeupReverse__11daEnShell_cFv = 0x8003bd60
                0x000000008003bd50                _ZN11daEnShell_c22endState_WakeupReverseEv = 0x8003bd50
                0x000000008003bd50                endState_WakeupReverse__11daEnShell_cFv = 0x8003bd50
                0x000000008003bc30                _ZN11daEnShell_c21beginState_WakeupTurnEv = 0x8003bc30
                0x000000008003bc30                beginState_WakeupTurn__11daEnShell_cFv = 0x8003bc30
                0x000000008003bc80                _ZN11daEnShell_c23executeState_WakeupTurnEv = 0x8003bc80
                0x000000008003bc80                executeState_WakeupTurn__11daEnShell_cFv = 0x8003bc80
                0x000000008003bc70                _ZN11daEnShell_c19endState_WakeupTurnEv = 0x8003bc70
                0x000000008003bc70                endState_WakeupTurn__11daEnShell_cFv = 0x8003bc70
                0x0000000080039690                _ZN11daEnShell_c6_vf2C8Ev = 0x80039690
                0x0000000080039690                _vf2C8__11daEnShell_cFv = 0x80039690
                0x000000008003aa60                _ZN11daEnShell_c6_vf2CCEv = 0x8003aa60
                0x000000008003aa60                _vf2CC__11daEnShell_cFv = 0x8003aa60
                0x00000000800389d0                _ZN11daEnShell_c24relatedToSpriteCollisionEv = 0x800389d0
                0x00000000800389d0                relatedToSpriteCollision__11daEnShell_cFv = 0x800389d0
                0x0000000080039000                _ZN11daEnShell_c6_vf2D4Ev = 0x80039000
                0x0000000080039000                _vf2D4__11daEnShell_cFv = 0x80039000
                0x00000000800392b0                _ZN11daEnShell_c12isNotSlidingEv = 0x800392b0
                0x00000000800392b0                isNotSliding__11daEnShell_cFv = 0x800392b0
                0x0000000080038ff0                _ZN11daEnShell_c31relatedToYoshiOrPlayerCollisionEv = 0x80038ff0
                0x0000000080038ff0                relatedToYoshiOrPlayerCollision__11daEnShell_cFv = 0x80038ff0
                0x000000008003bd20                _ZN11daEnShell_c6_vf2E0Ev = 0x8003bd20
                0x000000008003bd20                _vf2E0__11daEnShell_cFv = 0x8003bd20
                0x000000008003bd10                _ZN11daEnShell_c12turnSlightlyEv = 0x8003bd10
                0x000000008003bd10                turnSlightly__11daEnShell_cFv = 0x8003bd10
                0x000000008003a410                _ZN11daEnShell_c6_vf2E8Ev = 0x8003a410
                0x000000008003a410                _vf2E8__11daEnShell_cFv = 0x8003a410
                0x0000000080039790                _ZN11daEnShell_c18spawnKickHitEffectEv = 0x80039790
                0x0000000080039790                spawnKickHitEffect__11daEnShell_cFv = 0x80039790
                0x000000008003be60                _ZN11daEnShell_c6_vf2F0Ev = 0x8003be60
                0x000000008003be60                _vf2F0__11daEnShell_cFv = 0x8003be60
                0x0000000080038660                _ZN11daEnShell_c6_vf2F4Ev = 0x80038660
                0x0000000080038660                _vf2F4__11daEnShell_cFv = 0x80038660
                0x000000008003bb30                _ZN11daEnShell_c15spawnTailEffectEv = 0x8003bb30
                0x000000008003bb30                spawnTailEffect__11daEnShell_cFv = 0x8003bb30
                0x000000008003a210                _ZN11daEnShell_c6_vf2FCEv = 0x8003a210
                0x000000008003a210                _vf2FC__11daEnShell_cFv = 0x8003a210
                0x000000008003a3a0                _ZN11daEnShell_c11rotateShellEv = 0x8003a3a0
                0x000000008003a3a0                rotateShell__11daEnShell_cFv = 0x8003a3a0
                0x0000000080038be8                loc_80038BE8 = 0x80038be8
                0x0000000080377188                Yoshi_EatNoneState = 0x80377188
                0x000000008014ee40                daYoshi_c_sub_8014EE40 = 0x8014ee40
                0x000000008014e7a0                _ZN9daYoshi_c23endState_HipAttack_origEv = 0x8014e7a0
                0x000000008014e7a0                endState_HipAttack_orig__9daYoshi_cFv = 0x8014e7a0
                0x0000000080046bb0                _ZN9daYoshi_c14onExecute_origEv = 0x80046bb0
                0x0000000080046bb0                onExecute_orig__9daYoshi_cFv = 0x80046bb0
                0x000000008014f980                _ZN9daYoshi_c9doSwallowEv = 0x8014f980
                0x000000008014f980                doSwallow__9daYoshi_cFv = 0x8014f980
                0x000000008014f9ac                doThisStupidAnimationYouAsshole = 0x8014f9ac
                0x000000008042a608                _ZN14dGameDisplay_c8instanceE = 0x8042a608
                0x000000008042a608                instance__14dGameDisplay_c = 0x8042a608
                0x0000000080157b70                _ZN14dGameDisplay_c13onCreate_origEv = 0x80157b70
                0x0000000080157b70                onCreate_orig__14dGameDisplay_cFv = 0x80157b70
                0x00000000801580d0                _ZN14dGameDisplay_c14onExecute_origEv = 0x801580d0
                0x00000000801580d0                onExecute_orig__14dGameDisplay_cFv = 0x801580d0
                0x0000000080049544                hipAttackStage4 = 0x80049544
                0x0000000080054b4c                ContinueFromFlyingYoshi = 0x80054b4c
                0x00000000809129b0                _Z18daYoshiFire_c_vf8CP13dStageActor_cS0_ = 0x809129b0
                0x00000000809129b0                daYoshiFire_c_vf8C__FP13dStageActor_cP13dStageActor_c = 0x809129b0
                0x000000008005e500                _ZN14dPlayerInput_c11getHeldDownE = 0x8005e500
                0x000000008005e500                getHeldDown__14dPlayerInput_c = 0x8005e500
                0x000000008005e4f0                _ZN14dPlayerInput_c9getHeldUpE = 0x8005e4f0
                0x000000008005e4f0                getHeldUp__14dPlayerInput_c = 0x8005e4f0
                0x000000008005e4f0                _ZN14dPlayerInput_c9getHeldUpEv = 0x8005e4f0
                0x000000008005e300                _ZN14dPlayerInput_c17detectGroundPoundE = 0x8005e300
                0x000000008005e300                detectGroundPound__14dPlayerInput_c = 0x8005e300
                0x000000008005e300                _ZN14dPlayerInput_c17detectGroundPoundEv = 0x8005e300
                0x000000008005e580                _ZN14dPlayerInput_c10getHeldTwoE = 0x8005e580
                0x000000008005e580                getHeldTwo__14dPlayerInput_c = 0x8005e580
                0x000000008005e580                _ZN14dPlayerInput_c10getHeldTwoEv = 0x8005e580
                0x000000008023b4a0                _ZNK4nw4r3g3d6ResMdl20GetResNodeNumEntriesEv = 0x8023b4a0
                0x000000008023b4a0                GetResNodeNumEntries__Q34nw4r3g3d6ResMdlCFv = 0x8023b4a0
                0x00000000801d5680                MEMAllocFromAllocator = 0x801d5680
                0x000000008034e9d0                _ZTVN4nw4r3g3d9AnmObjChrE = 0x8034e9d0
                0x000000008034e9d0                __vt__Q34nw4r3g3d9AnmObjChr = 0x8034e9d0
                0x000000008034e8c8                _ZTVN4nw4r3g3d12AnmObjChrResE = 0x8034e8c8
                0x000000008034e8c8                __vt__Q34nw4r3g3d12AnmObjChrRes = 0x8034e8c8
                0x00000000802417d0                _ZNK4nw4r3g3d9ResAnmChr12GetAnmResultEPNS0_12ChrAnmResultEmf = 0x802417d0
                0x00000000802417d0                GetAnmResult__Q34nw4r3g3d9ResAnmChrCFPQ34nw4r3g3d12ChrAnmResultUlf = 0x802417d0
                0x00000000800d5ec0                StartAnimOrig = 0x800d5ec0
                0x000000008014ba60                YoshiStateOrig = 0x8014ba60
                0x0000000080234bc0                _ZN4nw4r2db17Exception_Printf_EPKcz = 0x80234bc0
                0x0000000080234bc0                Exception_Printf___Q24nw4r2dbFPCce = 0x80234bc0
                0x0000000080839b04                ContinueFromFuckLineLiftActivation = 0x80839b04
                0x0000000080998cf0                GabonRock_DropOutState = 0x80998cf0
                0x0000000080998cb0                GabonRock_CrushState = 0x80998cb0
                0x000000008001ded0                forceHCGROPushBack = 0x8001ded0
                0x000000008001dec8                continueFromHCGRO = 0x8001dec8
                0x0000000080427c2e                DanceValues_AnimSpeed = 0x80427c2e
                0x000000008042a049                DanceValues_DummyBlockAndGrass = 0x8042a049
                0x000000008042a04a                DanceValues_Bahps = 0x8042a04a
                0x000000008042a04b                DanceValues_CreditsControl = 0x8042a04b
                0x000000008042a4ff                CreditsModeActive = 0x8042a4ff
                0x00000000800d91b0                GetRail = 0x800d91b0
                0x000000008042a2e8                _ZN7Stage808instanceE = 0x8042a2e8
                0x000000008042a2e8                instance__7Stage80 = 0x8042a2e8
                0x0000000080060254                continueAddToCoinCount = 0x80060254
                0x00000000800b3544                continueAddToScore = 0x800b3544
                0x00000000800b51d0                StaffCreditsAddCoin = 0x800b51d0
                0x00000000802bc6b4                ContinueFromEFBMagic2 = 0x802bc6b4
                0x0000000080ab6da0                TogeTekkyuIceballCollision = 0x80ab6da0
                0x000000008042a788                _8042A788 = 0x8042a788
                0x000000008019c390                sub_8019C390 = 0x8019c390
                0x0000000080b8c350                _ZN24daEnBossKoopaDemoPeach_c12StateID_WaitE = 0x80b8c350
                0x0000000080b8c350                StateID_Wait__24daEnBossKoopaDemoPeach_c = 0x80b8c350
                0x0000000080b8c390                _ZN24daEnBossKoopaDemoPeach_c12StateID_CallE = 0x80b8c390
                0x0000000080b8c390                StateID_Call__24daEnBossKoopaDemoPeach_c = 0x80b8c390
                0x0000000080b8c3d0                _ZN24daEnBossKoopaDemoPeach_c12StateID_TurnE = 0x80b8c3d0
                0x0000000080b8c3d0                StateID_Turn__24daEnBossKoopaDemoPeach_c = 0x80b8c3d0
                0x0000000080b8c410                _ZN24daEnBossKoopaDemoPeach_c12StateID_OpenE = 0x80b8c410
                0x0000000080b8c410                StateID_Open__24daEnBossKoopaDemoPeach_c = 0x80b8c410
                0x0000000080b8c450                _ZN24daEnBossKoopaDemoPeach_c14StateID_RescueE = 0x80b8c450
                0x0000000080b8c450                StateID_Rescue__24daEnBossKoopaDemoPeach_c = 0x80b8c450
                0x0000000080b8c490                _ZN24daEnBossKoopaDemoPeach_c13StateID_ThankE = 0x80b8c490
                0x0000000080b8c490                StateID_Thank__24daEnBossKoopaDemoPeach_c = 0x80b8c490
                0x0000000080301804                _ZTV12daBossDemo_c = 0x80301804
                0x0000000080301804                __vt__12daBossDemo_c = 0x80301804
                0x000000008001ccb0                _ZN12daBossDemo_c9onExecuteEv = 0x8001ccb0
                0x000000008001ccb0                onExecute__12daBossDemo_cFv = 0x8001ccb0
                0x000000008001ccf0                _ZN12daBossDemo_c6onDrawEv = 0x8001ccf0
                0x000000008001ccf0                onDraw__12daBossDemo_cFv = 0x8001ccf0
                0x000000008001cd00                _ZN12daBossDemo_c13willBeDeletedEv = 0x8001cd00
                0x000000008001cd00                willBeDeleted__12daBossDemo_cFv = 0x8001cd00
                0x000000008001cd10                _ZN12daBossDemo_c8onDeleteEv = 0x8001cd10
                0x000000008001cd10                onDelete__12daBossDemo_cFv = 0x8001cd10
                0x000000008001d190                _ZN12daBossDemo_c21endState_BattleEdDemoEv = 0x8001d190
                0x000000008001d190                endState_BattleEdDemo__12daBossDemo_cFv = 0x8001d190
                0x000000008001d1a0                _ZN12daBossDemo_c25executeState_BattleEdDemoEv = 0x8001d1a0
                0x000000008001d1a0                executeState_BattleEdDemo__12daBossDemo_cFv = 0x8001d1a0
                0x000000008001d180                _ZN12daBossDemo_c23beginState_BattleEdDemoEv = 0x8001d180
                0x000000008001d180                beginState_BattleEdDemo__12daBossDemo_cFv = 0x8001d180
                0x000000008001d100                _ZN12daBossDemo_c17endState_BattleInEv = 0x8001d100
                0x000000008001d100                endState_BattleIn__12daBossDemo_cFv = 0x8001d100
                0x000000008001d110                _ZN12daBossDemo_c21executeState_BattleInEv = 0x8001d110
                0x000000008001d110                executeState_BattleIn__12daBossDemo_cFv = 0x8001d110
                0x000000008001d090                _ZN12daBossDemo_c19beginState_BattleInEv = 0x8001d090
                0x000000008001d090                beginState_BattleIn__12daBossDemo_cFv = 0x8001d090
                0x000000008001d070                _ZN12daBossDemo_c21endState_BattleStDemoEv = 0x8001d070
                0x000000008001d070                endState_BattleStDemo__12daBossDemo_cFv = 0x8001d070
                0x000000008001d080                _ZN12daBossDemo_c25executeState_BattleStDemoEv = 0x8001d080
                0x000000008001d080                executeState_BattleStDemo__12daBossDemo_cFv = 0x8001d080
                0x000000008001d060                _ZN12daBossDemo_c23beginState_BattleStDemoEv = 0x8001d060
                0x000000008001d060                beginState_BattleStDemo__12daBossDemo_cFv = 0x8001d060
                0x000000008001cf60                _ZN12daBossDemo_c14endState_ReadyEv = 0x8001cf60
                0x000000008001cf60                endState_Ready__12daBossDemo_cFv = 0x8001cf60
                0x000000008001cf70                _ZN12daBossDemo_c18executeState_ReadyEv = 0x8001cf70
                0x000000008001cf70                executeState_Ready__12daBossDemo_cFv = 0x8001cf70
                0x000000008001cf50                _ZN12daBossDemo_c16beginState_ReadyEv = 0x8001cf50
                0x000000008001cf50                beginState_Ready__12daBossDemo_cFv = 0x8001cf50
                0x000000008001ce00                _ZN12daBossDemo_c9beatLevelEv = 0x8001ce00
                0x000000008001ce00                beatLevel__12daBossDemo_cFv = 0x8001ce00
                0x000000008001ce40                _ZN12daBossDemo_c9exitLevelEv = 0x8001ce40
                0x000000008001ce40                exitLevel__12daBossDemo_cFv = 0x8001ce40
                0x000000008042a068                _ZN19BalloonRelatedClass8instanceE = 0x8042a068
                0x000000008042a068                instance__19BalloonRelatedClass = 0x8042a068
                0x00000000802f1650                PlayerAnimStates = 0x802f1650
                0x000000008011a830                ContinueFromFixFireballSensorSetup = 0x8011a830
                0x00000000800b37e0                _Z21GetPosForLayoutEffectP4VEC3b = 0x800b37e0
                0x00000000800b37e0                GetPosForLayoutEffect__FP4VEC3b = 0x800b37e0
                0x0000000080a123ac                ContinueFromJustOneBomb = 0x80a123ac
                0x000000008015f630                _Z14SmoothRotationPsss = 0x8015f630
                0x000000008015f630                SmoothRotation__FPsss = 0x8015f630
                0x000000008081f420                KazanRock_OriginalCollisionCallback = 0x8081f420
                0x000000008081f190                KazanRock_Explode = 0x8081f190
                0x000000008005fb90                _Z16GetPlayerOrYoshii = 0x8005fb90
                0x000000008005fb90                GetPlayerOrYoshi__Fi = 0x8005fb90
                0x000000008005fb90                _ZN10daPlBase_c8findByIDEi = 0x8005fb90
                0x000000008005fb90                findByID__10daPlBase_cFi = 0x8005fb90
                0x000000008005f900                _ZN7dAcPy_c8findByIDEi = 0x8005f900
                0x000000008005f900                findByID__7dAcPy_cFi = 0x8005f900
                0x0000000080051f30                _ZN10daPlBase_c25justFaceSpecificDirectionEi = 0x80051f30
                0x0000000080051f30                justFaceSpecificDirection__10daPlBase_cFi = 0x80051f30
                0x0000000080052080                _ZN10daPlBase_c15moveInDirectionEPfS0_ = 0x80052080
                0x0000000080052080                moveInDirection__10daPlBase_cFPfPf = 0x80052080
                0x0000000080139a90                _ZN7dAcPy_c8getYoshiEv = 0x80139a90
                0x0000000080139a90                getYoshi__7dAcPy_cFv = 0x80139a90
                0x0000000080052170                _ZN10daPlBase_c22setAnimePlayWithAnimIDEi = 0x80052170
                0x0000000080052170                setAnimePlayWithAnimID__10daPlBase_cFi = 0x80052170
                0x0000000080052290                _ZN10daPlBase_c24setAnimePlayStandardTypeEi = 0x80052290
                0x0000000080052290                setAnimePlayStandardType__10daPlBase_cFi = 0x80052290
                0x000000008005e3b0                _ZN14dPlayerInput_c7setFlagENS_5FlagsE = 0x8005e3b0
                0x000000008005e3b0                setFlag__14dPlayerInput_cFQ214dPlayerInput_c5Flags = 0x8005e3b0
                0x000000008005e910                _ZN14dPlayerInput_c25setPermanentForcedButtonsEj = 0x8005e910
                0x000000008005e910                setPermanentForcedButtons__14dPlayerInput_cFUi = 0x8005e910
                0x000000008005e960                _ZN14dPlayerInput_c25setTransientForcedButtonsEj = 0x8005e960
                0x000000008005e960                setTransientForcedButtons__14dPlayerInput_cFUi = 0x8005e960
                0x000000008005e930                _ZN14dPlayerInput_c27unsetPermanentForcedButtonsEj = 0x8005e930
                0x000000008005e930                unsetPermanentForcedButtons__14dPlayerInput_cFUi = 0x8005e930
                0x0000000080056c70                _ZN10daPlBase_c7setFlagEi = 0x80056c70
                0x0000000080056c70                setFlag__10daPlBase_cFi = 0x80056c70
                0x0000000080056cb0                _ZN10daPlBase_c9clearFlagEi = 0x80056cb0
                0x0000000080056cb0                clearFlag__10daPlBase_cFi = 0x80056cb0
                0x0000000080056cf0                _ZN10daPlBase_c8testFlagEi = 0x80056cf0
                0x0000000080056cf0                testFlag__10daPlBase_cFi = 0x80056cf0
                0x0000000080052030                _ZN10daPlBase_c27isReadyForDemoControlActionEv = 0x80052030
                0x0000000080052030                isReadyForDemoControlAction__10daPlBase_cFv = 0x80052030
                0x000000008042a3e0                _ZN15dWaterManager_c8instanceE = 0x8042a3e0
                0x000000008042a3e0                instance__15dWaterManager_c = 0x8042a3e0
                0x00000000800eba40                _ZN15dWaterManager_c13queryPositionEP4VEC2S1_PfPsi = 0x800eba40
                0x00000000800eba40                queryPosition__15dWaterManager_cFP4VEC2P4VEC2PfPsi = 0x800eba40
                0x00000000800a0c70                OriginalPowBlockActivated = 0x800a0c70
                0x0000000080002eee                isReplayEnabled = 0x80002eee
                0x00000000800b44d0                UpdateSelectCursor = 0x800b44d0
                0x000000008010c890                HideSelectCursor = 0x8010c890
                0x000000008042a5a8                SelectCursorPointer = 0x8042a5a8
                0x00000000807afb90                _ZN12dStockItem_c25getIconPictureIDforPlayerEi = 0x807afb90
                0x00000000807afb90                getIconPictureIDforPlayer__12dStockItem_cFi = 0x807afb90
                0x00000000800b32e0                _Z15CrapUpPositionsP4VEC3PKS_ = 0x800b32e0
                0x00000000800b32e0                CrapUpPositions__FP4VEC3PC4VEC3 = 0x800b32e0
                0x00000000800fca24                ContinueFromCalcPowerupResult = 0x800fca24
                0x00000000800fc9ec                ContinueFromFixCalcPowerupResultForMushroom = 0x800fc9ec
                0x00000000807af9a8                ContinueFromSILayoutExtraStuffs = 0x807af9a8
                0x00000000807b0b3c                ContinueFromResetHammerAnimOnOpen = 0x807b0b3c
                0x00000000807af840                ContinueFromHideItemsByDefault = 0x807af840
                0x00000000807b0844                MakeSFISound = 0x807b0844
                0x00000000807b08a0                ContinueFromSIAddSound = 0x807b08a0
                0x00000000807b0d04                ChosenStartChoice = 0x807b0d04
                0x00000000807b2260                ContinueFromSISLayoutExtraStuffs = 0x807b2260
                0x00000000807b2528                ContinueFromUpdateSIS = 0x807b2528
                0x000000008042a5f0                EnemyBounceValue = 0x8042a5f0
                0x0000000080162e40                _ZN7fBase_c6searchEj = 0x80162e40
                0x0000000080162e40                search__7fBase_cFUi = 0x80162e40
                0x0000000080162e90                _ZN7fBase_c6searchE6ActorsPS_ = 0x80162e90
                0x0000000080162e90                search__7fBase_cF6ActorsP7fBase_c = 0x80162e90
                0x0000000080162ef0                _ZN7fBase_c16searchByBaseTypeEiPS_ = 0x80162ef0
                0x0000000080162ef0                searchByBaseType__7fBase_cFiP7fBase_c = 0x80162ef0
                0x00000000800bb330                AddStockPowerup = 0x800bb330
                0x00000000808aafd0                continueFromStrongBox2 = 0x808aafd0
                0x00000000808aa4d8                continueFromStrongBox = 0x808aa4d8
                0x000000008042a788                _8042A788 = 0x8042a788
                0x000000008019c390                _Z11playFanfarePvi = 0x8019c390
                0x000000008019c390                playFanfare__FPvi = 0x8019c390
                0x000000008019cb30                _Z19somethingAboutSoundPv = 0x8019cb30
                0x000000008019cb30                somethingAboutSound__FPv = 0x8019cb30
                0x0000000080262fd0                AxVoice_SetADPCM = 0x80262fd0
                0x0000000080281a90                Voice_SetADPCMLoop = 0x80281a90
                0x000000008027a340                _ZN4nw4r3snd11SoundHandle11DetachSoundEv = 0x8027a340
                0x000000008027a340                DetachSound__Q34nw4r3snd11SoundHandleFv = 0x8027a340
                0x0000000080266580                _ZN4nw4r3snd6detail10BasicSound5PauseEbi = 0x80266580
                0x0000000080266580                Pause__Q44nw4r3snd6detail10BasicSoundFbi = 0x80266580
                0x0000000080266390                _ZN4nw4r3snd6detail10BasicSound4StopEi = 0x80266390
                0x0000000080266390                Stop__Q44nw4r3snd6detail10BasicSoundFi = 0x80266390
                0x00000000802675f0                _ZN4nw4r3snd6detail10BasicSound8SetPitchEf = 0x802675f0
                0x00000000802675f0                SetPitch__Q44nw4r3snd6detail10BasicSoundFf = 0x802675f0
                0x0000000080267560                _ZN4nw4r3snd6detail10BasicSound9SetVolumeEfi = 0x80267560
                0x0000000080267560                SetVolume__Q44nw4r3snd6detail10BasicSoundFfi = 0x80267560
                0x000000008027f9d0                StrmSound_SetTrackVolume = 0x8027f9d0
                0x000000008042a490                DontShowPreGame = 0x8042a490
                0x0000000080374060                RESTART_CRSIN_LevelStartStruct = 0x80374060
                0x00000000800ca664                DrawTheFuckingHat = 0x800ca664
                0x00000000800ca698                DontDrawTheFuckingHat = 0x800ca698
                0x000000008004e050                continueFromMpPauseFix1 = 0x8004e050
                0x00000000801415a0                continueFromMpPauseFix2 = 0x801415a0
                0x00000000801412a4                continueFromMpPauseFix3 = 0x801412a4
                0x00000000800fcad0                CheckIfSinglePlayer = 0x800fcad0
                0x00000000800e598c                TextWriterCrapContinue = 0x800e598c
                0x0000000080926b10                _Z23StockWMInit_LoadEffectsPv = 0x80926b10
                0x0000000080926b10                StockWMInit_LoadEffects__FPv = 0x80926b10
                0x0000000080093520                _Z19CleanUpEffectThingsv = 0x80093520
                0x0000000080093520                CleanUpEffectThings__Fv = 0x80093520
                0x00000000800934d0                _Z11FreeEffectsi = 0x800934d0
                0x00000000800934d0                FreeEffects__Fi = 0x800934d0
                0x0000000080093170                _Z9FreeBreffi = 0x80093170
                0x0000000080093170                FreeBreff__Fi = 0x80093170
                0x00000000800931b0                _Z9FreeBrefti = 0x800931b0
                0x00000000800931b0                FreeBreft__Fi = 0x800931b0
                0x0000000080092e30                _ZN18BGGMEffectRendererD1Ev = 0x80092e30
                0x0000000080092e30                __dt__18BGGMEffectRendererFv = 0x80092e30
                0x0000000080311908                _ZTV18BGGMEffectRenderer = 0x80311908
                0x0000000080311908                __vt__18BGGMEffectRenderer = 0x80311908
                0x00000000802dcc90                __construct_array = 0x802dcc90
                0x00000000800cdd50                _Z6GetBMGv = 0x800cdd50
                0x00000000800cdd50                GetBMG__Fv = 0x800cdd50
                0x00000000802d7b50                _ZNK3EGG6MsgRes22findStringForMessageIDEii = 0x802d7b50
                0x00000000802d7b50                findStringForMessageID__Q23EGG6MsgResCFii = 0x802d7b50
                0x00000000800c9b50                _Z17WriteBMGToTextBoxPN4nw4r3lyt7TextBoxEPN7dScript5Res_cEiiiz = 0x800c9b50
                0x00000000800c9b50                WriteBMGToTextBox__FPQ34nw4r3lyt7TextBoxPQ27dScript5Res_ciiie = 0x800c9b50
                0x00000000800c9f70                _Z26WriteParsedStringToTextBoxPN4nw4r3lyt7TextBoxEPKwiPA1_13__va_list_tagPN7dScript5Res_cE = 0x800c9f70
                0x00000000800c9bf0                _Z23CheckForUSD1ShadowEntryPN4nw4r3lyt7TextBoxE = 0x800c9bf0
                0x00000000800c9bf0                CheckForUSD1ShadowEntry__FPQ34nw4r3lyt7TextBox = 0x800c9bf0
                0x00000000802ac5a0                _ZNK4nw4r3lyt4Pane17GetExtUserDataNumEv = 0x802ac5a0
                0x00000000802ac5a0                GetExtUserDataNum__Q34nw4r3lyt4PaneCFv = 0x802ac5a0
                0x00000000801644f0                m2d__Anm_c__Load = 0x801644f0
                0x0000000080163fa0                m2d__AnmResHandler_c__Load = 0x80163fa0
                0x0000000080144820                RealAcPyDtor = 0x80144820
                0x00000000808c5500                RealWm2dPlayerDtor = 0x808c5500
                0x000000008014b6c0                RealYoshiDtor = 0x8014b6c0
                0x00000000800b3be0                InsertIntIntoTextBox1 = 0x800b3be0
                0x00000000800b3b60                _Z20WriteNumberToTextBoxPiPKiPN4nw4r3lyt7TextBoxEb = 0x800b3b60
                0x00000000800b3b60                WriteNumberToTextBox__FPiPCiPQ34nw4r3lyt7TextBoxb = 0x800b3b60
                0x00000000800b3be0                _Z20WriteNumberToTextBoxPiPN4nw4r3lyt7TextBoxEb = 0x800b3be0
                0x00000000800b3be0                WriteNumberToTextBox__FPiPQ34nw4r3lyt7TextBoxb = 0x800b3be0
                0x0000000080810480                _ZN20daJrClownForPlayer_cC1Ev = 0x80810480
                0x0000000080810480                __ct__20daJrClownForPlayer_cFv = 0x80810480
                0x0000000080810540                _ZN20daJrClownForPlayer_cD1Ev = 0x80810540
                0x0000000080810540                __dt__20daJrClownForPlayer_cFv = 0x80810540
                0x00000000800a3600                PClownCarExecute = 0x800a3600
                0x00000000800951d0                PClownCarAfterCreate = 0x800951d0
                0x0000000080810b90                PClownCarDraw = 0x80810b90
                0x0000000080811e70                PClownCarMove = 0x80811e70
                0x0000000080812104                ContinueFromClownCarDetectAdjacent = 0x80812104
                0x000000008042e5b0                sAllocatorFunc__FrmHeap = 0x8042e5b0
                0x000000008005ffb0                GetActivePlayerCount = 0x8005ffb0
                0x000000008005ffb0                GetCountofActivePlayers = 0x8005ffb0
                0x000000008005fef0                GetActiveLivingPlayerCount = 0x8005fef0
                0x0000000080082240                _ZN19ClassWithCameraInfo22getEffectiveScreenLeftEv = 0x80082240
                0x0000000080082240                getEffectiveScreenLeft__19ClassWithCameraInfoFv = 0x80082240
                0x000000008042a0e0                _ZN19ClassWithCameraInfo8instanceE = 0x8042a0e0
                0x000000008042a0e0                instance__19ClassWithCameraInfo = 0x8042a0e0
                0x000000008005b5d0                BowserExitDemoState = 0x8005b5d0
                0x00000000807cce10                MagicEnd = 0x807cce10
                0x0000000080804680                KeyLoopSet = 0x80804680
                0x00000000809b28c0                BigHanaPlayer = 0x809b28c0
                0x00000000809b2ad0                BigHanaYoshi = 0x809b2ad0
                0x00000000809b2d80                BigHanaWeirdGP = 0x809b2d80
                0x00000000809b2cf0                BigHanaGroundPound = 0x809b2cf0
                0x00000000809b3a50                BigHanaFireball = 0x809b3a50
                0x00000000809b3a20                BigHanaIceball = 0x809b3a20
                0x0000000080146230                dAcPy_vf3F4 = 0x80146230
                0x0000000080146310                dAcPy_vf3F8 = 0x80146310
                0x0000000080146a10                dAcPy_vf3FC = 0x80146a10
                0x0000000080047390                dAcPy_vf294 = 0x80047390
                0x00000000809ddb80                Cloud_death_execute = 0x809ddb80
                0x00000000809dfd40                Cloud_execute = 0x809dfd40
                0x000000008042a648                GlobalTickCount = 0x8042a648
                0x000000008005f900                GetSpecificPlayerActor = 0x8005f900
                0x0000000080162e40                Actor_SearchByID = 0x80162e40
                0x0000000080429fda                TimeStopFlag = 0x80429fda
                0x00000000800e3ab8                TimerBranch = 0x800e3ab8
                0x000000008042bb44                MarioDescentRate = 0x8042bb44
                0x00000000802f591c                MarioJumpArc = 0x802f591c
                0x000000008042bb28                MarioJumpMax = 0x8042bb28
                0x00000000802f5964                MiniMarioJumpArc = 0x802f5964
                0x000000008042bb54                MarioSize = 0x8042bb54
                0x0000000080064540                AlwaysDrawFlag = 0x80064540
                0x0000000080064544                AlwaysDrawBranch = 0x80064544
                0x00000000800b2ee0                GenerateRandomNumber = 0x800b2ee0
                0x00000000800ce9b0                OneofManySoundPlayers = 0x800ce9b0
                0x0000000080b12a88                BombSleepState = 0x80b12a88
                0x00000000800a0b08                NoFreezie = 0x800a0b08
                0x000000008042a350                GameTimer = 0x8042a350
                0x0000000080d25bf8                GameTimerB = 0x80d25bf8
                0x00000000800e1f50                _Z13DoSceneChangetjj = 0x800e1f50
                0x00000000800e1f50                DoSceneChange__FUsUiUi = 0x800e1f50
                0x0000000080237ce0                _ZN4nw4r4math6FrSqrtEf = 0x80237ce0
                0x0000000080237ce0                FrSqrt__Q24nw4r4mathFf = 0x80237ce0
                0x0000000080237d10                _ZN4nw4r4math7SinFIdxEf = 0x80237d10
                0x0000000080237d10                SinFIdx__Q24nw4r4mathFf = 0x80237d10
                0x0000000080237d80                _ZN4nw4r4math7CosFIdxEf = 0x80237d80
                0x0000000080237d80                CosFIdx__Q24nw4r4mathFf = 0x80237d80
                0x0000000080237de0                _ZN4nw4r4math10SinCosFIdxEPfS1_f = 0x80237de0
                0x0000000080237de0                SinCosFIdx__Q24nw4r4mathFPfPff = 0x80237de0
                0x000000008042a72c                _ZN5mHeap11archiveHeapE = 0x8042a72c
                0x000000008042a72c                archiveHeap__5mHeap = 0x8042a72c
                0x000000008042a730                _ZN5mHeap11commandHeapE = 0x8042a730
                0x000000008042a730                commandHeap__5mHeap = 0x8042a730
                0x000000008042a734                _ZN5mHeap10dylinkHeapE = 0x8042a734
                0x000000008042a734                dylinkHeap__5mHeap = 0x8042a734
                0x000000008042a738                _ZN5mHeap10assertHeapE = 0x8042a738
                0x000000008042a738                assertHeap__5mHeap = 0x8042a738
                0x0000000080377f48                _ZN5mHeap9gameHeapsE = 0x80377f48
                0x0000000080377f48                gameHeaps__5mHeap = 0x80377f48
                0x00000000800db270                _ZN18StandOnTopCollider4initEP13dStageActor_cfffffshP4VEC2 = 0x800db270
                0x00000000800db270                init__18StandOnTopColliderFP13dStageActor_cfffffsUcP4VEC2 = 0x800db270
                0x00000000800db220                _ZN18StandOnTopColliderC1Ev = 0x800db220
                0x00000000800db220                __ct__18StandOnTopColliderFv = 0x800db220
                0x0000000080044400                _ZN18StandOnTopColliderD1Ev = 0x80044400
                0x0000000080044400                __dt__18StandOnTopColliderFv = 0x80044400
                0x00000000800db3e0                _ZN18StandOnTopCollider6updateEv = 0x800db3e0
                0x00000000800daef0                _ZN13BasicColliderD1Ev = 0x800daef0
                0x00000000800daef0                __dt__13BasicColliderFv = 0x800daef0
                0x000000008042a2fc                _ZN13BasicCollider14globalListHeadE = 0x8042a2fc
                0x000000008042a2fc                globalListHead__13BasicCollider = 0x8042a2fc
                0x00000000800daf70                _ZN13BasicCollider9addToListEv = 0x800daf70
                0x00000000800daf70                addToList__13BasicColliderFv = 0x800daf70
                0x00000000800db540                _ZN21RideableActorColliderC1Ev = 0x800db540
                0x00000000800db540                __ct__21RideableActorColliderFv = 0x800db540
                0x00000000800db590                _ZN21RideableActorCollider4initEP13dStageActor_cP4VEC2S3_ = 0x800db590
                0x00000000800db590                init__21RideableActorColliderFP13dStageActor_cP4VEC2P4VEC2 = 0x800db590
                0x00000000800db620                _ZN21RideableActorCollider4initEP13dStageActor_cffff = 0x800db620
                0x00000000800db620                init__21RideableActorColliderFP13dStageActor_cffff = 0x800db620
                0x00000000800db680                _ZN21RideableActorCollider11setPositionEP4VEC2S1_ = 0x800db680
                0x00000000800db680                setPosition__21RideableActorColliderFP4VEC2P4VEC2 = 0x800db680
                0x00000000800db6e0                _ZN21RideableActorCollider11setPositionEffff = 0x800db6e0
                0x00000000800db6e0                setPosition__21RideableActorColliderFffff = 0x800db6e0
                0x00000000800bc700                _ZN21SomethingAboutShrooms14drawWithMatrixEfP4mMtx = 0x800bc700
                0x00000000800bc700                drawWithMatrix__21SomethingAboutShroomsFfP4mMtx = 0x800bc700
                0x000000008087f8d0                _ZN13daObjKinoko_c17original_onCreateEv = 0x8087f8d0
                0x000000008087f8d0                original_onCreate__13daObjKinoko_cFv = 0x8087f8d0
                0x000000008042a178                _ZN13dCourseFull_c8instanceE = 0x8042a178
                0x000000008042a178                instance__13dCourseFull_c = 0x8042a178
                0x000000008008e890                _ZN9dCourse_c11getRectByIDEhP5mRect = 0x8008e890
                0x000000008008e890                getRectByID__9dCourse_cFUcP5mRect = 0x8008e890
                0x000000008008e3d0                _ZN9dCourse_c15getNextGotoByIDEh = 0x8008e3d0
                0x000000008008e3d0                getNextGotoByID__9dCourse_cFUc = 0x8008e3d0
                0x0000000080057820                modifyPlayerPropertiesWithRollingObject = 0x80057820
                0x0000000080a582a0                EN_LandbarrelPlayerCollision = 0x80a582a0
                0x000000008042a028                _ZN16dStageActorMgr_c8instanceE = 0x8042a028
                0x000000008042a028                instance__16dStageActorMgr_c = 0x8042a028
                0x00000000807db420                StartBGMMusic = 0x807db420
                0x00000000807db430                StopBGMMusic = 0x807db430
                0x000000008042a1f0                _ZN11dStage32C_c8instanceE = 0x8042a1f0
                0x000000008042a1f0                instance__11dStage32C_c = 0x8042a1f0
                0x0000000080429f74                _ZN7WLClass8instanceE = 0x80429f74
                0x0000000080429f74                instance__7WLClass = 0x80429f74
                0x000000008005ca50                _ZN7WLClass18disableDemoControlEb = 0x8005ca50
                0x000000008005ca50                disableDemoControl__7WLClassFb = 0x8005ca50
                0x000000008005c930                _ZN7WLClass21demoControlAllPlayersEv = 0x8005c930
                0x000000008005c930                demoControlAllPlayers__7WLClassFv = 0x8005c930
                0x00000000800d8d50                ShakeScreen = 0x800d8d50
                0x000000008042a2e8                StageScreen = 0x8042a2e8
                0x0000000080137650                stunPlayer = 0x80137650
                0x0000000080137790                unstunPlayer = 0x80137790
                0x0000000080064680                _ZN13dStageActor_c11createChildE6ActorsPS_jP4VEC3P6S16Vech = 0x80064680
                0x0000000080064680                createChild__13dStageActor_cF6ActorsP13dStageActor_cUiP4VEC3P6S16VecUc = 0x80064680
                0x000000008001cdb0                GameMgrBossEndFunc = 0x8001cdb0
                0x00000000807c7f50                MakeMarioEnterDemoMode = 0x807c7f50
                0x000000008005ca50                MakeMarioExitDemoMode = 0x8005ca50
                0x000000008005ca50                ForceMarioExitDemoMode = 0x8005ca50
                0x0000000080052170                ResetPlayerState = 0x80052170
                0x000000008001cdb0                UpdateGameMgr = 0x8001cdb0
                0x0000000080056cb0                UnsetShit = 0x80056cb0
                0x0000000080999c04                _ZN12daKameckDemo15StateID_DemoSt2E = 0x80999c04
                0x0000000080999c04                StateID_DemoSt2__12daKameckDemo = 0x80999c04
                0x0000000080999c44                _ZN12daKameckDemo14StateID_DemoStE = 0x80999c44
                0x0000000080999c44                StateID_DemoSt__12daKameckDemo = 0x80999c44
                0x0000000080999c84                _ZN12daKameckDemo16StateID_DemoWaitE = 0x80999c84
                0x0000000080999c84                StateID_DemoWait__12daKameckDemo = 0x80999c84
                0x0000000080b8bfac                _ZN13daBossKoopa_c12StateID_FallE = 0x80b8bfac
                0x0000000080b8bfac                StateID_Fall__13daBossKoopa_c = 0x80b8bfac
                0x000000008099cf8c                _ZN9daNeedles16StateID_DemoWaitE = 0x8099cf8c
                0x000000008099cf8c                StateID_DemoWait__9daNeedles = 0x8099cf8c
                0x000000008099cfd0                _ZN9daNeedles17StateID_DemoAwakeE = 0x8099cfd0
                0x000000008099cfd0                StateID_DemoAwake__9daNeedles = 0x8099cfd0
                0x000000008099d010                _ZN9daNeedles12StateID_IdleE = 0x8099d010
                0x000000008099d010                StateID_Idle__9daNeedles = 0x8099d010
                0x000000008099d050                _ZN9daNeedles11StateID_DieE = 0x8099d050
                0x000000008099d050                StateID_Die__9daNeedles = 0x8099d050
                0x000000008035451c                _ZN7dPlayer12StateID_NoneE = 0x8035451c
                0x000000008035451c                StateID_None__7dPlayer = 0x8035451c
                0x000000008035455c                _ZN7dPlayer12StateID_WalkE = 0x8035455c
                0x000000008035455c                StateID_Walk__7dPlayer = 0x8035455c
                0x000000008035459c                _ZN7dPlayer12StateID_JumpE = 0x8035459c
                0x000000008035459c                StateID_Jump__7dPlayer = 0x8035459c
                0x000000008035499c                _ZN7dPlayer16StateID_DemoNoneE = 0x8035499c
                0x000000008035499c                StateID_DemoNone__7dPlayer = 0x8035499c
                0x0000000080354a1c                _ZN7dPlayer16StateID_DemoWaitE = 0x80354a1c
                0x0000000080354a1c                StateID_DemoWait__7dPlayer = 0x80354a1c
                0x0000000080354ddc                _ZN7dPlayer16StateID_DemoGoalE = 0x80354ddc
                0x0000000080354ddc                StateID_DemoGoal__7dPlayer = 0x80354ddc
                0x0000000080354e1c                _ZN7dPlayer19StateID_DemoControlE = 0x80354e1c
                0x0000000080354e1c                StateID_DemoControl__7dPlayer = 0x80354e1c
                0x00000000808a94c0                PlayWrenchSound = 0x808a94c0
                0x000000008042a3e0                WaterManager = 0x8042a3e0
                0x00000000800eba40                CheckforLiquid = 0x800eba40
                0x0000000080b7e840                BowserFireballCollision = 0x80b7e840
                0x0000000080b3f200                BowserDamageAnmClr = 0x80b3f200
                0x0000000080b1f8d0                BowserDamageStepTwo = 0x80b1f8d0
                0x0000000080b1f8f0                BowserDamageNormal = 0x80b1f8f0
                0x0000000080098d80                BowserDamageKill = 0x80098d80
                0x0000000080b3f530                BowserDamageEnd = 0x80b3f530
                0x000000008008c3e0                ActivePhysics_InitWithStruct = 0x8008c3e0
                0x000000008008c330                ActivePhysics_AddToList = 0x8008c330
                0x000000008008c200                _ZN13ActivePhysicsC1Ev = 0x8008c200
                0x000000008008c200                __ct__13ActivePhysicsFv = 0x8008c200
                0x000000008008c260                _ZN13ActivePhysicsD1Ev = 0x8008c260
                0x000000008008c260                __dt__13ActivePhysicsFv = 0x8008c260
                0x000000008006cd90                HandleXSpeed = 0x8006cd90
                0x000000008006cde0                HandleYSpeed = 0x8006cde0
                0x000000008006cd40                UpdateObjectPosBasedOnSpeedValues_real = 0x8006cd40
                0x0000000080096240                dSprite_c__getXDirectionOfFurthestPlayerRelativeToVEC3 = 0x80096240
                0x0000000080064740                CalculateDistanceFromActorsNextPosToFurthestPlayer = 0x80064740
                0x00000000800955f0                doSpriteMovement = 0x800955f0
                0x000000008042a1c8                _ZN17dEffectBreakMgr_c8instanceE = 0x8042a1c8
                0x000000008042a1c8                instance__17dEffectBreakMgr_c = 0x8042a1c8
                0x00000000800925f0                _ZN17dEffectBreakMgr_c9spawnTileEP4VEC3jc = 0x800925f0
                0x00000000800925f0                spawnTile__17dEffectBreakMgr_cFP4VEC3Uic = 0x800925f0
                0x0000000080070cb0                CollidedWithTile = 0x80070cb0
                0x0000000080096e60                SomeStrangeModification = 0x80096e60
                0x000000008006ced0                Actor_GetVec3WithValuesAdded = 0x8006ced0
                0x000000008006a4b0                ConvertStagePositionIntoScreenPosition__Maybe = 0x8006a4b0
                0x0000000080198040                AnotherSoundRelatedFunction = 0x80198040
                0x0000000080199100                YetAnotherSoundPlayer = 0x80199100
                0x0000000080196740                CheckIfPlayingSound = 0x80196740
                0x0000000080105350                RelatedToPlayingSoundsAlongsideAnims = 0x80105350
                0x000000008042a768                SoundRelatedClass = 0x8042a768
                0x00000000801954c0                MapSoundPlayer = 0x801954c0
                0x00000000801951d0                PlaySoundWithFunctionB4 = 0x801951d0
                0x000000008006a4b0                _Z36ConvertStagePositionToScreenPositionP4VEC2P4VEC3 = 0x8006a4b0
                0x000000008006a4b0                ConvertStagePositionToScreenPosition__FP4VEC2P4VEC3 = 0x8006a4b0
                0x0000000080198d70                _ZN17SoundPlayingClass19PlaySoundAtPositionEiP4VEC2j = 0x80198d70
                0x0000000080198d70                PlaySoundAtPosition__17SoundPlayingClassFiP4VEC2Ui = 0x80198d70
                0x000000008042a040                _ZN17SoundPlayingClass9instance2E = 0x8042a040
                0x000000008042a040                instance2__17SoundPlayingClass = 0x8042a040
                0x0000000080102370                _Z9ExitStageiiii = 0x80102370
                0x0000000080102370                ExitStage__Fiiii = 0x80102370
                0x0000000080102374                ExitStageRealRest = 0x80102374
                0x000000008042931c                LastPowerupStoreType = 0x8042931c
                0x000000008016f290                _ZN4mMtx4zeroEv = 0x8016f290
                0x000000008016f290                zero__4mMtxFv = 0x8016f290
                0x000000008016ed30                _ZN4mMtx9rotationXEPs = 0x8016ed30
                0x000000008016ed30                rotationX__4mMtxFPs = 0x8016ed30
                0x000000008016edf0                _ZN4mMtx14applyRotationXEPs = 0x8016edf0
                0x000000008016edf0                applyRotationX__4mMtxFPs = 0x8016edf0
                0x000000008016ee50                _ZN4mMtx9rotationYEPs = 0x8016ee50
                0x000000008016ee50                rotationY__4mMtxFPs = 0x8016ee50
                0x000000008016ef10                _ZN4mMtx14applyRotationYEPs = 0x8016ef10
                0x000000008016ef10                applyRotationY__4mMtxFPs = 0x8016ef10
                0x000000008016ef70                _ZN4mMtx9rotationZEPs = 0x8016ef70
                0x000000008016ef70                rotationZ__4mMtxFPs = 0x8016ef70
                0x000000008016f030                _ZN4mMtx14applyRotationZEPs = 0x8016f030
                0x000000008016f030                applyRotationZ__4mMtxFPs = 0x8016f030
                0x000000008016f090                _ZN4mMtx16applyRotationYXZEPsS0_S0_ = 0x8016f090
                0x000000008016f090                applyRotationYXZ__4mMtxFPsPsPs = 0x8016f090
                0x000000008016f110                _ZN4mMtx16applyRotationZYXEPsS0_S0_ = 0x8016f110
                0x000000008016f110                applyRotationZYX__4mMtxFPsPsPs = 0x8016f110
                0x00000000802dcf98                _savefpr_14 = 0x802dcf98
                0x00000000802dcf9c                _savefpr_15 = 0x802dcf9c
                0x00000000802dcfa0                _savefpr_16 = 0x802dcfa0
                0x00000000802dcfa4                _savefpr_17 = 0x802dcfa4
                0x00000000802dcfa8                _savefpr_18 = 0x802dcfa8
                0x00000000802dcfac                _savefpr_19 = 0x802dcfac
                0x00000000802dcfb0                _savefpr_20 = 0x802dcfb0
                0x00000000802dcfb4                _savefpr_21 = 0x802dcfb4
                0x00000000802dcfb8                _savefpr_22 = 0x802dcfb8
                0x00000000802dcfbc                _savefpr_23 = 0x802dcfbc
                0x00000000802dcfc0                _savefpr_24 = 0x802dcfc0
                0x00000000802dcfc4                _savefpr_25 = 0x802dcfc4
                0x00000000802dcfc8                _savefpr_26 = 0x802dcfc8
                0x00000000802dcfcc                _savefpr_27 = 0x802dcfcc
                0x00000000802dcfd0                _savefpr_28 = 0x802dcfd0
                0x00000000802dcfd4                _savefpr_29 = 0x802dcfd4
                0x00000000802dcfd8                _savefpr_30 = 0x802dcfd8
                0x00000000802dcfdc                _savefpr_31 = 0x802dcfdc
                0x00000000802dcfe4                _restfpr_14 = 0x802dcfe4
                0x00000000802dcfe8                _restfpr_15 = 0x802dcfe8
                0x00000000802dcfec                _restfpr_16 = 0x802dcfec
                0x00000000802dcff0                _restfpr_17 = 0x802dcff0
                0x00000000802dcff4                _restfpr_18 = 0x802dcff4
                0x00000000802dcff8                _restfpr_19 = 0x802dcff8
                0x00000000802dcffc                _restfpr_20 = 0x802dcffc
                0x00000000802dd000                _restfpr_21 = 0x802dd000
                0x00000000802dd004                _restfpr_22 = 0x802dd004
                0x00000000802dd008                _restfpr_23 = 0x802dd008
                0x00000000802dd00c                _restfpr_24 = 0x802dd00c
                0x00000000802dd010                _restfpr_25 = 0x802dd010
                0x00000000802dd014                _restfpr_26 = 0x802dd014
                0x00000000802dd018                _restfpr_27 = 0x802dd018
                0x00000000802dd01c                _restfpr_28 = 0x802dd01c
                0x00000000802dd020                _restfpr_29 = 0x802dd020
                0x00000000802dd024                _restfpr_30 = 0x802dd024
                0x00000000802dd028                _restfpr_31 = 0x802dd028
                0x00000000802dd030                _savegpr_14 = 0x802dd030
                0x00000000802dd034                _savegpr_15 = 0x802dd034
                0x00000000802dd038                _savegpr_16 = 0x802dd038
                0x00000000802dd03c                _savegpr_17 = 0x802dd03c
                0x00000000802dd040                _savegpr_18 = 0x802dd040
                0x00000000802dd044                _savegpr_19 = 0x802dd044
                0x00000000802dd048                _savegpr_20 = 0x802dd048
                0x00000000802dd04c                _savegpr_21 = 0x802dd04c
                0x00000000802dd050                _savegpr_22 = 0x802dd050
                0x00000000802dd054                _savegpr_23 = 0x802dd054
                0x00000000802dd058                _savegpr_24 = 0x802dd058
                0x00000000802dd05c                _savegpr_25 = 0x802dd05c
                0x00000000802dd060                _savegpr_26 = 0x802dd060
                0x00000000802dd064                _savegpr_27 = 0x802dd064
                0x00000000802dd068                _savegpr_28 = 0x802dd068
                0x00000000802dd06c                _savegpr_29 = 0x802dd06c
                0x00000000802dd070                _savegpr_30 = 0x802dd070
                0x00000000802dd074                _savegpr_31 = 0x802dd074
                0x00000000802dd07c                _restgpr_14 = 0x802dd07c
                0x00000000802dd080                _restgpr_15 = 0x802dd080
                0x00000000802dd084                _restgpr_16 = 0x802dd084
                0x00000000802dd088                _restgpr_17 = 0x802dd088
                0x00000000802dd08c                _restgpr_18 = 0x802dd08c
                0x00000000802dd090                _restgpr_19 = 0x802dd090
                0x00000000802dd094                _restgpr_20 = 0x802dd094
                0x00000000802dd098                _restgpr_21 = 0x802dd098
                0x00000000802dd09c                _restgpr_22 = 0x802dd09c
                0x00000000802dd0a0                _restgpr_23 = 0x802dd0a0
                0x00000000802dd0a4                _restgpr_24 = 0x802dd0a4
                0x00000000802dd0a8                _restgpr_25 = 0x802dd0a8
                0x00000000802dd0ac                _restgpr_26 = 0x802dd0ac
                0x00000000802dd0b0                _restgpr_27 = 0x802dd0b0
                0x00000000802dd0b4                _restgpr_28 = 0x802dd0b4
                0x00000000802dd0b8                _restgpr_29 = 0x802dd0b8
                0x00000000802dd0bc                _restgpr_30 = 0x802dd0bc
                0x00000000802dd0c0                _restgpr_31 = 0x802dd0c0
                0x00000000802dd4dc                __shl2i = 0x802dd4dc
                0x00000000802b9350                _Znwm = 0x802b9350
                0x00000000802b9350                __nw__FUl = 0x802b9350
                0x00000000802b93c0                _ZdlPv = 0x802b93c0
                0x00000000802b93c0                __dl__FPv = 0x802b93c0
                0x00000000802b93d0                _ZdaPv = 0x802b93d0
                0x00000000802b93d0                __dla__FPv = 0x802b93d0
                0x00000000802dcad0                __construct_new_array = 0x802dcad0
                0x00000000802dce00                __destroy_new_array = 0x802dce00
                0x00000000802dcd88                __destroy_arr = 0x802dcd88
                0x0000000080024c20                sub_80024C20 = 0x80024c20
                0x00000000802dca70                __register_global_object = 0x802dca70
                0x00000000802dceec                __ptmf_scall = 0x802dceec
                0x000000008015f740                _ZN13FunctionChain5setupEPPFbPvEt = 0x8015f740
                0x000000008015f740                setup__13FunctionChainFPPFPv_bUs = 0x8015f740
                0x000000008006cf40                _ZN14collisionMgr_cC1E = 0x8006cf40
                0x000000008006cf40                __ct__14collisionMgr_c = 0x8006cf40
                0x000000008006cf40                _ZN14collisionMgr_cD1E = 0x8006cf40
                0x000000008006cf40                __dt__14collisionMgr_c = 0x8006cf40
                0x000000008006cfe0                _ZN14collisionMgr_c6clear1Ev = 0x8006cfe0
                0x000000008006cfe0                clear1__14collisionMgr_cFv = 0x8006cfe0
                0x000000008006d000                _ZN14collisionMgr_c6clear2Ev = 0x8006d000
                0x000000008006d000                clear2__14collisionMgr_cFv = 0x8006d000
                0x000000008006d090                _ZN14collisionMgr_c4initEP13dStageActor_cPK12sensorBase_sS4_S4_ = 0x8006d090
                0x000000008006d090                init__14collisionMgr_cFP13dStageActor_cPC12sensorBase_sPC12sensorBase_sPC12sensorBase_s = 0x8006d090
                0x000000008006d440                _ZN14collisionMgr_c6Clear3Ev = 0x8006d440
                0x000000008006d440                Clear3__14collisionMgr_cFv = 0x8006d440
                0x000000008006db30                _ZN14collisionMgr_c23calculateBelowCollisionEv = 0x8006db30
                0x000000008006db30                calculateBelowCollision__14collisionMgr_cFv = 0x8006db30
                0x0000000080070cb0                _ZNK14collisionMgr_c13isOnTopOfTileEv = 0x80070cb0
                0x0000000080070cb0                isOnTopOfTile__14collisionMgr_cCFv = 0x80070cb0
                0x000000008006ef40                _ZN14collisionMgr_c23calculateAboveCollisionEj = 0x8006ef40
                0x000000008006ef40                calculateAboveCollision__14collisionMgr_cFUi = 0x8006ef40
                0x0000000080072bc0                _ZN14collisionMgr_c38calculateBelowCollisionWithSmokeEffectEv = 0x80072bc0
                0x0000000080072bc0                calculateBelowCollisionWithSmokeEffect__14collisionMgr_cFv = 0x80072bc0
                0x000000008006fa40                _ZN14collisionMgr_c26calculateAdjacentCollisionEPf = 0x8006fa40
                0x000000008006fa40                calculateAdjacentCollision__14collisionMgr_cFPf = 0x8006fa40
                0x0000000080070760                _ZN14collisionMgr_c10s_80070760Ev = 0x80070760
                0x0000000080070760                s_80070760__14collisionMgr_cFv = 0x80070760
                0x00000000800707e0                _ZN14collisionMgr_c10s_800707E0Ev = 0x800707e0
                0x00000000800707e0                s_800707E0__14collisionMgr_cFv = 0x800707e0
                0x0000000080070ba0                _ZN14collisionMgr_c19getTileBehaviour1AtEffh = 0x80070ba0
                0x0000000080070ba0                getTileBehaviour1At__14collisionMgr_cFffUc = 0x80070ba0
                0x0000000080070bf0                _ZN14collisionMgr_c19getTileBehaviour2AtEffh = 0x80070bf0
                0x0000000080070bf0                getTileBehaviour2At__14collisionMgr_cFffUc = 0x80070bf0
                0x0000000080070720                _ZN14collisionMgr_c15getBelowSubTypeE = 0x80070720
                0x0000000080070720                getBelowSubType__14collisionMgr_c = 0x80070720
                0x0000000080070720                _ZN14collisionMgr_c15getBelowSubTypeEv = 0x80070720
                0x00000000800b8490                __ct_11freezeMgr_c = 0x800b8490
                0x00000000800b8530                _ZN11freezeMgr_cD1Ev = 0x800b8530
                0x00000000800b8530                __dt__11freezeMgr_cFv = 0x800b8530
                0x00000000800b85a0                _ZN11freezeMgr_c16doSomethingCool1E = 0x800b85a0
                0x00000000800b85a0                doSomethingCool1__11freezeMgr_c = 0x800b85a0
                0x00000000800b8670                _ZN11freezeMgr_c16doSomethingCool2E = 0x800b8670
                0x00000000800b8670                doSomethingCool2__11freezeMgr_c = 0x800b8670
                0x00000000800b8740                _ZN11freezeMgr_c12setSomethingEjjj = 0x800b8740
                0x00000000800b8740                setSomething__11freezeMgr_cFUiUiUi = 0x800b8740
                0x00000000800b8750                _ZN11freezeMgr_c16Create_ICEACTORsEPvi = 0x800b8750
                0x00000000800b8750                Create_ICEACTORs__11freezeMgr_cFPvi = 0x800b8750
                0x00000000800b88a0                _ZN11freezeMgr_c16Delete_ICEACTORsE = 0x800b88a0
                0x00000000800b88a0                Delete_ICEACTORs__11freezeMgr_c = 0x800b88a0
                0x00000000800b8920                _ZN11freezeMgr_c15SetIceTimer_pt1E = 0x800b8920
                0x00000000800b8920                SetIceTimer_pt1__11freezeMgr_c = 0x800b8920
                0x00000000800b8980                _ZN11freezeMgr_c15SetIceTimer_pt2E = 0x800b8980
                0x00000000800b8980                SetIceTimer_pt2__11freezeMgr_c = 0x800b8980
                0x00000000800b8a00                _ZN11freezeMgr_c23CheckIceTimer_lte_ValueE = 0x800b8a00
                0x00000000800b8a00                CheckIceTimer_lte_Value__11freezeMgr_c = 0x800b8a00
                0x00000000800b8a70                _ZN11freezeMgr_c16doSomethingCool3E = 0x800b8a70
                0x00000000800b8a70                doSomethingCool3__11freezeMgr_c = 0x800b8a70
                0x00000000800b8b00                _ZN11freezeMgr_c16doSomethingCool4E = 0x800b8b00
                0x00000000800b8b00                doSomethingCool4__11freezeMgr_c = 0x800b8b00
                0x00000000800b8b80                _ZN11freezeMgr_c16doSomethingCool5E = 0x800b8b80
                0x00000000800b8b80                doSomethingCool5__11freezeMgr_c = 0x800b8b80
                0x00000000800b8c00                _ZN11freezeMgr_c16doSomethingCool6E = 0x800b8c00
                0x00000000800b8c00                doSomethingCool6__11freezeMgr_c = 0x800b8c00
                0x00000000800b8c80                _ZN11freezeMgr_c12DoMeltNormalE = 0x800b8c80
                0x00000000800b8c80                DoMeltNormal__11freezeMgr_c = 0x800b8c80
                0x00000000800b8d40                _ZN11freezeMgr_c16doSomethingCool7E = 0x800b8d40
                0x00000000800b8d40                doSomethingCool7__11freezeMgr_c = 0x800b8d40
                0x00000000800b8f30                _ZN11freezeMgr_c19CheckCountdownTimerE = 0x800b8f30
                0x00000000800b8f30                CheckCountdownTimer__11freezeMgr_c = 0x800b8f30
                0x0000000080329758                _ZTV7fBase_c = 0x80329758
                0x0000000080329758                __vt__7fBase_c = 0x80329758
                0x0000000080161ec0                _ZN7fBase_c8onCreateEv = 0x80161ec0
                0x0000000080161ec0                onCreate__7fBase_cFv = 0x80161ec0
                0x0000000080161f70                _ZN7fBase_c8onDeleteEv = 0x80161f70
                0x0000000080161f70                onDelete__7fBase_cFv = 0x80161f70
                0x0000000080162210                _ZN7fBase_c9onExecuteEv = 0x80162210
                0x0000000080162210                onExecute__7fBase_cFv = 0x80162210
                0x0000000080162410                _ZN7fBase_c13willBeDeletedEv = 0x80162410
                0x0000000080162410                willBeDeleted__7fBase_cFv = 0x80162410
                0x0000000080162730                _ZN7fBase_c12moreHeapShitEjPv = 0x80162730
                0x0000000080162730                moreHeapShit__7fBase_cFUiPv = 0x80162730
                0x0000000080162930                _ZN7fBase_c10createHeapEjPv = 0x80162930
                0x0000000080162930                createHeap__7fBase_cFUiPv = 0x80162930
                0x00000000801629f0                _ZN7fBase_c11heapCreatedEv = 0x801629f0
                0x00000000801629f0                heapCreated__7fBase_cFv = 0x801629f0
                0x0000000080162650                _ZN7fBase_c6DeleteEv = 0x80162650
                0x0000000080162650                Delete__7fBase_cFv = 0x80162650
                0x0000000080162af0                _ZN7fBase_c28findNextUninitialisedProcessEv = 0x80162af0
                0x0000000080162af0                findNextUninitialisedProcess__7fBase_cFv = 0x80162af0
                0x0000000080162b60                _ZN7fBase_c25hasUninitialisedProcessesEv = 0x80162b60
                0x0000000080162b60                hasUninitialisedProcesses__7fBase_cFv = 0x80162b60
                0x0000000080162310                _ZN7fBase_c6onDrawEv = 0x80162310
                0x0000000080162310                onDraw__7fBase_cFv = 0x80162310
                0x0000000080162650                _Z15fBase_c__DeletePv = 0x80162650
                0x0000000080162650                fBase_c__Delete__FPv = 0x80162650
                0x0000000080317b78                _ZTV15StageActorLight = 0x80317b78
                0x0000000080317b78                __vt__15StageActorLight = 0x80317b78
                0x00000000800ccb70                _ZN15StageActorLight4initEPvi = 0x800ccb70
                0x00000000800ccb70                init__15StageActorLightFPvi = 0x800ccb70
                0x00000000800ccc30                _ZN15StageActorLight6updateE = 0x800ccc30
                0x00000000800ccc30                update__15StageActorLight = 0x800ccc30
                0x00000000800ccce0                _ZN15StageActorLight4drawE = 0x800ccce0
                0x00000000800ccce0                draw__15StageActorLight = 0x800ccce0
                0x00000000800ccce0                _ZN15StageActorLight6updateEv = 0x800ccce0
                0x00000000800ccce0                _ZN15StageActorLight4drawEv = 0x800ccce0
                0x00000000800414a0                _ZN15StageActorLightD1E = 0x800414a0
                0x00000000800414a0                __dt__15StageActorLight = 0x800414a0
                0x000000008006c660                _ZN7dBase_c20GetExplanationStringEv = 0x8006c660
                0x000000008006c660                GetExplanationString__7dBase_cFv = 0x8006c660
                0x00000000803021a8                _ZTV15daEnBlockMain_c = 0x803021a8
                0x00000000803021a8                __vt__15daEnBlockMain_c = 0x803021a8
                0x0000000080023340                _ZN15daEnBlockMain_cD1Ev = 0x80023340
                0x0000000080023340                __dt__15daEnBlockMain_cFv = 0x80023340
                0x0000000080022e80                _ZN15daEnBlockMain_c22calledWhenUpMoveBeginsEv = 0x80022e80
                0x0000000080022e80                calledWhenUpMoveBegins__15daEnBlockMain_cFv = 0x80022e80
                0x0000000080022f60                _ZN15daEnBlockMain_c24calledWhenDownMoveBeginsEv = 0x80022f60
                0x0000000080022f60                calledWhenDownMoveBegins__15daEnBlockMain_cFv = 0x80022f60
                0x0000000080022f30                _ZN15daEnBlockMain_c24calledWhenUpMoveExecutesEv = 0x80022f30
                0x0000000080022f30                calledWhenUpMoveExecutes__15daEnBlockMain_cFv = 0x80022f30
                0x00000000800231a0                _ZN15daEnBlockMain_c28calledWhenUpMoveDiffExecutesEv = 0x800231a0
                0x00000000800231a0                calledWhenUpMoveDiffExecutes__15daEnBlockMain_cFv = 0x800231a0
                0x0000000080023010                _ZN15daEnBlockMain_c26calledWhenDownMoveExecutesEv = 0x80023010
                0x0000000080023010                calledWhenDownMoveExecutes__15daEnBlockMain_cFv = 0x80023010
                0x0000000080023080                _ZN15daEnBlockMain_c29calledWhenDownMoveEndExecutesEv = 0x80023080
                0x0000000080023080                calledWhenDownMoveEndExecutes__15daEnBlockMain_cFv = 0x80023080
                0x00000000800232c0                _ZN15daEnBlockMain_c30calledWhenDownMoveDiffExecutesEv = 0x800232c0
                0x00000000800232c0                calledWhenDownMoveDiffExecutes__15daEnBlockMain_cFv = 0x800232c0
[...]

.group          0x0000000000000000        0x8
 .group         0x0000000000000000        0x8 c:\temp\tmpff9v_i\30.o

.group          0x0000000000000000        0x8
 .group         0x0000000000000000        0x8 c:\temp\tmpff9v_i\30.o

.group          0x0000000000000000        0x8
 .group         0x0000000000000000        0x8 c:\temp\tmpff9v_i\31.o

.group          0x0000000000000000        0x8
 .group         0x0000000000000000        0x8 c:\temp\tmpff9v_i\31.o

.group          0x0000000000000000        0x8
 .group         0x0000000000000000        0x8 c:\temp\tmpff9v_i\31.o

.group          0x0000000000000000        0x8
 .group         0x0000000000000000        0x8 c:\temp\tmpff9v_i\31.o

.group          0x0000000000000000        0x8
 .group         0x0000000000000000        0x8 c:\temp\tmpff9v_i\31.o

.group          0x0000000000000000        0x8
 .group         0x0000000000000000        0x8 c:\temp\tmpff9v_i\31.o

.group          0x0000000000000000        0x8
 .group         0x0000000000000000        0x8 c:\temp\tmpff9v_i\31.o

.group          0x0000000000000000        0x8
 .group         0x0000000000000000        0x8 c:\temp\tmpff9v_i\31.o

.group          0x0000000000000000        0x8
 .group         0x0000000000000000        0x8 c:\temp\tmpff9v_i\31.o

.group          0x0000000000000000        0x8
 .group         0x0000000000000000        0x8 c:\temp\tmpff9v_i\31.o

.group          0x0000000000000000        0x8
 .group         0x0000000000000000        0x8 c:\temp\tmpff9v_i\31.o

.group          0x0000000000000000        0x8
 .group         0x0000000000000000        0x8 c:\temp\tmpff9v_i\31.o

.group          0x0000000000000000        0x8
 .group         0x0000000000000000        0x8 c:\temp\tmpff9v_i\31.o

.group          0x0000000000000000        0x8
 .group         0x0000000000000000        0x8 c:\temp\tmpff9v_i\31.o

.group          0x0000000000000000        0x8
 .group         0x0000000000000000        0x8 c:\temp\tmpff9v_i\31.o

.group          0x0000000000000000        0x8
 .group         0x0000000000000000        0x8 c:\temp\tmpff9v_i\31.o

.group          0x0000000000000000        0x8
 .group         0x0000000000000000        0x8 c:\temp\tmpff9v_i\31.o

.group          0x0000000000000000        0x8
 .group         0x0000000000000000        0x8 c:\temp\tmpff9v_i\31.o

.group          0x0000000000000000        0x8
 .group         0x0000000000000000        0x8 c:\temp\tmpff9v_i\31.o

.group          0x0000000000000000        0x8
 .group         0x0000000000000000        0x8 c:\temp\tmpff9v_i\31.o

.group          0x0000000000000000        0x8
 .group         0x0000000000000000        0x8 c:\temp\tmpff9v_i\31.o

.group          0x0000000000000000        0x8
 .group         0x0000000000000000        0x8 c:\temp\tmpff9v_i\31.o

.group          0x0000000000000000        0x8
 .group         0x0000000000000000        0x8 c:\temp\tmpff9v_i\31.o

.group          0x0000000000000000        0x8
 .group         0x0000000000000000        0x8 c:\temp\tmpff9v_i\31.o

.group          0x0000000000000000        0x8
 .group         0x0000000000000000        0x8 c:\temp\tmpff9v_i\31.o

.group          0x0000000000000000        0x8
 .group         0x0000000000000000        0x8 c:\temp\tmpff9v_i\32.o

.group          0x0000000000000000        0x8
 .group         0x0000000000000000        0x8 c:\temp\tmpff9v_i\32.o

.group          0x0000000000000000        0x8
 .group         0x0000000000000000        0x8 c:\temp\tmpff9v_i\41.o

.group          0x0000000000000000        0x8
 .group         0x0000000000000000        0x8 c:\temp\tmpff9v_i\41.o

.group          0x0000000000000000        0x8
 .group         0x0000000000000000        0x8 c:\temp\tmpff9v_i\41.o

.group          0x0000000000000000        0x8
 .group         0x0000000000000000        0x8 c:\temp\tmpff9v_i\42.o

.group          0x0000000000000000        0x8
 .group         0x0000000000000000        0x8 c:\temp\tmpff9v_i\42.o

.group          0x0000000000000000        0x8
 .group         0x0000000000000000        0x8 c:\temp\tmpff9v_i\42.o

.group          0x0000000000000000        0x8
 .group         0x0000000000000000        0x8 c:\temp\tmpff9v_i\45.o

.group          0x0000000000000000        0x8
 .group         0x0000000000000000        0x8 c:\temp\tmpff9v_i\54.o

.group          0x0000000000000000        0x8
 .group         0x0000000000000000        0x8 c:\temp\tmpff9v_i\55.o

.group          0x0000000000000000        0x8
 .group         0x0000000000000000        0x8 c:\temp\tmpff9v_i\55.o

.group          0x0000000000000000        0x8
 .group         0x0000000000000000        0x8 c:\temp\tmpff9v_i\55.o

.group          0x0000000000000000        0x8
 .group         0x0000000000000000        0x8 c:\temp\tmpff9v_i\58.o

.group          0x0000000000000000        0x8
 .group         0x0000000000000000        0x8 c:\temp\tmpff9v_i\61.o

.group          0x0000000000000000        0x8
 .group         0x0000000000000000        0x8 c:\temp\tmpff9v_i\61.o

.group          0x0000000000000000        0x8
 .group         0x0000000000000000        0x8 c:\temp\tmpff9v_i\61.o

.group          0x0000000000000000        0x8
 .group         0x0000000000000000        0x8 c:\temp\tmpff9v_i\62.o

.group          0x0000000000000000        0x8
 .group         0x0000000000000000        0x8 c:\temp\tmpff9v_i\62.o

.group          0x0000000000000000        0x8
 .group         0x0000000000000000        0x8 c:\temp\tmpff9v_i\62.o

.group          0x0000000000000000        0x8
 .group         0x0000000000000000        0x8 c:\temp\tmpff9v_i\63.o

.group          0x0000000000000000        0x8
 .group         0x0000000000000000        0x8 c:\temp\tmpff9v_i\63.o

.group          0x0000000000000000        0x8
 .group         0x0000000000000000        0x8 c:\temp\tmpff9v_i\63.o

.group          0x0000000000000000        0x8
 .group         0x0000000000000000        0x8 c:\temp\tmpff9v_i\64.o

.group          0x0000000000000000        0x8
 .group         0x0000000000000000        0x8 c:\temp\tmpff9v_i\64.o

.group          0x0000000000000000        0x8
 .group         0x0000000000000000        0x8 c:\temp\tmpff9v_i\64.o

.group          0x0000000000000000        0x8
 .group         0x0000000000000000        0x8 c:\temp\tmpff9v_i\65.o

.group          0x0000000000000000        0x8
 .group         0x0000000000000000        0x8 c:\temp\tmpff9v_i\65.o

.group          0x0000000000000000        0x8
 .group         0x0000000000000000        0x8 c:\temp\tmpff9v_i\65.o

.group          0x0000000000000000        0x8
 .group         0x0000000000000000        0x8 c:\temp\tmpff9v_i\66.o

.group          0x0000000000000000        0x8
 .group         0x0000000000000000        0x8 c:\temp\tmpff9v_i\66.o

.group          0x0000000000000000        0x8
 .group         0x0000000000000000        0x8 c:\temp\tmpff9v_i\66.o

.group          0x0000000000000000        0x8
 .group         0x0000000000000000        0x8 c:\temp\tmpff9v_i\67.o

.group          0x0000000000000000        0x8
 .group         0x0000000000000000        0x8 c:\temp\tmpff9v_i\67.o

.group          0x0000000000000000        0x8
 .group         0x0000000000000000        0x8 c:\temp\tmpff9v_i\67.o

.group          0x0000000000000000        0x8
 .group         0x0000000000000000        0x8 c:\temp\tmpff9v_i\68.o

.group          0x0000000000000000        0x8
 .group         0x0000000000000000        0x8 c:\temp\tmpff9v_i\68.o

.group          0x0000000000000000        0x8
 .group         0x0000000000000000        0x8 c:\temp\tmpff9v_i\68.o

.group          0x0000000000000000        0x8
 .group         0x0000000000000000        0x8 c:\temp\tmpff9v_i\69.o

.group          0x0000000000000000        0x8
 .group         0x0000000000000000        0x8 c:\temp\tmpff9v_i\69.o

.group          0x0000000000000000        0x8
 .group         0x0000000000000000        0x8 c:\temp\tmpff9v_i\69.o

.group          0x0000000000000000        0x8
 .group         0x0000000000000000        0x8 c:\temp\tmpff9v_i\70.o

.group          0x0000000000000000        0x8
 .group         0x0000000000000000        0x8 c:\temp\tmpff9v_i\70.o

.group          0x0000000000000000        0x8
 .group         0x0000000000000000        0x8 c:\temp\tmpff9v_i\70.o

.group          0x0000000000000000        0x8
 .group         0x0000000000000000        0x8 c:\temp\tmpff9v_i\71.o

.group          0x0000000000000000        0x8
 .group         0x0000000000000000        0x8 c:\temp\tmpff9v_i\73.o

.group          0x0000000000000000        0x8
 .group         0x0000000000000000        0x8 c:\temp\tmpff9v_i\73.o

.group          0x0000000000000000        0x8
 .group         0x0000000000000000        0x8 c:\temp\tmpff9v_i\73.o

.group          0x0000000000000000        0x8
 .group         0x0000000000000000        0x8 c:\temp\tmpff9v_i\73.o

.group          0x0000000000000000        0x8
 .group         0x0000000000000000        0x8 c:\temp\tmpff9v_i\74.o

.group          0x0000000000000000        0x8
 .group         0x0000000000000000        0x8 c:\temp\tmpff9v_i\74.o

.group          0x0000000000000000        0x8
 .group         0x0000000000000000        0x8 c:\temp\tmpff9v_i\74.o

.group          0x0000000000000000        0x8
 .group         0x0000000000000000        0x8 c:\temp\tmpff9v_i\75.o

.group          0x0000000000000000        0x8
 .group         0x0000000000000000        0x8 c:\temp\tmpff9v_i\77.o

.group          0x0000000000000000        0x8
 .group         0x0000000000000000        0x8 c:\temp\tmpff9v_i\77.o

.group          0x0000000000000000        0x8
 .group         0x0000000000000000        0x8 c:\temp\tmpff9v_i\78.o

.group          0x0000000000000000        0x8
 .group         0x0000000000000000        0x8 c:\temp\tmpff9v_i\78.o

.group          0x0000000000000000        0x8
 .group         0x0000000000000000        0x8 c:\temp\tmpff9v_i\78.o

.group          0x0000000000000000        0x8
 .group         0x0000000000000000        0x8 c:\temp\tmpff9v_i\79.o

.group          0x0000000000000000        0x8
 .group         0x0000000000000000        0x8 c:\temp\tmpff9v_i\79.o

.group          0x0000000000000000        0x8
 .group         0x0000000000000000        0x8 c:\temp\tmpff9v_i\79.o

.group          0x0000000000000000        0x8
 .group         0x0000000000000000        0x8 c:\temp\tmpff9v_i\80.o

.group          0x0000000000000000        0x8
 .group         0x0000000000000000        0x8 c:\temp\tmpff9v_i\81.o

.group          0x0000000000000000        0x8
 .group         0x0000000000000000        0x8 c:\temp\tmpff9v_i\81.o

.group          0x0000000000000000        0x8
 .group         0x0000000000000000        0x8 c:\temp\tmpff9v_i\81.o

.group          0x0000000000000000        0x8
 .group         0x0000000000000000        0x8 c:\temp\tmpff9v_i\82.o

.group          0x0000000000000000        0x8
 .group         0x0000000000000000        0x8 c:\temp\tmpff9v_i\82.o

.group          0x0000000000000000        0x8
 .group         0x0000000000000000        0x8 c:\temp\tmpff9v_i\82.o

.group          0x0000000000000000        0x8
 .group         0x0000000000000000        0x8 c:\temp\tmpff9v_i\83.o

.group          0x0000000000000000        0x8
 .group         0x0000000000000000        0x8 c:\temp\tmpff9v_i\84.o

.group          0x0000000000000000        0x8
 .group         0x0000000000000000        0x8 c:\temp\tmpff9v_i\85.o

.group          0x0000000000000000        0x8
 .group         0x0000000000000000        0x8 c:\temp\tmpff9v_i\85.o

.group          0x0000000000000000        0x8
 .group         0x0000000000000000        0x8 c:\temp\tmpff9v_i\85.o

.group          0x0000000000000000        0x8
 .group         0x0000000000000000        0x8 c:\temp\tmpff9v_i\85.o

.group          0x0000000000000000        0x8
 .group         0x0000000000000000        0x8 c:\temp\tmpff9v_i\85.o

.group          0x0000000000000000        0x8
 .group         0x0000000000000000        0x8 c:\temp\tmpff9v_i\85.o

.group          0x0000000000000000        0x8
 .group         0x0000000000000000        0x8 c:\temp\tmpff9v_i\85.o

.group          0x0000000000000000        0x8
 .group         0x0000000000000000        0x8 c:\temp\tmpff9v_i\85.o

.group          0x0000000000000000        0x8
 .group         0x0000000000000000        0x8 c:\temp\tmpff9v_i\85.o

.group          0x0000000000000000        0x8
 .group         0x0000000000000000        0x8 c:\temp\tmpff9v_i\85.o

.group          0x0000000000000000        0x8
 .group         0x0000000000000000        0x8 c:\temp\tmpff9v_i\85.o

.group          0x0000000000000000        0x8
 .group         0x0000000000000000        0x8 c:\temp\tmpff9v_i\85.o

.group          0x0000000000000000        0x8
 .group         0x0000000000000000        0x8 c:\temp\tmpff9v_i\85.o

.group          0x0000000000000000        0x8
 .group         0x0000000000000000        0x8 c:\temp\tmpff9v_i\85.o

.group          0x0000000000000000        0x8
 .group         0x0000000000000000        0x8 c:\temp\tmpff9v_i\85.o

.group          0x0000000000000000        0x8
 .group         0x0000000000000000        0x8 c:\temp\tmpff9v_i\85.o

.group          0x0000000000000000        0x8
 .group         0x0000000000000000        0x8 c:\temp\tmpff9v_i\85.o

.group          0x0000000000000000        0x8
 .group         0x0000000000000000        0x8 c:\temp\tmpff9v_i\85.o

.group          0x0000000000000000        0x8
 .group         0x0000000000000000        0x8 c:\temp\tmpff9v_i\85.o

.group          0x0000000000000000        0x8
 .group         0x0000000000000000        0x8 c:\temp\tmpff9v_i\85.o

.group          0x0000000000000000        0x8
 .group         0x0000000000000000        0x8 c:\temp\tmpff9v_i\85.o

.group          0x0000000000000000        0x8
 .group         0x0000000000000000        0x8 c:\temp\tmpff9v_i\85.o

.group          0x0000000000000000        0x8
 .group         0x0000000000000000        0x8 c:\temp\tmpff9v_i\85.o

.group          0x0000000000000000        0x8
 .group         0x0000000000000000        0x8 c:\temp\tmpff9v_i\85.o

.group          0x0000000000000000        0x8
 .group         0x0000000000000000        0x8 c:\temp\tmpff9v_i\85.o

.group          0x0000000000000000        0x8
 .group         0x0000000000000000        0x8 c:\temp\tmpff9v_i\85.o

.group          0x0000000000000000        0x8
 .group         0x0000000000000000        0x8 c:\temp\tmpff9v_i\85.o

.group          0x0000000000000000        0x8
 .group         0x0000000000000000        0x8 c:\temp\tmpff9v_i\85.o

.group          0x0000000000000000        0x8
 .group         0x0000000000000000        0x8 c:\temp\tmpff9v_i\85.o

.group          0x0000000000000000        0x8
 .group         0x0000000000000000        0x8 c:\temp\tmpff9v_i\85.o

.group          0x0000000000000000        0x8
 .group         0x0000000000000000        0x8 c:\temp\tmpff9v_i\85.o

.group          0x0000000000000000        0x8
 .group         0x0000000000000000        0x8 c:\temp\tmpff9v_i\85.o

.group          0x0000000000000000        0x8
 .group         0x0000000000000000        0x8 c:\temp\tmpff9v_i\85.o

.group          0x0000000000000000        0x8
 .group         0x0000000000000000        0x8 c:\temp\tmpff9v_i\86.o

.group          0x0000000000000000        0x8
 .group         0x0000000000000000        0x8 c:\temp\tmpff9v_i\86.o

.group          0x0000000000000000        0x8
 .group         0x0000000000000000        0x8 c:\temp\tmpff9v_i\86.o

.group          0x0000000000000000        0x8
 .group         0x0000000000000000        0x8 c:\temp\tmpff9v_i\87.o

.group          0x0000000000000000        0x8
 .group         0x0000000000000000        0x8 c:\temp\tmpff9v_i\87.o

.group          0x0000000000000000        0x8
 .group         0x0000000000000000        0x8 c:\temp\tmpff9v_i\90.o

.group          0x0000000000000000        0x8
 .group         0x0000000000000000        0x8 c:\temp\tmpff9v_i\97.o

.group          0x0000000000000000        0x8
 .group         0x0000000000000000        0x8 c:\temp\tmpff9v_i\98.o

.group          0x0000000000000000        0x8
 .group         0x0000000000000000        0x8 c:\temp\tmpff9v_i\103.o

.group          0x0000000000000000        0x8
 .group         0x0000000000000000        0x8 c:\temp\tmpff9v_i\108.o

.group          0x0000000000000000        0x8
 .group         0x0000000000000000        0x8 c:\temp\tmpff9v_i\108.o

.group          0x0000000000000000        0x8
 .group         0x0000000000000000        0x8 c:\temp\tmpff9v_i\108.o

.group          0x0000000000000000        0x8
 .group         0x0000000000000000        0x8 c:\temp\tmpff9v_i\108.o

.group          0x0000000000000000        0x8
 .group         0x0000000000000000        0x8 c:\temp\tmpff9v_i\108.o

.group          0x0000000000000000        0x8
 .group         0x0000000000000000        0x8 c:\temp\tmpff9v_i\108.o

.group          0x0000000000000000        0x8
 .group         0x0000000000000000        0x8 c:\temp\tmpff9v_i\108.o

.group          0x0000000000000000        0x8
 .group         0x0000000000000000        0x8 c:\temp\tmpff9v_i\108.o

.group          0x0000000000000000        0x8
 .group         0x0000000000000000        0x8 c:\temp\tmpff9v_i\108.o

.group          0x0000000000000000        0x8
 .group         0x0000000000000000        0x8 c:\temp\tmpff9v_i\108.o

.group          0x0000000000000000        0x8
 .group         0x0000000000000000        0x8 c:\temp\tmpff9v_i\108.o

.group          0x0000000000000000        0x8
 .group         0x0000000000000000        0x8 c:\temp\tmpff9v_i\108.o

.group          0x0000000000000000        0x8
 .group         0x0000000000000000        0x8 c:\temp\tmpff9v_i\108.o

.group          0x0000000000000000        0x8
 .group         0x0000000000000000        0x8 c:\temp\tmpff9v_i\108.o

.group          0x0000000000000000        0x8
 .group         0x0000000000000000        0x8 c:\temp\tmpff9v_i\108.o

.group          0x0000000000000000        0x8
 .group         0x0000000000000000        0x8 c:\temp\tmpff9v_i\108.o

.group          0x0000000000000000        0x8
 .group         0x0000000000000000        0x8 c:\temp\tmpff9v_i\108.o

.group          0x0000000000000000        0x8
 .group         0x0000000000000000        0x8 c:\temp\tmpff9v_i\108.o

.group          0x0000000000000000        0x8
 .group         0x0000000000000000        0x8 c:\temp\tmpff9v_i\108.o

.group          0x0000000000000000        0x8
 .group         0x0000000000000000        0x8 c:\temp\tmpff9v_i\108.o

.group          0x0000000000000000        0x8
 .group         0x0000000000000000        0x8 c:\temp\tmpff9v_i\108.o

.group          0x0000000000000000        0x8
 .group         0x0000000000000000        0x8 c:\temp\tmpff9v_i\108.o

.group          0x0000000000000000        0x8
 .group         0x0000000000000000        0x8 c:\temp\tmpff9v_i\108.o

.group          0x0000000000000000        0x8
 .group         0x0000000000000000        0x8 c:\temp\tmpff9v_i\108.o

.group          0x0000000000000000        0x8
 .group         0x0000000000000000        0x8 c:\temp\tmpff9v_i\108.o

.group          0x0000000000000000        0x8
 .group         0x0000000000000000        0x8 c:\temp\tmpff9v_i\108.o

.group          0x0000000000000000        0x8
 .group         0x0000000000000000        0x8 c:\temp\tmpff9v_i\108.o

.group          0x0000000000000000        0x8
 .group         0x0000000000000000        0x8 c:\temp\tmpff9v_i\108.o

.group          0x0000000000000000        0x8
 .group         0x0000000000000000        0x8 c:\temp\tmpff9v_i\108.o

.group          0x0000000000000000        0x8
 .group         0x0000000000000000        0x8 c:\temp\tmpff9v_i\108.o

.group          0x0000000000000000        0x8
 .group         0x0000000000000000        0x8 c:\temp\tmpff9v_i\108.o

.group          0x0000000000000000        0x8
 .group         0x0000000000000000        0x8 c:\temp\tmpff9v_i\108.o

.group          0x0000000000000000        0x8
 .group         0x0000000000000000        0x8 c:\temp\tmpff9v_i\108.o
